Archive member included to satisfy reference by file (symbol)

C:/ST/STM32CubeIDE_1.17.0/STM32CubeIDE/plugins/com.st.stm32cube.ide.mcu.externaltools.gnu-tools-for-stm32.12.3.rel1.win32_1.1.0.202410251130/tools/bin/../lib/gcc/arm-none-eabi/12.3.1/../../../../arm-none-eabi/lib/thumb/v7-m/nofp\libc_nano.a(libc_a-exit.o)
                              C:/ST/STM32CubeIDE_1.17.0/STM32CubeIDE/plugins/com.st.stm32cube.ide.mcu.externaltools.gnu-tools-for-stm32.12.3.rel1.win32_1.1.0.202410251130/tools/bin/../lib/gcc/arm-none-eabi/12.3.1/../../../../arm-none-eabi/lib/thumb/v7-m/nofp/crt0.o (exit)
C:/ST/STM32CubeIDE_1.17.0/STM32CubeIDE/plugins/com.st.stm32cube.ide.mcu.externaltools.gnu-tools-for-stm32.12.3.rel1.win32_1.1.0.202410251130/tools/bin/../lib/gcc/arm-none-eabi/12.3.1/../../../../arm-none-eabi/lib/thumb/v7-m/nofp\libc_nano.a(libc_a-findfp.o)
                              C:/ST/STM32CubeIDE_1.17.0/STM32CubeIDE/plugins/com.st.stm32cube.ide.mcu.externaltools.gnu-tools-for-stm32.12.3.rel1.win32_1.1.0.202410251130/tools/bin/../lib/gcc/arm-none-eabi/12.3.1/../../../../arm-none-eabi/lib/thumb/v7-m/nofp\libc_nano.a(libc_a-exit.o) (__stdio_exit_handler)
C:/ST/STM32CubeIDE_1.17.0/STM32CubeIDE/plugins/com.st.stm32cube.ide.mcu.externaltools.gnu-tools-for-stm32.12.3.rel1.win32_1.1.0.202410251130/tools/bin/../lib/gcc/arm-none-eabi/12.3.1/../../../../arm-none-eabi/lib/thumb/v7-m/nofp\libc_nano.a(libc_a-fwalk.o)
                              C:/ST/STM32CubeIDE_1.17.0/STM32CubeIDE/plugins/com.st.stm32cube.ide.mcu.externaltools.gnu-tools-for-stm32.12.3.rel1.win32_1.1.0.202410251130/tools/bin/../lib/gcc/arm-none-eabi/12.3.1/../../../../arm-none-eabi/lib/thumb/v7-m/nofp\libc_nano.a(libc_a-findfp.o) (_fwalk_sglue)
C:/ST/STM32CubeIDE_1.17.0/STM32CubeIDE/plugins/com.st.stm32cube.ide.mcu.externaltools.gnu-tools-for-stm32.12.3.rel1.win32_1.1.0.202410251130/tools/bin/../lib/gcc/arm-none-eabi/12.3.1/../../../../arm-none-eabi/lib/thumb/v7-m/nofp\libc_nano.a(libc_a-stdio.o)
                              C:/ST/STM32CubeIDE_1.17.0/STM32CubeIDE/plugins/com.st.stm32cube.ide.mcu.externaltools.gnu-tools-for-stm32.12.3.rel1.win32_1.1.0.202410251130/tools/bin/../lib/gcc/arm-none-eabi/12.3.1/../../../../arm-none-eabi/lib/thumb/v7-m/nofp\libc_nano.a(libc_a-findfp.o) (__sread)
C:/ST/STM32CubeIDE_1.17.0/STM32CubeIDE/plugins/com.st.stm32cube.ide.mcu.externaltools.gnu-tools-for-stm32.12.3.rel1.win32_1.1.0.202410251130/tools/bin/../lib/gcc/arm-none-eabi/12.3.1/../../../../arm-none-eabi/lib/thumb/v7-m/nofp\libc_nano.a(libc_a-memset.o)
                              C:/ST/STM32CubeIDE_1.17.0/STM32CubeIDE/plugins/com.st.stm32cube.ide.mcu.externaltools.gnu-tools-for-stm32.12.3.rel1.win32_1.1.0.202410251130/tools/bin/../lib/gcc/arm-none-eabi/12.3.1/../../../../arm-none-eabi/lib/thumb/v7-m/nofp/crt0.o (memset)
C:/ST/STM32CubeIDE_1.17.0/STM32CubeIDE/plugins/com.st.stm32cube.ide.mcu.externaltools.gnu-tools-for-stm32.12.3.rel1.win32_1.1.0.202410251130/tools/bin/../lib/gcc/arm-none-eabi/12.3.1/../../../../arm-none-eabi/lib/thumb/v7-m/nofp\libc_nano.a(libc_a-closer.o)
                              C:/ST/STM32CubeIDE_1.17.0/STM32CubeIDE/plugins/com.st.stm32cube.ide.mcu.externaltools.gnu-tools-for-stm32.12.3.rel1.win32_1.1.0.202410251130/tools/bin/../lib/gcc/arm-none-eabi/12.3.1/../../../../arm-none-eabi/lib/thumb/v7-m/nofp\libc_nano.a(libc_a-stdio.o) (_close_r)
C:/ST/STM32CubeIDE_1.17.0/STM32CubeIDE/plugins/com.st.stm32cube.ide.mcu.externaltools.gnu-tools-for-stm32.12.3.rel1.win32_1.1.0.202410251130/tools/bin/../lib/gcc/arm-none-eabi/12.3.1/../../../../arm-none-eabi/lib/thumb/v7-m/nofp\libc_nano.a(libc_a-reent.o)
                              C:/ST/STM32CubeIDE_1.17.0/STM32CubeIDE/plugins/com.st.stm32cube.ide.mcu.externaltools.gnu-tools-for-stm32.12.3.rel1.win32_1.1.0.202410251130/tools/bin/../lib/gcc/arm-none-eabi/12.3.1/../../../../arm-none-eabi/lib/thumb/v7-m/nofp\libc_nano.a(libc_a-closer.o) (errno)
C:/ST/STM32CubeIDE_1.17.0/STM32CubeIDE/plugins/com.st.stm32cube.ide.mcu.externaltools.gnu-tools-for-stm32.12.3.rel1.win32_1.1.0.202410251130/tools/bin/../lib/gcc/arm-none-eabi/12.3.1/../../../../arm-none-eabi/lib/thumb/v7-m/nofp\libc_nano.a(libc_a-impure.o)
                              C:/ST/STM32CubeIDE_1.17.0/STM32CubeIDE/plugins/com.st.stm32cube.ide.mcu.externaltools.gnu-tools-for-stm32.12.3.rel1.win32_1.1.0.202410251130/tools/bin/../lib/gcc/arm-none-eabi/12.3.1/../../../../arm-none-eabi/lib/thumb/v7-m/nofp\libc_nano.a(libc_a-reent.o) (_impure_ptr)
C:/ST/STM32CubeIDE_1.17.0/STM32CubeIDE/plugins/com.st.stm32cube.ide.mcu.externaltools.gnu-tools-for-stm32.12.3.rel1.win32_1.1.0.202410251130/tools/bin/../lib/gcc/arm-none-eabi/12.3.1/../../../../arm-none-eabi/lib/thumb/v7-m/nofp\libc_nano.a(libc_a-lseekr.o)
[...]
Memory Configuration

Name             Origin             Length             Attributes
RAM              0x20000000         0x00005000         xrw
FLASH            0x08000000         0x00010000         xr
*default*        0x00000000         0xffffffff

Linker script and memory map

LOAD C:/ST/STM32CubeIDE_1.17.0/STM32CubeIDE/plugins/com.st.stm32cube.ide.mcu.externaltools.gnu-tools-for-stm32.12.3.rel1.win32_1.1.0.202410251130/tools/bin/../lib/gcc/arm-none-eabi/12.3.1/thumb/v7-m/nofp/crti.o
LOAD C:/ST/STM32CubeIDE_1.17.0/STM32CubeIDE/plugins/com.st.stm32cube.ide.mcu.externaltools.gnu-tools-for-stm32.12.3.rel1.win32_1.1.0.202410251130/tools/bin/../lib/gcc/arm-none-eabi/12.3.1/thumb/v7-m/nofp/crtbegin.o
LOAD C:/ST/STM32CubeIDE_1.17.0/STM32CubeIDE/plugins/com.st.stm32cube.ide.mcu.externaltools.gnu-tools-for-stm32.12.3.rel1.win32_1.1.0.202410251130/tools/bin/../lib/gcc/arm-none-eabi/12.3.1/../../../../arm-none-eabi/lib/thumb/v7-m/nofp/crt0.o
LOAD ./Core/Src/GeneralRemoote.o
LOAD ./Core/Src/IRRemote.o
LOAD ./Core/Src/NTC.o
LOAD ./Core/Src/SegmentsDriver.o
LOAD ./Core/Src/adc.o
LOAD ./Core/Src/gpio.o
LOAD ./Core/Src/i2c.o
LOAD ./Core/Src/main.o
LOAD ./Core/Src/stm32f1xx_hal_msp.o
LOAD ./Core/Src/stm32f1xx_it.o
LOAD ./Core/Src/syscalls.o
LOAD ./Core/Src/sysmem.o
LOAD ./Core/Src/system_stm32f1xx.o
LOAD ./Core/Src/tim.o
LOAD ./Core/Startup/startup_stm32f103c8tx.o
LOAD ./Drivers/STM32F1xx_HAL_Driver/Src/stm32f1xx_hal.o
LOAD ./Drivers/STM32F1xx_HAL_Driver/Src/stm32f1xx_hal_adc.o
LOAD ./Drivers/STM32F1xx_HAL_Driver/Src/stm32f1xx_hal_adc_ex.o
LOAD ./Drivers/STM32F1xx_HAL_Driver/Src/stm32f1xx_hal_cortex.o
LOAD ./Drivers/STM32F1xx_HAL_Driver/Src/stm32f1xx_hal_dma.o
LOAD ./Drivers/STM32F1xx_HAL_Driver/Src/stm32f1xx_hal_exti.o
LOAD ./Drivers/STM32F1xx_HAL_Driver/Src/stm32f1xx_hal_flash.o
LOAD ./Drivers/STM32F1xx_HAL_Driver/Src/stm32f1xx_hal_flash_ex.o
LOAD ./Drivers/STM32F1xx_HAL_Driver/Src/stm32f1xx_hal_gpio.o
LOAD ./Drivers/STM32F1xx_HAL_Driver/Src/stm32f1xx_hal_gpio_ex.o
LOAD ./Drivers/STM32F1xx_HAL_Driver/Src/stm32f1xx_hal_i2c.o
LOAD ./Drivers/STM32F1xx_HAL_Driver/Src/stm32f1xx_hal_pwr.o
LOAD ./Drivers/STM32F1xx_HAL_Driver/Src/stm32f1xx_hal_rcc.o
LOAD ./Drivers/STM32F1xx_HAL_Driver/Src/stm32f1xx_hal_rcc_ex.o
LOAD ./Drivers/STM32F1xx_HAL_Driver/Src/stm32f1xx_hal_tim.o
LOAD ./Drivers/STM32F1xx_HAL_Driver/Src/stm32f1xx_hal_tim_ex.o
START GROUP
LOAD C:/ST/STM32CubeIDE_1.17.0/STM32CubeIDE/plugins/com.st.stm32cube.ide.mcu.externaltools.gnu-tools-for-stm32.12.3.rel1.win32_1.1.0.202410251130/tools/bin/../lib/gcc/arm-none-eabi/12.3.1/../../../../arm-none-eabi/lib/thumb/v7-m/nofp\libc_nano.a
LOAD C:/ST/STM32CubeIDE_1.17.0/STM32CubeIDE/plugins/com.st.stm32cube.ide.mcu.externaltools.gnu-tools-for-stm32.12.3.rel1.win32_1.1.0.202410251130/tools/bin/../lib/gcc/arm-none-eabi/12.3.1/../../../../arm-none-eabi/lib/thumb/v7-m/nofp\libm.a
END GROUP
START GROUP
LOAD C:/ST/STM32CubeIDE_1.17.0/STM32CubeIDE/plugins/com.st.stm32cube.ide.mcu.externaltools.gnu-tools-for-stm32.12.3.rel1.win32_1.1.0.202410251130/tools/bin/../lib/gcc/arm-none-eabi/12.3.1/thumb/v7-m/nofp\libgcc.a
LOAD C:/ST/STM32CubeIDE_1.17.0/STM32CubeIDE/plugins/com.st.stm32cube.ide.mcu.externaltools.gnu-tools-for-stm32.12.3.rel1.win32_1.1.0.202410251130/tools/bin/../lib/gcc/arm-none-eabi/12.3.1/../../../../arm-none-eabi/lib/thumb/v7-m/nofp\libc_nano.a
END GROUP
START GROUP
LOAD C:/ST/STM32CubeIDE_1.17.0/STM32CubeIDE/plugins/com.st.stm32cube.ide.mcu.externaltools.gnu-tools-for-stm32.12.3.rel1.win32_1.1.0.202410251130/tools/bin/../lib/gcc/arm-none-eabi/12.3.1/thumb/v7-m/nofp\libgcc.a
LOAD C:/ST/STM32CubeIDE_1.17.0/STM32CubeIDE/plugins/com.st.stm32cube.ide.mcu.externaltools.gnu-tools-for-stm32.12.3.rel1.win32_1.1.0.202410251130/tools/bin/../lib/gcc/arm-none-eabi/12.3.1/../../../../arm-none-eabi/lib/thumb/v7-m/nofp\libc_nano.a
LOAD C:/ST/STM32CubeIDE_1.17.0/STM32CubeIDE/plugins/com.st.stm32cube.ide.mcu.externaltools.gnu-tools-for-stm32.12.3.rel1.win32_1.1.0.202410251130/tools/bin/../lib/gcc/arm-none-eabi/12.3.1/../../../../arm-none-eabi/lib/thumb/v7-m/nofp\libnosys.a
END GROUP
START GROUP
LOAD C:/ST/STM32CubeIDE_1.17.0/STM32CubeIDE/plugins/com.st.stm32cube.ide.mcu.externaltools.gnu-tools-for-stm32.12.3.rel1.win32_1.1.0.202410251130/tools/bin/../lib/gcc/arm-none-eabi/12.3.1/thumb/v7-m/nofp\libgcc.a
LOAD C:/ST/STM32CubeIDE_1.17.0/STM32CubeIDE/plugins/com.st.stm32cube.ide.mcu.externaltools.gnu-tools-for-stm32.12.3.rel1.win32_1.1.0.202410251130/tools/bin/../lib/gcc/arm-none-eabi/12.3.1/../../../../arm-none-eabi/lib/thumb/v7-m/nofp\libc_nano.a
LOAD C:/ST/STM32CubeIDE_1.17.0/STM32CubeIDE/plugins/com.st.stm32cube.ide.mcu.externaltools.gnu-tools-for-stm32.12.3.rel1.win32_1.1.0.202410251130/tools/bin/../lib/gcc/arm-none-eabi/12.3.1/../../../../arm-none-eabi/lib/thumb/v7-m/nofp\libnosys.a
END GROUP
LOAD C:/ST/STM32CubeIDE_1.17.0/STM32CubeIDE/plugins/com.st.stm32cube.ide.mcu.externaltools.gnu-tools-for-stm32.12.3.rel1.win32_1.1.0.202410251130/tools/bin/../lib/gcc/arm-none-eabi/12.3.1/thumb/v7-m/nofp/crtend.o
LOAD C:/ST/STM32CubeIDE_1.17.0/STM32CubeIDE/plugins/com.st.stm32cube.ide.mcu.externaltools.gnu-tools-for-stm32.12.3.rel1.win32_1.1.0.202410251130/tools/bin/../lib/gcc/arm-none-eabi/12.3.1/thumb/v7-m/nofp/crtn.o
                0x20005000                        _estack = (ORIGIN (RAM) + LENGTH (RAM))
                0x00000200                        _Min_Heap_Size = 0x200
                0x00000400                        _Min_Stack_Size = 0x400

.isr_vector     0x08000000      0x10c
                0x08000000                        . = ALIGN (0x4)
 *(.isr_vector)
 .isr_vector    0x08000000      0x10c ./Core/Startup/startup_stm32f103c8tx.o
                0x08000000                g_pfnVectors
                0x0800010c                        . = ALIGN (0x4)

.text           0x0800010c     0x5830
                0x0800010c                        . = ALIGN (0x4)
 *(.text)
 .text          0x0800010c       0x40 C:/ST/STM32CubeIDE_1.17.0/STM32CubeIDE/plugins/com.st.stm32cube.ide.mcu.externaltools.gnu-tools-for-stm32.12.3.rel1.win32_1.1.0.202410251130/tools/bin/../lib/gcc/arm-none-eabi/12.3.1/thumb/v7-m/nofp/crtbegin.o
 *(.text*)
 .text.Haamin_Remote
                0x0800014c      0x740 ./Core/Src/GeneralRemoote.o
                0x0800014c                Haamin_Remote
 .text.Haamin_NumberKey
                0x0800088c       0xbc ./Core/Src/GeneralRemoote.o
                0x0800088c                Haamin_NumberKey
 .text.Buzz     0x08000948       0x40 ./Core/Src/GeneralRemoote.o
                0x08000948                Buzz
 .text.IR_SetTimeArrayValues
                0x08000988       0x7c ./Core/Src/IRRemote.o
                0x08000988                IR_SetTimeArrayValues
 .text.Ir_AnalyzeTimeArrayValues
                0x08000a04      0x118 ./Core/Src/IRRemote.o
                0x08000a04                Ir_AnalyzeTimeArrayValues
 .text.Ir_GetData
                0x08000b1c       0x2c ./Core/Src/IRRemote.o
                0x08000b1c                Ir_GetData
 .text.Ir_ResetRunning
                0x08000b48       0x20 ./Core/Src/IRRemote.o
                0x08000b48                Ir_ResetRunning
 .text.Segments_Scan
                0x08000b68      0x180 ./Core/Src/SegmentsDriver.o
                0x08000b68                Segments_Scan
 .text.Segment_Map
                0x08000ce8      0xa5c ./Core/Src/SegmentsDriver.o
                0x08000ce8                Segment_Map
 .text.Segment_Set
                0x08001744       0x28 ./Core/Src/SegmentsDriver.o
                0x08001744                Segment_Set
 .text.MX_ADC1_Init
                0x0800176c       0x7c ./Core/Src/adc.o
                0x0800176c                MX_ADC1_Init
 .text.HAL_ADC_MspInit
                0x080017e8       0x78 ./Core/Src/adc.o
                0x080017e8                HAL_ADC_MspInit
 .text.MX_GPIO_Init
                0x08001860      0x1b4 ./Core/Src/gpio.o
                0x08001860                MX_GPIO_Init
 .text.MX_I2C2_Init
                0x08001a14       0x5c ./Core/Src/i2c.o
                0x08001a14                MX_I2C2_Init
 .text.HAL_I2C_MspInit
                0x08001a70       0x80 ./Core/Src/i2c.o
                0x08001a70                HAL_I2C_MspInit
 .text.BCD_to_Decimal
                0x08001af0       0x30 ./Core/Src/main.o
                0x08001af0                BCD_to_Decimal
 .text.Decimal_to_BCD
                0x08001b20       0x48 ./Core/Src/main.o
                0x08001b20                Decimal_to_BCD
 .text.DS3231_WriteTime
                0x08001b68       0x62 ./Core/Src/main.o
                0x08001b68                DS3231_WriteTime
 .text.DS3231_ReadTime
                0x08001bca       0x62 ./Core/Src/main.o
                0x08001bca                DS3231_ReadTime
 .text.DS3231_EnableSQW1Hz
                0x08001c2c       0x30 ./Core/Src/main.o
                0x08001c2c                DS3231_EnableSQW1Hz
 .text.main     0x08001c5c      0x960 ./Core/Src/main.o
                0x08001c5c                main
 .text.SystemClock_Config
                0x080025bc       0xb8 ./Core/Src/main.o
                0x080025bc                SystemClock_Config
 .text.Time_Update
                0x08002674       0xbc ./Core/Src/main.o
                0x08002674                Time_Update
 .text.Chaleng_Timer
                0x08002730       0x54 ./Core/Src/main.o
                0x08002730                Chaleng_Timer
 .text.Error_Handler
                0x08002784        0xc ./Core/Src/main.o
                0x08002784                Error_Handler
 .text.HAL_MspInit
                0x08002790       0x64 ./Core/Src/stm32f1xx_hal_msp.o
                0x08002790                HAL_MspInit
 .text.NMI_Handler
                0x080027f4        0x8 ./Core/Src/stm32f1xx_it.o
                0x080027f4                NMI_Handler
 .text.HardFault_Handler
                0x080027fc        0x8 ./Core/Src/stm32f1xx_it.o
                0x080027fc                HardFault_Handler
 .text.MemManage_Handler
                0x08002804        0x8 ./Core/Src/stm32f1xx_it.o
                0x08002804                MemManage_Handler
 .text.BusFault_Handler
                0x0800280c        0x8 ./Core/Src/stm32f1xx_it.o
                0x0800280c                BusFault_Handler
 .text.UsageFault_Handler
                0x08002814        0x8 ./Core/Src/stm32f1xx_it.o
                0x08002814                UsageFault_Handler
 .text.SVC_Handler
                0x0800281c        0xc ./Core/Src/stm32f1xx_it.o
                0x0800281c                SVC_Handler
 .text.DebugMon_Handler
                0x08002828        0xc ./Core/Src/stm32f1xx_it.o
                0x08002828                DebugMon_Handler
 .text.PendSV_Handler
                0x08002834        0xc ./Core/Src/stm32f1xx_it.o
                0x08002834                PendSV_Handler
 .text.SysTick_Handler
                0x08002840        0xc ./Core/Src/stm32f1xx_it.o
                0x08002840                SysTick_Handler
 .text.EXTI1_IRQHandler
                0x0800284c       0x12 ./Core/Src/stm32f1xx_it.o
                0x0800284c                EXTI1_IRQHandler
 *fill*         0x0800285e        0x2 
 .text.EXTI3_IRQHandler
                0x08002860       0x28 ./Core/Src/stm32f1xx_it.o
                0x08002860                EXTI3_IRQHandler
 .text.TIM2_IRQHandler
                0x08002888       0x18 ./Core/Src/stm32f1xx_it.o
                0x08002888                TIM2_IRQHandler
 .text.TIM3_IRQHandler
                0x080028a0       0x18 ./Core/Src/stm32f1xx_it.o
                0x080028a0                TIM3_IRQHandler
 .text.TIM4_IRQHandler
                0x080028b8       0x18 ./Core/Src/stm32f1xx_it.o
                0x080028b8                TIM4_IRQHandler
 .text.SystemInit
                0x080028d0        0xc ./Core/Src/system_stm32f1xx.o
                0x080028d0                SystemInit
 .text.MX_TIM2_Init
                0x080028dc       0x98 ./Core/Src/tim.o
                0x080028dc                MX_TIM2_Init
 .text.MX_TIM3_Init
                0x08002974       0x9c ./Core/Src/tim.o
                0x08002974                MX_TIM3_Init
 .text.MX_TIM4_Init
                0x08002a10       0x9c ./Core/Src/tim.o
                0x08002a10                MX_TIM4_Init
 .text.HAL_TIM_Base_MspInit
                0x08002aac       0xb8 ./Core/Src/tim.o
                0x08002aac                HAL_TIM_Base_MspInit
 .text.Reset_Handler
                0x08002b64       0x48 ./Core/Startup/startup_stm32f103c8tx.o
                0x08002b64                Reset_Handler
 .text.Default_Handler
                0x08002bac        0x2 ./Core/Startup/startup_stm32f103c8tx.o
                0x08002bac                RTC_Alarm_IRQHandler
                0x08002bac                EXTI2_IRQHandler
                0x08002bac                TIM1_CC_IRQHandler
                0x08002bac                PVD_IRQHandler
                0x08002bac                EXTI0_IRQHandler
                0x08002bac                I2C2_EV_IRQHandler
                0x08002bac                ADC1_2_IRQHandler
                0x08002bac                SPI1_IRQHandler
                0x08002bac                TAMPER_IRQHandler
                0x08002bac                DMA1_Channel4_IRQHandler
                0x08002bac                USART3_IRQHandler
                0x08002bac                RTC_IRQHandler
                0x08002bac                DMA1_Channel7_IRQHandler
                0x08002bac                CAN1_RX1_IRQHandler
                0x08002bac                I2C1_EV_IRQHandler
                0x08002bac                DMA1_Channel6_IRQHandler
                0x08002bac                RCC_IRQHandler
                0x08002bac                TIM1_TRG_COM_IRQHandler
                0x08002bac                DMA1_Channel1_IRQHandler
                0x08002bac                Default_Handler
                0x08002bac                EXTI15_10_IRQHandler
                0x08002bac                EXTI9_5_IRQHandler
                0x08002bac                SPI2_IRQHandler
                0x08002bac                DMA1_Channel5_IRQHandler
                0x08002bac                EXTI4_IRQHandler
                0x08002bac                USB_LP_CAN1_RX0_IRQHandler
                0x08002bac                USB_HP_CAN1_TX_IRQHandler
                0x08002bac                DMA1_Channel3_IRQHandler
                0x08002bac                TIM1_UP_IRQHandler
                0x08002bac                WWDG_IRQHandler
                0x08002bac                TIM1_BRK_IRQHandler
                0x08002bac                USART2_IRQHandler
                0x08002bac                I2C2_ER_IRQHandler
                0x08002bac                DMA1_Channel2_IRQHandler
                0x08002bac                CAN1_SCE_IRQHandler
                0x08002bac                FLASH_IRQHandler
                0x08002bac                USART1_IRQHandler
                0x08002bac                I2C1_ER_IRQHandler
                0x08002bac                USBWakeUp_IRQHandler
 *fill*         0x08002bae        0x2 
 .text.HAL_Init
                0x08002bb0       0x2c ./Drivers/STM32F1xx_HAL_Driver/Src/stm32f1xx_hal.o
                0x08002bb0                HAL_Init
 .text.HAL_InitTick
                0x08002bdc       0x60 ./Drivers/STM32F1xx_HAL_Driver/Src/stm32f1xx_hal.o
                0x08002bdc                HAL_InitTick
 .text.HAL_IncTick
                0x08002c3c       0x24 ./Drivers/STM32F1xx_HAL_Driver/Src/stm32f1xx_hal.o
                0x08002c3c                HAL_IncTick
 .text.HAL_GetTick
                0x08002c60       0x14 ./Drivers/STM32F1xx_HAL_Driver/Src/stm32f1xx_hal.o
                0x08002c60                HAL_GetTick
 .text.HAL_Delay
                0x08002c74       0x48 ./Drivers/STM32F1xx_HAL_Driver/Src/stm32f1xx_hal.o
                0x08002c74                HAL_Delay
 .text.HAL_ADC_Init
                0x08002cbc      0x1b0 ./Drivers/STM32F1xx_HAL_Driver/Src/stm32f1xx_hal_adc.o
                0x08002cbc                HAL_ADC_Init
 .text.HAL_ADC_ConfigChannel
                0x08002e6c      0x1f0 ./Drivers/STM32F1xx_HAL_Driver/Src/stm32f1xx_hal_adc.o
                0x08002e6c                HAL_ADC_ConfigChannel
 .text.ADC_ConversionStop_Disable
                0x0800305c       0x82 ./Drivers/STM32F1xx_HAL_Driver/Src/stm32f1xx_hal_adc.o
                0x0800305c                ADC_ConversionStop_Disable
 *fill*         0x080030de        0x2 
 .text.__NVIC_SetPriorityGrouping
                0x080030e0       0x48 ./Drivers/STM32F1xx_HAL_Driver/Src/stm32f1xx_hal_cortex.o
 .text.__NVIC_GetPriorityGrouping
                0x08003128       0x1c ./Drivers/STM32F1xx_HAL_Driver/Src/stm32f1xx_hal_cortex.o
 .text.__NVIC_EnableIRQ
                0x08003144       0x38 ./Drivers/STM32F1xx_HAL_Driver/Src/stm32f1xx_hal_cortex.o
 .text.__NVIC_SetPriority
                0x0800317c       0x54 ./Drivers/STM32F1xx_HAL_Driver/Src/stm32f1xx_hal_cortex.o
 .text.NVIC_EncodePriority
                0x080031d0       0x64 ./Drivers/STM32F1xx_HAL_Driver/Src/stm32f1xx_hal_cortex.o
 .text.SysTick_Config
                0x08003234       0x44 ./Drivers/STM32F1xx_HAL_Driver/Src/stm32f1xx_hal_cortex.o
 .text.HAL_NVIC_SetPriorityGrouping
                0x08003278       0x16 ./Drivers/STM32F1xx_HAL_Driver/Src/stm32f1xx_hal_cortex.o
                0x08003278                HAL_NVIC_SetPriorityGrouping
 .text.HAL_NVIC_SetPriority
                0x0800328e       0x38 ./Drivers/STM32F1xx_HAL_Driver/Src/stm32f1xx_hal_cortex.o
                0x0800328e                HAL_NVIC_SetPriority
 .text.HAL_NVIC_EnableIRQ
                0x080032c6       0x1c ./Drivers/STM32F1xx_HAL_Driver/Src/stm32f1xx_hal_cortex.o
                0x080032c6                HAL_NVIC_EnableIRQ
 .text.HAL_SYSTICK_Config
                0x080032e2       0x18 ./Drivers/STM32F1xx_HAL_Driver/Src/stm32f1xx_hal_cortex.o
                0x080032e2                HAL_SYSTICK_Config
 *fill*         0x080032fa        0x2 
 .text.HAL_GPIO_Init
                0x080032fc      0x308 ./Drivers/STM32F1xx_HAL_Driver/Src/stm32f1xx_hal_gpio.o
                0x080032fc                HAL_GPIO_Init
 .text.HAL_GPIO_ReadPin
                0x08003604       0x2e ./Drivers/STM32F1xx_HAL_Driver/Src/stm32f1xx_hal_gpio.o
                0x08003604                HAL_GPIO_ReadPin
 .text.HAL_GPIO_WritePin
                0x08003632       0x30 ./Drivers/STM32F1xx_HAL_Driver/Src/stm32f1xx_hal_gpio.o
                0x08003632                HAL_GPIO_WritePin
 *fill*         0x08003662        0x2 
 .text.HAL_GPIO_EXTI_IRQHandler
                0x08003664       0x30 ./Drivers/STM32F1xx_HAL_Driver/Src/stm32f1xx_hal_gpio.o
                0x08003664                HAL_GPIO_EXTI_IRQHandler
 .text.HAL_GPIO_EXTI_Callback
                0x08003694       0x14 ./Drivers/STM32F1xx_HAL_Driver/Src/stm32f1xx_hal_gpio.o
                0x08003694                HAL_GPIO_EXTI_Callback
 .text.HAL_I2C_Init
                0x080036a8      0x288 ./Drivers/STM32F1xx_HAL_Driver/Src/stm32f1xx_hal_i2c.o
                0x080036a8                HAL_I2C_Init
 .text.HAL_I2C_Mem_Write
                0x08003930      0x1f4 ./Drivers/STM32F1xx_HAL_Driver/Src/stm32f1xx_hal_i2c.o
                0x08003930                HAL_I2C_Mem_Write
 .text.HAL_I2C_Mem_Read
                0x08003b24      0x4e8 ./Drivers/STM32F1xx_HAL_Driver/Src/stm32f1xx_hal_i2c.o
                0x08003b24                HAL_I2C_Mem_Read
 .text.I2C_RequestMemoryWrite
                0x0800400c      0x12c ./Drivers/STM32F1xx_HAL_Driver/Src/stm32f1xx_hal_i2c.o
 .text.I2C_RequestMemoryRead
                0x08004138      0x1d0 ./Drivers/STM32F1xx_HAL_Driver/Src/stm32f1xx_hal_i2c.o
 .text.I2C_WaitOnFlagUntilTimeout
                0x08004308       0xf4 ./Drivers/STM32F1xx_HAL_Driver/Src/stm32f1xx_hal_i2c.o
 .text.I2C_WaitOnMasterAddressFlagUntilTimeout
                0x080043fc      0x140 ./Drivers/STM32F1xx_HAL_Driver/Src/stm32f1xx_hal_i2c.o
 .text.I2C_WaitOnTXEFlagUntilTimeout
                0x0800453c       0x90 ./Drivers/STM32F1xx_HAL_Driver/Src/stm32f1xx_hal_i2c.o
 .text.I2C_WaitOnBTFFlagUntilTimeout
                0x080045cc       0x90 ./Drivers/STM32F1xx_HAL_Driver/Src/stm32f1xx_hal_i2c.o
 .text.I2C_WaitOnRXNEFlagUntilTimeout
                0x0800465c       0xba ./Drivers/STM32F1xx_HAL_Driver/Src/stm32f1xx_hal_i2c.o
 .text.I2C_IsAcknowledgeFailed
                0x08004716       0x5c ./Drivers/STM32F1xx_HAL_Driver/Src/stm32f1xx_hal_i2c.o
 *fill*         0x08004772        0x2 
 .text.HAL_RCC_OscConfig
                0x08004774      0x504 ./Drivers/STM32F1xx_HAL_Driver/Src/stm32f1xx_hal_rcc.o
                0x08004774                HAL_RCC_OscConfig
 .text.HAL_RCC_ClockConfig
                0x08004c78      0x1d4 ./Drivers/STM32F1xx_HAL_Driver/Src/stm32f1xx_hal_rcc.o
                0x08004c78                HAL_RCC_ClockConfig
 .text.HAL_RCC_GetSysClockFreq
                0x08004e4c       0xa8 ./Drivers/STM32F1xx_HAL_Driver/Src/stm32f1xx_hal_rcc.o
                0x08004e4c                HAL_RCC_GetSysClockFreq
 .text.HAL_RCC_GetHCLKFreq
                0x08004ef4       0x14 ./Drivers/STM32F1xx_HAL_Driver/Src/stm32f1xx_hal_rcc.o
                0x08004ef4                HAL_RCC_GetHCLKFreq
 .text.HAL_RCC_GetPCLK1Freq
                0x08004f08       0x28 ./Drivers/STM32F1xx_HAL_Driver/Src/stm32f1xx_hal_rcc.o
                0x08004f08                HAL_RCC_GetPCLK1Freq
 .text.RCC_Delay
                0x08004f30       0x3c ./Drivers/STM32F1xx_HAL_Driver/Src/stm32f1xx_hal_rcc.o
 .text.HAL_RCCEx_PeriphCLKConfig
                0x08004f6c      0x16c ./Drivers/STM32F1xx_HAL_Driver/Src/stm32f1xx_hal_rcc_ex.o
                0x08004f6c                HAL_RCCEx_PeriphCLKConfig
 .text.HAL_TIM_Base_Init
                0x080050d8       0x9e ./Drivers/STM32F1xx_HAL_Driver/Src/stm32f1xx_hal_tim.o
                0x080050d8                HAL_TIM_Base_Init
 *fill*         0x08005176        0x2 
 .text.HAL_TIM_Base_Start_IT
                0x08005178       0xa4 ./Drivers/STM32F1xx_HAL_Driver/Src/stm32f1xx_hal_tim.o
                0x08005178                HAL_TIM_Base_Start_IT
 .text.HAL_TIM_IRQHandler
                0x0800521c      0x1e0 ./Drivers/STM32F1xx_HAL_Driver/Src/stm32f1xx_hal_tim.o
                0x0800521c                HAL_TIM_IRQHandler
 .text.HAL_TIM_ConfigClockSource
                0x080053fc      0x18e ./Drivers/STM32F1xx_HAL_Driver/Src/stm32f1xx_hal_tim.o
                0x080053fc                HAL_TIM_ConfigClockSource
 .text.HAL_TIM_PeriodElapsedCallback
                0x0800558a       0x12 ./Drivers/STM32F1xx_HAL_Driver/Src/stm32f1xx_hal_tim.o
                0x0800558a                HAL_TIM_PeriodElapsedCallback
 .text.HAL_TIM_OC_DelayElapsedCallback
                0x0800559c       0x12 ./Drivers/STM32F1xx_HAL_Driver/Src/stm32f1xx_hal_tim.o
                0x0800559c                HAL_TIM_OC_DelayElapsedCallback
 .text.HAL_TIM_IC_CaptureCallback
                0x080055ae       0x12 ./Drivers/STM32F1xx_HAL_Driver/Src/stm32f1xx_hal_tim.o
                0x080055ae                HAL_TIM_IC_CaptureCallback
 .text.HAL_TIM_PWM_PulseFinishedCallback
                0x080055c0       0x12 ./Drivers/STM32F1xx_HAL_Driver/Src/stm32f1xx_hal_tim.o
                0x080055c0                HAL_TIM_PWM_PulseFinishedCallback
 .text.HAL_TIM_TriggerCallback
                0x080055d2       0x12 ./Drivers/STM32F1xx_HAL_Driver/Src/stm32f1xx_hal_tim.o
                0x080055d2                HAL_TIM_TriggerCallback
 .text.TIM_Base_SetConfig
                0x080055e4       0xdc ./Drivers/STM32F1xx_HAL_Driver/Src/stm32f1xx_hal_tim.o
                0x080055e4                TIM_Base_SetConfig
 .text.TIM_TI1_ConfigInputStage
                0x080056c0       0x5c ./Drivers/STM32F1xx_HAL_Driver/Src/stm32f1xx_hal_tim.o
 .text.TIM_TI2_ConfigInputStage
                0x0800571c       0x5e ./Drivers/STM32F1xx_HAL_Driver/Src/stm32f1xx_hal_tim.o
 .text.TIM_ITRx_SetConfig
                0x0800577a       0x34 ./Drivers/STM32F1xx_HAL_Driver/Src/stm32f1xx_hal_tim.o
 .text.TIM_ETR_SetConfig
                0x080057ae       0x3e ./Drivers/STM32F1xx_HAL_Driver/Src/stm32f1xx_hal_tim.o
                0x080057ae                TIM_ETR_SetConfig
 .text.HAL_TIMEx_MasterConfigSynchronization
                0x080057ec       0xbc ./Drivers/STM32F1xx_HAL_Driver/Src/stm32f1xx_hal_tim_ex.o
                0x080057ec                HAL_TIMEx_MasterConfigSynchronization
 .text.HAL_TIMEx_CommutCallback
                0x080058a8       0x12 ./Drivers/STM32F1xx_HAL_Driver/Src/stm32f1xx_hal_tim_ex.o
                0x080058a8                HAL_TIMEx_CommutCallback
 .text.HAL_TIMEx_BreakCallback
                0x080058ba       0x12 ./Drivers/STM32F1xx_HAL_Driver/Src/stm32f1xx_hal_tim_ex.o
                0x080058ba                HAL_TIMEx_BreakCallback
 .text.memset   0x080058cc       0x10 C:/ST/STM32CubeIDE_1.17.0/STM32CubeIDE/plugins/com.st.stm32cube.ide.mcu.externaltools.gnu-tools-for-stm32.12.3.rel1.win32_1.1.0.202410251130/tools/bin/../lib/gcc/arm-none-eabi/12.3.1/../../../../arm-none-eabi/lib/thumb/v7-m/nofp\libc_nano.a(libc_a-memset.o)
                0x080058cc                memset
 .text.__libc_init_array
                0x080058dc       0x48 C:/ST/STM32CubeIDE_1.17.0/STM32CubeIDE/plugins/com.st.stm32cube.ide.mcu.externaltools.gnu-tools-for-stm32.12.3.rel1.win32_1.1.0.202410251130/tools/bin/../lib/gcc/arm-none-eabi/12.3.1/../../../../arm-none-eabi/lib/thumb/v7-m/nofp\libc_nano.a(libc_a-init.o)
                0x080058dc                __libc_init_array
 *(.glue_7)
 .glue_7        0x08005924        0x0 linker stubs
 *(.glue_7t)
 .glue_7t       0x08005924        0x0 linker stubs
 *(.eh_frame)
 .eh_frame      0x08005924        0x0 C:/ST/STM32CubeIDE_1.17.0/STM32CubeIDE/plugins/com.st.stm32cube.ide.mcu.externaltools.gnu-tools-for-stm32.12.3.rel1.win32_1.1.0.202410251130/tools/bin/../lib/gcc/arm-none-eabi/12.3.1/thumb/v7-m/nofp/crtbegin.o
 *(.init)
 .init          0x08005924        0x4 C:/ST/STM32CubeIDE_1.17.0/STM32CubeIDE/plugins/com.st.stm32cube.ide.mcu.externaltools.gnu-tools-for-stm32.12.3.rel1.win32_1.1.0.202410251130/tools/bin/../lib/gcc/arm-none-eabi/12.3.1/thumb/v7-m/nofp/crti.o
                0x08005924                _init
 .init          0x08005928        0x8 C:/ST/STM32CubeIDE_1.17.0/STM32CubeIDE/plugins/com.st.stm32cube.ide.mcu.externaltools.gnu-tools-for-stm32.12.3.rel1.win32_1.1.0.202410251130/tools/bin/../lib/gcc/arm-none-eabi/12.3.1/thumb/v7-m/nofp/crtn.o
 *(.fini)
 .fini          0x08005930        0x4 C:/ST/STM32CubeIDE_1.17.0/STM32CubeIDE/plugins/com.st.stm32cube.ide.mcu.externaltools.gnu-tools-for-stm32.12.3.rel1.win32_1.1.0.202410251130/tools/bin/../lib/gcc/arm-none-eabi/12.3.1/thumb/v7-m/nofp/crti.o
                0x08005930                _fini
 .fini          0x08005934        0x8 C:/ST/STM32CubeIDE_1.17.0/STM32CubeIDE/plugins/com.st.stm32cube.ide.mcu.externaltools.gnu-tools-for-stm32.12.3.rel1.win32_1.1.0.202410251130/tools/bin/../lib/gcc/arm-none-eabi/12.3.1/thumb/v7-m/nofp/crtn.o
                0x0800593c                        . = ALIGN (0x4)
                0x0800593c                        _etext = .

.vfp11_veneer   0x0800593c        0x0
 .vfp11_veneer  0x0800593c        0x0 linker stubs

.v4_bx          0x0800593c        0x0
 .v4_bx         0x0800593c        0x0 linker stubs

.iplt           0x0800593c        0x0
 .iplt          0x0800593c        0x0 C:/ST/STM32CubeIDE_1.17.0/STM32CubeIDE/plugins/com.st.stm32cube.ide.mcu.externaltools.gnu-tools-for-stm32.12.3.rel1.win32_1.1.0.202410251130/tools/bin/../lib/gcc/arm-none-eabi/12.3.1/thumb/v7-m/nofp/crtbegin.o

.rodata         0x0800593c       0x2c
                0x0800593c                        . = ALIGN (0x4)
 *(.rodata)
 *(.rodata*)
 .rodata.AHBPrescTable
                0x0800593c       0x10 ./Core/Src/system_stm32f1xx.o
                0x0800593c                AHBPrescTable
 .rodata.APBPrescTable
                0x0800594c        0x8 ./Core/Src/system_stm32f1xx.o
                0x0800594c                APBPrescTable
 .rodata.aPLLMULFactorTable.1
                0x08005954       0x10 ./Drivers/STM32F1xx_HAL_Driver/Src/stm32f1xx_hal_rcc.o
 .rodata.aPredivFactorTable.0
                0x08005964        0x2 ./Drivers/STM32F1xx_HAL_Driver/Src/stm32f1xx_hal_rcc.o
                0x08005968                        . = ALIGN (0x4)
 *fill*         0x08005966        0x2 

.ARM.extab      0x08005968        0x0
                0x08005968                        . = ALIGN (0x4)
 *(.ARM.extab* .gnu.linkonce.armextab.*)
                0x08005968                        . = ALIGN (0x4)

.ARM            0x08005968        0x0
                0x08005968                        . = ALIGN (0x4)
                0x08005968                        __exidx_start = .
 *(.ARM.exidx*)
                0x08005968                        __exidx_end = .
                0x08005968                        . = ALIGN (0x4)

.preinit_array  0x08005968        0x0
                0x08005968                        . = ALIGN (0x4)
                0x08005968                        PROVIDE (__preinit_array_start = .)
 *(.preinit_array*)
                0x08005968                        PROVIDE (__preinit_array_end = .)
                0x08005968                        . = ALIGN (0x4)

.init_array     0x08005968        0x4
                0x08005968                        . = ALIGN (0x4)
                0x08005968                        PROVIDE (__init_array_start = .)
 *(SORT_BY_NAME(.init_array.*))
 *(.init_array*)
 .init_array    0x08005968        0x4 C:/ST/STM32CubeIDE_1.17.0/STM32CubeIDE/plugins/com.st.stm32cube.ide.mcu.externaltools.gnu-tools-for-stm32.12.3.rel1.win32_1.1.0.202410251130/tools/bin/../lib/gcc/arm-none-eabi/12.3.1/thumb/v7-m/nofp/crtbegin.o
                0x0800596c                        PROVIDE (__init_array_end = .)
                0x0800596c                        . = ALIGN (0x4)

.fini_array     0x0800596c        0x4
                0x0800596c                        . = ALIGN (0x4)
                [!provide]                        PROVIDE (__fini_array_start = .)
 *(SORT_BY_NAME(.fini_array.*))
 *(.fini_array*)
 .fini_array    0x0800596c        0x4 C:/ST/STM32CubeIDE_1.17.0/STM32CubeIDE/plugins/com.st.stm32cube.ide.mcu.externaltools.gnu-tools-for-stm32.12.3.rel1.win32_1.1.0.202410251130/tools/bin/../lib/gcc/arm-none-eabi/12.3.1/thumb/v7-m/nofp/crtbegin.o
                [!provide]                        PROVIDE (__fini_array_end = .)
                0x08005970                        . = ALIGN (0x4)
                0x08005970                        _sidata = LOADADDR (.data)

.rel.dyn        0x08005970        0x0
 .rel.iplt      0x08005970        0x0 C:/ST/STM32CubeIDE_1.17.0/STM32CubeIDE/plugins/com.st.stm32cube.ide.mcu.externaltools.gnu-tools-for-stm32.12.3.rel1.win32_1.1.0.202410251130/tools/bin/../lib/gcc/arm-none-eabi/12.3.1/thumb/v7-m/nofp/crtbegin.o

.data           0x20000000       0x14 load address 0x08005970
                0x20000000                        . = ALIGN (0x4)
                0x20000000                        _sdata = .
 *(.data)
 *(.data*)
 .data.muteFlag
                0x20000000        0x1 ./Core/Src/GeneralRemoote.o
                0x20000000                muteFlag
 .data.work_Mode
                0x20000001        0x1 ./Core/Src/main.o
                0x20000001                work_Mode
 .data.time_Mode
                0x20000002        0x1 ./Core/Src/main.o
                0x20000002                time_Mode
 .data.position_Level
                0x20000003        0x1 ./Core/Src/main.o
                0x20000003                position_Level
 .data.chaleng_Level
                0x20000004        0x1 ./Core/Src/main.o
                0x20000004                chaleng_Level
 .data.chaleng_Level_Val
                0x20000005        0x1 ./Core/Src/main.o
                0x20000005                chaleng_Level_Val
 .data.target_Number
                0x20000006        0x1 ./Core/Src/main.o
                0x20000006                target_Number
 .data.chaleng_Number
                0x20000007        0x1 ./Core/Src/main.o
                0x20000007                chaleng_Number
 .data.SystemCoreClock
                0x20000008        0x4 ./Core/Src/system_stm32f1xx.o
                0x20000008                SystemCoreClock
 .data.uwTickPrio
                0x2000000c        0x4 ./Drivers/STM32F1xx_HAL_Driver/Src/stm32f1xx_hal.o
                0x2000000c                uwTickPrio
 .data.uwTickFreq
                0x20000010        0x1 ./Drivers/STM32F1xx_HAL_Driver/Src/stm32f1xx_hal.o
                0x20000010                uwTickFreq
 *(.RamFunc)
 *(.RamFunc*)
                0x20000014                        . = ALIGN (0x4)
 *fill*         0x20000011        0x3 
                0x20000014                        _edata = .

.igot.plt       0x20000014        0x0 load address 0x08005984
 .igot.plt      0x20000014        0x0 C:/ST/STM32CubeIDE_1.17.0/STM32CubeIDE/plugins/com.st.stm32cube.ide.mcu.externaltools.gnu-tools-for-stm32.12.3.rel1.win32_1.1.0.202410251130/tools/bin/../lib/gcc/arm-none-eabi/12.3.1/thumb/v7-m/nofp/crtbegin.o
                0x20000014                        . = ALIGN (0x4)

.bss            0x20000014      0x1ec load address 0x08005984
                0x20000014                        _sbss = .
                0x20000014                        __bss_start__ = _sbss
 *(.bss)
 .bss           0x20000014       0x1c C:/ST/STM32CubeIDE_1.17.0/STM32CubeIDE/plugins/com.st.stm32cube.ide.mcu.externaltools.gnu-tools-for-stm32.12.3.rel1.win32_1.1.0.202410251130/tools/bin/../lib/gcc/arm-none-eabi/12.3.1/thumb/v7-m/nofp/crtbegin.o
 *(.bss*)
 .bss.valuSetting_tmp
                0x20000030        0x1 ./Core/Src/GeneralRemoote.o
                0x20000030                valuSetting_tmp
 .bss.valueNumber
                0x20000031        0x1 ./Core/Src/GeneralRemoote.o
                0x20000031                valueNumber
 .bss.valueFeedback
                0x20000032        0x1 ./Core/Src/GeneralRemoote.o
                0x20000032                valueFeedback
 *fill*         0x20000033        0x1 
 .bss.ir_TimeValue
                0x20000034       0x42 ./Core/Src/IRRemote.o
                0x20000034                ir_TimeValue
 .bss.ir_ArrayIndex
                0x20000076        0x1 ./Core/Src/IRRemote.o
                0x20000076                ir_ArrayIndex
 .bss.ir_DataReady
                0x20000077        0x1 ./Core/Src/IRRemote.o
                0x20000077                ir_DataReady
 .bss.ir_Data   0x20000078        0x2 ./Core/Src/IRRemote.o
                0x20000078                ir_Data
 .bss.ir_running
                0x2000007a        0x1 ./Core/Src/IRRemote.o
                0x2000007a                ir_running
 .bss.segment_position
                0x2000007b        0x1 ./Core/Src/SegmentsDriver.o
                0x2000007b                segment_position
 .bss.segment_value
                0x2000007c        0xe ./Core/Src/SegmentsDriver.o
                0x2000007c                segment_value
 *fill*         0x2000008a        0x2 
 .bss.hadc1     0x2000008c       0x30 ./Core/Src/adc.o
                0x2000008c                hadc1
 .bss.hi2c2     0x200000bc       0x54 ./Core/Src/i2c.o
                0x200000bc                hi2c2
 .bss.time_Hour
                0x20000110        0x1 ./Core/Src/main.o
                0x20000110                time_Hour
 .bss.time_Minute
                0x20000111        0x1 ./Core/Src/main.o
                0x20000111                time_Minute
 .bss.time_Second
                0x20000112        0x1 ./Core/Src/main.o
                0x20000112                time_Second
 .bss.time_SecBit
                0x20000113        0x1 ./Core/Src/main.o
                0x20000113                time_SecBit
 .bss.time_Out  0x20000114        0x1 ./Core/Src/main.o
                0x20000114                time_Out
 .bss.time_Hour_t
                0x20000115        0x1 ./Core/Src/main.o
                0x20000115                time_Hour_t
 .bss.time_Minute_t
                0x20000116        0x1 ./Core/Src/main.o
                0x20000116                time_Minute_t
 .bss.timeValue
                0x20000117        0x1 ./Core/Src/main.o
                0x20000117                timeValue
 .bss.irRemote  0x20000118        0x2 ./Core/Src/main.o
                0x20000118                irRemote
 .bss.PM_Mode   0x2000011a        0x1 ./Core/Src/main.o
                0x2000011a                PM_Mode
 .bss.timer_Second
                0x2000011b        0x1 ./Core/Src/main.o
                0x2000011b                timer_Second
 .bss.timer_mili_Second
                0x2000011c        0x1 ./Core/Src/main.o
                0x2000011c                timer_mili_Second
 .bss.target_Second
                0x2000011d        0x1 ./Core/Src/main.o
                0x2000011d                target_Second
 .bss.target_mili_Second
                0x2000011e        0x1 ./Core/Src/main.o
                0x2000011e                target_mili_Second
 .bss.resultCheck_Flag
                0x2000011f        0x1 ./Core/Src/main.o
                0x2000011f                resultCheck_Flag
 .bss.win_Buzzer
                0x20000120        0x1 ./Core/Src/main.o
                0x20000120                win_Buzzer
 .bss.timer_Run
                0x20000121        0x1 ./Core/Src/main.o
                0x20000121                timer_Run
 *fill*         0x20000122        0x2 
 .bss.htim2     0x20000124       0x48 ./Core/Src/tim.o
                0x20000124                htim2
 .bss.htim3     0x2000016c       0x48 ./Core/Src/tim.o
                0x2000016c                htim3
 .bss.htim4     0x200001b4       0x48 ./Core/Src/tim.o
                0x200001b4                htim4
 .bss.uwTick    0x200001fc        0x4 ./Drivers/STM32F1xx_HAL_Driver/Src/stm32f1xx_hal.o
                0x200001fc                uwTick
 *(COMMON)
                0x20000200                        . = ALIGN (0x4)
                0x20000200                        _ebss = .
                0x20000200                        __bss_end__ = _ebss

._user_heap_stack
                0x20000200      0x600 load address 0x08005984
                0x20000200                        . = ALIGN (0x8)
                [!provide]                        PROVIDE (end = .)
                0x20000200                        PROVIDE (_end = .)
                0x20000400                        . = (. + _Min_Heap_Size)
 *fill*         0x20000200      0x200 
                0x20000800                        . = (. + _Min_Stack_Size)
 *fill*         0x20000400      0x400 
                0x20000800                        . = ALIGN (0x8)

/DISCARD/
 libc.a(*)
 libm.a(*)
 libgcc.a(*)

.ARM.attributes
                0x00000000       0x29
 *(.ARM.attributes)
 .ARM.attributes
                0x00000000       0x1d C:/ST/STM32CubeIDE_1.17.0/STM32CubeIDE/plugins/com.st.stm32cube.ide.mcu.externaltools.gnu-tools-for-stm32.12.3.rel1.win32_1.1.0.202410251130/tools/bin/../lib/gcc/arm-none-eabi/12.3.1/thumb/v7-m/nofp/crti.o
 .ARM.attributes
                0x0000001d       0x2d C:/ST/STM32CubeIDE_1.17.0/STM32CubeIDE/plugins/com.st.stm32cube.ide.mcu.externaltools.gnu-tools-for-stm32.12.3.rel1.win32_1.1.0.202410251130/tools/bin/../lib/gcc/arm-none-eabi/12.3.1/thumb/v7-m/nofp/crtbegin.o
 .ARM.attributes
                0x0000004a       0x2d ./Core/Src/GeneralRemoote.o
 .ARM.attributes
                0x00000077       0x2d ./Core/Src/IRRemote.o
 .ARM.attributes
                0x000000a4       0x2d ./Core/Src/SegmentsDriver.o
 .ARM.attributes
                0x000000d1       0x2d ./Core/Src/adc.o
 .ARM.attributes
                0x000000fe       0x2d ./Core/Src/gpio.o
 .ARM.attributes
                0x0000012b       0x2d ./Core/Src/i2c.o
 .ARM.attributes
                0x00000158       0x2d ./Core/Src/main.o
 .ARM.attributes
                0x00000185       0x2d ./Core/Src/stm32f1xx_hal_msp.o
 .ARM.attributes
                0x000001b2       0x2d ./Core/Src/stm32f1xx_it.o
 .ARM.attributes
                0x000001df       0x2d ./Core/Src/system_stm32f1xx.o
 .ARM.attributes
                0x0000020c       0x2d ./Core/Src/tim.o
 .ARM.attributes
                0x00000239       0x21 ./Core/Startup/startup_stm32f103c8tx.o
 .ARM.attributes
                0x0000025a       0x2d ./Drivers/STM32F1xx_HAL_Driver/Src/stm32f1xx_hal.o
 .ARM.attributes
                0x00000287       0x2d ./Drivers/STM32F1xx_HAL_Driver/Src/stm32f1xx_hal_adc.o
 .ARM.attributes
                0x000002b4       0x2d ./Drivers/STM32F1xx_HAL_Driver/Src/stm32f1xx_hal_cortex.o
 .ARM.attributes
                0x000002e1       0x2d ./Drivers/STM32F1xx_HAL_Driver/Src/stm32f1xx_hal_gpio.o
 .ARM.attributes
                0x0000030e       0x2d ./Drivers/STM32F1xx_HAL_Driver/Src/stm32f1xx_hal_i2c.o
 .ARM.attributes
                0x0000033b       0x2d ./Drivers/STM32F1xx_HAL_Driver/Src/stm32f1xx_hal_rcc.o
 .ARM.attributes
                0x00000368       0x2d ./Drivers/STM32F1xx_HAL_Driver/Src/stm32f1xx_hal_rcc_ex.o
 .ARM.attributes
                0x00000395       0x2d ./Drivers/STM32F1xx_HAL_Driver/Src/stm32f1xx_hal_tim.o
 .ARM.attributes
                0x000003c2       0x2d ./Drivers/STM32F1xx_HAL_Driver/Src/stm32f1xx_hal_tim_ex.o
 .ARM.attributes
                0x000003ef       0x2d C:/ST/STM32CubeIDE_1.17.0/STM32CubeIDE/plugins/com.st.stm32cube.ide.mcu.externaltools.gnu-tools-for-stm32.12.3.rel1.win32_1.1.0.202410251130/tools/bin/../lib/gcc/arm-none-eabi/12.3.1/../../../../arm-none-eabi/lib/thumb/v7-m/nofp\libc_nano.a(libc_a-memset.o)
 .ARM.attributes
                0x0000041c       0x2d C:/ST/STM32CubeIDE_1.17.0/STM32CubeIDE/plugins/com.st.stm32cube.ide.mcu.externaltools.gnu-tools-for-stm32.12.3.rel1.win32_1.1.0.202410251130/tools/bin/../lib/gcc/arm-none-eabi/12.3.1/../../../../arm-none-eabi/lib/thumb/v7-m/nofp\libc_nano.a(libc_a-init.o)
 .ARM.attributes
                0x00000449       0x1d C:/ST/STM32CubeIDE_1.17.0/STM32CubeIDE/plugins/com.st.stm32cube.ide.mcu.externaltools.gnu-tools-for-stm32.12.3.rel1.win32_1.1.0.202410251130/tools/bin/../lib/gcc/arm-none-eabi/12.3.1/thumb/v7-m/nofp/crtn.o
OUTPUT(1535_Clock.elf elf32-littlearm)
LOAD linker stubs
LOAD C:/ST/STM32CubeIDE_1.17.0/STM32CubeIDE/plugins/com.st.stm32cube.ide.mcu.externaltools.gnu-tools-for-stm32.12.3.rel1.win32_1.1.0.202410251130/tools/bin/../lib/gcc/arm-none-eabi/12.3.1/../../../../arm-none-eabi/lib/thumb/v7-m/nofp\libc.a
LOAD C:/ST/STM32CubeIDE_1.17.0/STM32CubeIDE/plugins/com.st.stm32cube.ide.mcu.externaltools.gnu-tools-for-stm32.12.3.rel1.win32_1.1.0.202410251130/tools/bin/../lib/gcc/arm-none-eabi/12.3.1/../../../../arm-none-eabi/lib/thumb/v7-m/nofp\libm.a
LOAD C:/ST/STM32CubeIDE_1.17.0/STM32CubeIDE/plugins/com.st.stm32cube.ide.mcu.externaltools.gnu-tools-for-stm32.12.3.rel1.win32_1.1.0.202410251130/tools/bin/../lib/gcc/arm-none-eabi/12.3.1/thumb/v7-m/nofp\libgcc.a

.debug_info     0x00000000     0xda6b
 .debug_info    0x00000000      0x80e ./Core/Src/GeneralRemoote.o
 .debug_info    0x0000080e      0x1d4 ./Core/Src/IRRemote.o
 .debug_info    0x000009e2      0x260 ./Core/Src/SegmentsDriver.o
 .debug_info    0x00000c42      0x7b8 ./Core/Src/adc.o
 .debug_info    0x000013fa      0x44e ./Core/Src/gpio.o
 .debug_info    0x00001848      0x7e3 ./Core/Src/i2c.o
 .debug_info    0x0000202b     0x1180 ./Core/Src/main.o
 .debug_info    0x000031ab      0x1f1 ./Core/Src/stm32f1xx_hal_msp.o
 .debug_info    0x0000339c      0x7cd ./Core/Src/stm32f1xx_it.o
 .debug_info    0x00003b69      0x222 ./Core/Src/system_stm32f1xx.o
 .debug_info    0x00003d8b      0xa7d ./Core/Src/tim.o
 .debug_info    0x00004808       0x30 ./Core/Startup/startup_stm32f103c8tx.o
 .debug_info    0x00004838      0x704 ./Drivers/STM32F1xx_HAL_Driver/Src/stm32f1xx_hal.o
 .debug_info    0x00004f3c      0xc50 ./Drivers/STM32F1xx_HAL_Driver/Src/stm32f1xx_hal_adc.o
 .debug_info    0x00005b8c      0xa87 ./Drivers/STM32F1xx_HAL_Driver/Src/stm32f1xx_hal_cortex.o
 .debug_info    0x00006613      0x5ab ./Drivers/STM32F1xx_HAL_Driver/Src/stm32f1xx_hal_gpio.o
 .debug_info    0x00006bbe     0x2524 ./Drivers/STM32F1xx_HAL_Driver/Src/stm32f1xx_hal_i2c.o
 .debug_info    0x000090e2      0x7d5 ./Drivers/STM32F1xx_HAL_Driver/Src/stm32f1xx_hal_rcc.o
 .debug_info    0x000098b7      0x3c0 ./Drivers/STM32F1xx_HAL_Driver/Src/stm32f1xx_hal_rcc_ex.o
 .debug_info    0x00009c77     0x2959 ./Drivers/STM32F1xx_HAL_Driver/Src/stm32f1xx_hal_tim.o
 .debug_info    0x0000c5d0     0x149b ./Drivers/STM32F1xx_HAL_Driver/Src/stm32f1xx_hal_tim_ex.o

.debug_abbrev   0x00000000     0x2889
 .debug_abbrev  0x00000000      0x209 ./Core/Src/GeneralRemoote.o
 .debug_abbrev  0x00000209      0x10a ./Core/Src/IRRemote.o
 .debug_abbrev  0x00000313      0x1b2 ./Core/Src/SegmentsDriver.o
 .debug_abbrev  0x000004c5      0x1e1 ./Core/Src/adc.o
 .debug_abbrev  0x000006a6      0x161 ./Core/Src/gpio.o
 .debug_abbrev  0x00000807      0x1de ./Core/Src/i2c.o
 .debug_abbrev  0x000009e5      0x353 ./Core/Src/main.o
 .debug_abbrev  0x00000d38       0xdb ./Core/Src/stm32f1xx_hal_msp.o
 .debug_abbrev  0x00000e13      0x237 ./Core/Src/stm32f1xx_it.o
 .debug_abbrev  0x0000104a      0x13f ./Core/Src/system_stm32f1xx.o
 .debug_abbrev  0x00001189      0x21d ./Core/Src/tim.o
 .debug_abbrev  0x000013a6       0x24 ./Core/Startup/startup_stm32f103c8tx.o
 .debug_abbrev  0x000013ca      0x201 ./Drivers/STM32F1xx_HAL_Driver/Src/stm32f1xx_hal.o
 .debug_abbrev  0x000015cb      0x225 ./Drivers/STM32F1xx_HAL_Driver/Src/stm32f1xx_hal_adc.o
 .debug_abbrev  0x000017f0      0x2f8 ./Drivers/STM32F1xx_HAL_Driver/Src/stm32f1xx_hal_cortex.o
 .debug_abbrev  0x00001ae8      0x1ca ./Drivers/STM32F1xx_HAL_Driver/Src/stm32f1xx_hal_gpio.o
 .debug_abbrev  0x00001cb2      0x2a3 ./Drivers/STM32F1xx_HAL_Driver/Src/stm32f1xx_hal_i2c.o
 .debug_abbrev  0x00001f55      0x2b3 ./Drivers/STM32F1xx_HAL_Driver/Src/stm32f1xx_hal_rcc.o
 .debug_abbrev  0x00002208      0x188 ./Drivers/STM32F1xx_HAL_Driver/Src/stm32f1xx_hal_rcc_ex.o
 .debug_abbrev  0x00002390      0x277 ./Drivers/STM32F1xx_HAL_Driver/Src/stm32f1xx_hal_tim.o
 .debug_abbrev  0x00002607      0x282 ./Drivers/STM32F1xx_HAL_Driver/Src/stm32f1xx_hal_tim_ex.o

.debug_aranges  0x00000000      0xe88
 .debug_aranges
                0x00000000       0x30 ./Core/Src/GeneralRemoote.o
 .debug_aranges
                0x00000030       0x38 ./Core/Src/IRRemote.o
 .debug_aranges
                0x00000068       0x38 ./Core/Src/SegmentsDriver.o
 .debug_aranges
                0x000000a0       0x30 ./Core/Src/adc.o
 .debug_aranges
                0x000000d0       0x20 ./Core/Src/gpio.o
 .debug_aranges
                0x000000f0       0x30 ./Core/Src/i2c.o
 .debug_aranges
                0x00000120       0x68 ./Core/Src/main.o
 .debug_aranges
                0x00000188       0x20 ./Core/Src/stm32f1xx_hal_msp.o
 .debug_aranges
                0x000001a8       0x88 ./Core/Src/stm32f1xx_it.o
 .debug_aranges
                0x00000230       0x28 ./Core/Src/system_stm32f1xx.o
 .debug_aranges
                0x00000258       0x40 ./Core/Src/tim.o
 .debug_aranges
                0x00000298       0x28 ./Core/Startup/startup_stm32f103c8tx.o
 .debug_aranges
                0x000002c0       0xe0 ./Drivers/STM32F1xx_HAL_Driver/Src/stm32f1xx_hal.o
 .debug_aranges
                0x000003a0       0xf0 ./Drivers/STM32F1xx_HAL_Driver/Src/stm32f1xx_hal_adc.o
 .debug_aranges
                0x00000490      0x100 ./Drivers/STM32F1xx_HAL_Driver/Src/stm32f1xx_hal_cortex.o
 .debug_aranges
                0x00000590       0x58 ./Drivers/STM32F1xx_HAL_Driver/Src/stm32f1xx_hal_gpio.o
 .debug_aranges
                0x000005e8      0x2a8 ./Drivers/STM32F1xx_HAL_Driver/Src/stm32f1xx_hal_i2c.o
 .debug_aranges
                0x00000890       0x90 ./Drivers/STM32F1xx_HAL_Driver/Src/stm32f1xx_hal_rcc.o
 .debug_aranges
                0x00000920       0x30 ./Drivers/STM32F1xx_HAL_Driver/Src/stm32f1xx_hal_rcc_ex.o
 .debug_aranges
                0x00000950      0x3d0 ./Drivers/STM32F1xx_HAL_Driver/Src/stm32f1xx_hal_tim.o
 .debug_aranges
                0x00000d20      0x168 ./Drivers/STM32F1xx_HAL_Driver/Src/stm32f1xx_hal_tim_ex.o

.debug_rnglists
                0x00000000      0xb44
 .debug_rnglists
                0x00000000       0x21 ./Core/Src/GeneralRemoote.o
 .debug_rnglists
                0x00000021       0x26 ./Core/Src/IRRemote.o
 .debug_rnglists
                0x00000047       0x27 ./Core/Src/SegmentsDriver.o
 .debug_rnglists
                0x0000006e       0x1f ./Core/Src/adc.o
 .debug_rnglists
                0x0000008d       0x14 ./Core/Src/gpio.o
 .debug_rnglists
                0x000000a1       0x20 ./Core/Src/i2c.o
 .debug_rnglists
                0x000000c1       0x4c ./Core/Src/main.o
 .debug_rnglists
                0x0000010d       0x13 ./Core/Src/stm32f1xx_hal_msp.o
 .debug_rnglists
                0x00000120       0x61 ./Core/Src/stm32f1xx_it.o
 .debug_rnglists
                0x00000181       0x1a ./Core/Src/system_stm32f1xx.o
 .debug_rnglists
                0x0000019b       0x2f ./Core/Src/tim.o
 .debug_rnglists
                0x000001ca       0x19 ./Core/Startup/startup_stm32f103c8tx.o
 .debug_rnglists
                0x000001e3       0xa3 ./Drivers/STM32F1xx_HAL_Driver/Src/stm32f1xx_hal.o
 .debug_rnglists
                0x00000286       0xbc ./Drivers/STM32F1xx_HAL_Driver/Src/stm32f1xx_hal_adc.o
 .debug_rnglists
                0x00000342       0xbb ./Drivers/STM32F1xx_HAL_Driver/Src/stm32f1xx_hal_cortex.o
 .debug_rnglists
                0x000003fd       0x3f ./Drivers/STM32F1xx_HAL_Driver/Src/stm32f1xx_hal_gpio.o
 .debug_rnglists
                0x0000043c      0x23c ./Drivers/STM32F1xx_HAL_Driver/Src/stm32f1xx_hal_i2c.o
 .debug_rnglists
                0x00000678       0x6c ./Drivers/STM32F1xx_HAL_Driver/Src/stm32f1xx_hal_rcc.o
 .debug_rnglists
                0x000006e4       0x21 ./Drivers/STM32F1xx_HAL_Driver/Src/stm32f1xx_hal_rcc_ex.o
 .debug_rnglists
                0x00000705      0x31a ./Drivers/STM32F1xx_HAL_Driver/Src/stm32f1xx_hal_tim.o
 .debug_rnglists
                0x00000a1f      0x125 ./Drivers/STM32F1xx_HAL_Driver/Src/stm32f1xx_hal_tim_ex.o

.debug_macro    0x00000000    0x187c1
 .debug_macro   0x00000000      0x20f ./Core/Src/GeneralRemoote.o
 .debug_macro   0x0000020f      0xaa8 ./Core/Src/GeneralRemoote.o
 .debug_macro   0x00000cb7      0x221 ./Core/Src/GeneralRemoote.o
 .debug_macro   0x00000ed8       0x2e ./Core/Src/GeneralRemoote.o
 .debug_macro   0x00000f06       0x22 ./Core/Src/GeneralRemoote.o
 .debug_macro   0x00000f28       0x22 ./Core/Src/GeneralRemoote.o
 .debug_macro   0x00000f4a       0x8e ./Core/Src/GeneralRemoote.o
 .debug_macro   0x00000fd8       0x51 ./Core/Src/GeneralRemoote.o
 .debug_macro   0x00001029      0x103 ./Core/Src/GeneralRemoote.o
 .debug_macro   0x0000112c       0x6a ./Core/Src/GeneralRemoote.o
 .debug_macro   0x00001196      0x1df ./Core/Src/GeneralRemoote.o
 .debug_macro   0x00001375       0x1c ./Core/Src/GeneralRemoote.o
 .debug_macro   0x00001391       0x22 ./Core/Src/GeneralRemoote.o
 .debug_macro   0x000013b3       0xbd ./Core/Src/GeneralRemoote.o
 .debug_macro   0x00001470      0xd23 ./Core/Src/GeneralRemoote.o
 .debug_macro   0x00002193     0xe09e ./Core/Src/GeneralRemoote.o
 .debug_macro   0x00010231       0x6d ./Core/Src/GeneralRemoote.o
 .debug_macro   0x0001029e     0x34a2 ./Core/Src/GeneralRemoote.o
 .debug_macro   0x00013740      0x189 ./Core/Src/GeneralRemoote.o
 .debug_macro   0x000138c9       0x5c ./Core/Src/GeneralRemoote.o
 .debug_macro   0x00013925      0x5bc ./Core/Src/GeneralRemoote.o
 .debug_macro   0x00013ee1      0x289 ./Core/Src/GeneralRemoote.o
 .debug_macro   0x0001416a      0x1cb ./Core/Src/GeneralRemoote.o
 .debug_macro   0x00014335      0x114 ./Core/Src/GeneralRemoote.o
 .debug_macro   0x00014449      0x1b2 ./Core/Src/GeneralRemoote.o
 .debug_macro   0x000145fb       0x27 ./Core/Src/GeneralRemoote.o
 .debug_macro   0x00014622      0x136 ./Core/Src/GeneralRemoote.o
 .debug_macro   0x00014758      0x1bc ./Core/Src/GeneralRemoote.o
 .debug_macro   0x00014914       0x34 ./Core/Src/GeneralRemoote.o
 .debug_macro   0x00014948       0x3c ./Core/Src/GeneralRemoote.o
 .debug_macro   0x00014984       0x57 ./Core/Src/GeneralRemoote.o
 .debug_macro   0x000149db      0x46a ./Core/Src/GeneralRemoote.o
 .debug_macro   0x00014e45      0x1b5 ./Core/Src/GeneralRemoote.o
 .debug_macro   0x00014ffa       0x87 ./Core/Src/GeneralRemoote.o
 .debug_macro   0x00015081      0x240 ./Core/Src/GeneralRemoote.o
 .debug_macro   0x000152c1      0x287 ./Core/Src/GeneralRemoote.o
 .debug_macro   0x00015548      0x140 ./Core/Src/GeneralRemoote.o
 .debug_macro   0x00015688      0x8ed ./Core/Src/GeneralRemoote.o
 .debug_macro   0x00015f75       0x83 ./Core/Src/GeneralRemoote.o
 .debug_macro   0x00015ff8      0x12a ./Core/Src/GeneralRemoote.o
 .debug_macro   0x00016122       0xfa ./Core/Src/GeneralRemoote.o
 .debug_macro   0x0001621c       0xbe ./Core/Src/GeneralRemoote.o
 .debug_macro   0x000162da       0x58 ./Core/Src/GeneralRemoote.o
 .debug_macro   0x00016332      0x1d9 ./Core/Src/IRRemote.o
 .debug_macro   0x0001650b      0x1e8 ./Core/Src/SegmentsDriver.o
 .debug_macro   0x000166f3      0x124 ./Core/Src/SegmentsDriver.o
 .debug_macro   0x00016817      0x1d0 ./Core/Src/adc.o
 .debug_macro   0x000169e7      0x1d0 ./Core/Src/gpio.o
 .debug_macro   0x00016bb7      0x1d0 ./Core/Src/i2c.o
 .debug_macro   0x00016d87      0x243 ./Core/Src/main.o
 .debug_macro   0x00016fca       0x5e ./Core/Src/main.o
 .debug_macro   0x00017028      0x1c6 ./Core/Src/stm32f1xx_hal_msp.o
 .debug_macro   0x000171ee      0x1d0 ./Core/Src/stm32f1xx_it.o
 .debug_macro   0x000173be      0x1b7 ./Core/Src/system_stm32f1xx.o
 .debug_macro   0x00017575      0x1d0 ./Core/Src/tim.o
 .debug_macro   0x00017745      0x1db ./Drivers/STM32F1xx_HAL_Driver/Src/stm32f1xx_hal.o
 .debug_macro   0x00017920      0x1d4 ./Drivers/STM32F1xx_HAL_Driver/Src/stm32f1xx_hal_adc.o
 .debug_macro   0x00017af4      0x1b7 ./Drivers/STM32F1xx_HAL_Driver/Src/stm32f1xx_hal_cortex.o
 .debug_macro   0x00017cab      0x222 ./Drivers/STM32F1xx_HAL_Driver/Src/stm32f1xx_hal_gpio.o
 .debug_macro   0x00017ecd      0x205 ./Drivers/STM32F1xx_HAL_Driver/Src/stm32f1xx_hal_i2c.o
 .debug_macro   0x000180d2      0x1c9 ./Drivers/STM32F1xx_HAL_Driver/Src/stm32f1xx_hal_rcc.o
 .debug_macro   0x0001829b      0x1b7 ./Drivers/STM32F1xx_HAL_Driver/Src/stm32f1xx_hal_rcc_ex.o
 .debug_macro   0x00018452      0x1b8 ./Drivers/STM32F1xx_HAL_Driver/Src/stm32f1xx_hal_tim.o
 .debug_macro   0x0001860a      0x1b7 ./Drivers/STM32F1xx_HAL_Driver/Src/stm32f1xx_hal_tim_ex.o

.debug_line     0x00000000    0x131c1
 .debug_line    0x00000000      0xb87 ./Core/Src/GeneralRemoote.o
 .debug_line    0x00000b87      0x857 ./Core/Src/IRRemote.o
 .debug_line    0x000013de      0x8da ./Core/Src/SegmentsDriver.o
 .debug_line    0x00001cb8      0x79c ./Core/Src/adc.o
 .debug_line    0x00002454      0x794 ./Core/Src/gpio.o
 .debug_line    0x00002be8      0x792 ./Core/Src/i2c.o
 .debug_line    0x0000337a      0xc07 ./Core/Src/main.o
 .debug_line    0x00003f81      0x72d ./Core/Src/stm32f1xx_hal_msp.o
 .debug_line    0x000046ae      0x870 ./Core/Src/stm32f1xx_it.o
 .debug_line    0x00004f1e      0x7ab ./Core/Src/system_stm32f1xx.o
 .debug_line    0x000056c9      0x882 ./Core/Src/tim.o
 .debug_line    0x00005f4b       0x78 ./Core/Startup/startup_stm32f103c8tx.o
 .debug_line    0x00005fc3      0x9d8 ./Drivers/STM32F1xx_HAL_Driver/Src/stm32f1xx_hal.o
 .debug_line    0x0000699b     0x1055 ./Drivers/STM32F1xx_HAL_Driver/Src/stm32f1xx_hal_adc.o
 .debug_line    0x000079f0      0xbc4 ./Drivers/STM32F1xx_HAL_Driver/Src/stm32f1xx_hal_cortex.o
 .debug_line    0x000085b4      0xa71 ./Drivers/STM32F1xx_HAL_Driver/Src/stm32f1xx_hal_gpio.o
 .debug_line    0x00009025     0x3c75 ./Drivers/STM32F1xx_HAL_Driver/Src/stm32f1xx_hal_i2c.o
 .debug_line    0x0000cc9a      0xde1 ./Drivers/STM32F1xx_HAL_Driver/Src/stm32f1xx_hal_rcc.o
 .debug_line    0x0000da7b      0x922 ./Drivers/STM32F1xx_HAL_Driver/Src/stm32f1xx_hal_rcc_ex.o
 .debug_line    0x0000e39d     0x34fd ./Drivers/STM32F1xx_HAL_Driver/Src/stm32f1xx_hal_tim.o
 .debug_line    0x0001189a     0x1927 ./Drivers/STM32F1xx_HAL_Driver/Src/stm32f1xx_hal_tim_ex.o

.debug_str      0x00000000    0x8c790
 .debug_str     0x00000000    0x88972 ./Core/Src/GeneralRemoote.o
                              0x88d41 (size before relaxing)
 .debug_str     0x00088972       0xc7 ./Core/Src/IRRemote.o
                              0x883e6 (size before relaxing)
 .debug_str     0x00088a39       0x77 ./Core/Src/SegmentsDriver.o
                              0x885b7 (size before relaxing)
 .debug_str     0x00088ab0      0x2ac ./Core/Src/adc.o
                              0x885cf (size before relaxing)
 .debug_str     0x00088d5c      0x2ac ./Core/Src/gpio.o
                              0x8852c (size before relaxing)
 .debug_str     0x00089008       0x58 ./Core/Src/i2c.o
                              0x886e4 (size before relaxing)
 .debug_str     0x00089060      0x630 ./Core/Src/main.o
                              0x89400 (size before relaxing)
 .debug_str     0x00089690       0x5a ./Core/Src/stm32f1xx_hal_msp.o
                              0x881b2 (size before relaxing)
 .debug_str     0x000896ea      0x147 ./Core/Src/stm32f1xx_it.o
                              0x8877c (size before relaxing)
 .debug_str     0x00089831       0xa3 ./Core/Src/system_stm32f1xx.o
                              0x87da3 (size before relaxing)
 .debug_str     0x000898d4      0x150 ./Core/Src/tim.o
                              0x88af4 (size before relaxing)
 .debug_str     0x00089a24       0x6c ./Core/Startup/startup_stm32f103c8tx.o
 .debug_str     0x00089a90      0x384 ./Drivers/STM32F1xx_HAL_Driver/Src/stm32f1xx_hal.o
                              0x884d6 (size before relaxing)
 .debug_str     0x00089e14      0x39d ./Drivers/STM32F1xx_HAL_Driver/Src/stm32f1xx_hal_adc.o
                              0x88487 (size before relaxing)
 .debug_str     0x0008a1b1      0x294 ./Drivers/STM32F1xx_HAL_Driver/Src/stm32f1xx_hal_cortex.o
                              0x88422 (size before relaxing)
 .debug_str     0x0008a445      0x2bc ./Drivers/STM32F1xx_HAL_Driver/Src/stm32f1xx_hal_gpio.o
                              0x88129 (size before relaxing)
 .debug_str     0x0008a701      0xb9c ./Drivers/STM32F1xx_HAL_Driver/Src/stm32f1xx_hal_i2c.o
                              0x88e6a (size before relaxing)
 .debug_str     0x0008b29d      0x209 ./Drivers/STM32F1xx_HAL_Driver/Src/stm32f1xx_hal_rcc.o
                              0x881d2 (size before relaxing)
 .debug_str     0x0008b4a6       0x84 ./Drivers/STM32F1xx_HAL_Driver/Src/stm32f1xx_hal_rcc_ex.o
                              0x87f22 (size before relaxing)
 .debug_str     0x0008b52a      0xdd3 ./Drivers/STM32F1xx_HAL_Driver/Src/stm32f1xx_hal_tim.o
                              0x891d4 (size before relaxing)
 .debug_str     0x0008c2fd      0x493 ./Drivers/STM32F1xx_HAL_Driver/Src/stm32f1xx_hal_tim_ex.o
                              0x889e0 (size before relaxing)

.comment        0x00000000       0x43
 .comment       0x00000000       0x43 ./Core/Src/GeneralRemoote.o
                                 0x44 (size before relaxing)
 .comment       0x00000043       0x44 ./Core/Src/IRRemote.o
 .comment       0x00000043       0x44 ./Core/Src/SegmentsDriver.o
 .comment       0x00000043       0x44 ./Core/Src/adc.o
 .comment       0x00000043       0x44 ./Core/Src/gpio.o
 .comment       0x00000043       0x44 ./Core/Src/i2c.o
 .comment       0x00000043       0x44 ./Core/Src/main.o
 .comment       0x00000043       0x44 ./Core/Src/stm32f1xx_hal_msp.o
 .comment       0x00000043       0x44 ./Core/Src/stm32f1xx_it.o
 .comment       0x00000043       0x44 ./Core/Src/system_stm32f1xx.o
 .comment       0x00000043       0x44 ./Core/Src/tim.o
 .comment       0x00000043       0x44 ./Drivers/STM32F1xx_HAL_Driver/Src/stm32f1xx_hal.o
 .comment       0x00000043       0x44 ./Drivers/STM32F1xx_HAL_Driver/Src/stm32f1xx_hal_adc.o
 .comment       0x00000043       0x44 ./Drivers/STM32F1xx_HAL_Driver/Src/stm32f1xx_hal_cortex.o
 .comment       0x00000043       0x44 ./Drivers/STM32F1xx_HAL_Driver/Src/stm32f1xx_hal_gpio.o
 .comment       0x00000043       0x44 ./Drivers/STM32F1xx_HAL_Driver/Src/stm32f1xx_hal_i2c.o
 .comment       0x00000043       0x44 ./Drivers/STM32F1xx_HAL_Driver/Src/stm32f1xx_hal_rcc.o
 .comment       0x00000043       0x44 ./Drivers/STM32F1xx_HAL_Driver/Src/stm32f1xx_hal_rcc_ex.o
 .comment       0x00000043       0x44 ./Drivers/STM32F1xx_HAL_Driver/Src/stm32f1xx_hal_tim.o
 .comment       0x00000043       0x44 ./Drivers/STM32F1xx_HAL_Driver/Src/stm32f1xx_hal_tim_ex.o

.debug_frame    0x00000000     0x3b3c
 .debug_frame   0x00000000       0x84 ./Core/Src/GeneralRemoote.o
 .debug_frame   0x00000084       0x9c ./Core/Src/IRRemote.o
 .debug_frame   0x00000120       0xa4 ./Core/Src/SegmentsDriver.o
 .debug_frame   0x000001c4       0x7c ./Core/Src/adc.o
 .debug_frame   0x00000240       0x34 ./Core/Src/gpio.o
 .debug_frame   0x00000274       0x74 ./Core/Src/i2c.o
 .debug_frame   0x000002e8      0x164 ./Core/Src/main.o
 .debug_frame   0x0000044c       0x38 ./Core/Src/stm32f1xx_hal_msp.o
 .debug_frame   0x00000484      0x190 ./Core/Src/stm32f1xx_it.o
 .debug_frame   0x00000614       0x58 ./Core/Src/system_stm32f1xx.o
 .debug_frame   0x0000066c       0xc4 ./Core/Src/tim.o
 .debug_frame   0x00000730      0x334 ./Drivers/STM32F1xx_HAL_Driver/Src/stm32f1xx_hal.o
 .debug_frame   0x00000a64      0x40c ./Drivers/STM32F1xx_HAL_Driver/Src/stm32f1xx_hal_adc.o
 .debug_frame   0x00000e70      0x428 ./Drivers/STM32F1xx_HAL_Driver/Src/stm32f1xx_hal_cortex.o
 .debug_frame   0x00001298      0x14c ./Drivers/STM32F1xx_HAL_Driver/Src/stm32f1xx_hal_gpio.o
 .debug_frame   0x000013e4      0xc84 ./Drivers/STM32F1xx_HAL_Driver/Src/stm32f1xx_hal_i2c.o
 .debug_frame   0x00002068      0x218 ./Drivers/STM32F1xx_HAL_Driver/Src/stm32f1xx_hal_rcc.o
 .debug_frame   0x00002280       0x80 ./Drivers/STM32F1xx_HAL_Driver/Src/stm32f1xx_hal_rcc_ex.o
 .debug_frame   0x00002300     0x11b8 ./Drivers/STM32F1xx_HAL_Driver/Src/stm32f1xx_hal_tim.o
 .debug_frame   0x000034b8      0x638 ./Drivers/STM32F1xx_HAL_Driver/Src/stm32f1xx_hal_tim_ex.o
 .debug_frame   0x00003af0       0x20 C:/ST/STM32CubeIDE_1.17.0/STM32CubeIDE/plugins/com.st.stm32cube.ide.mcu.externaltools.gnu-tools-for-stm32.12.3.rel1.win32_1.1.0.202410251130/tools/bin/../lib/gcc/arm-none-eabi/12.3.1/../../../../arm-none-eabi/lib/thumb/v7-m/nofp\libc_nano.a(libc_a-memset.o)
 .debug_frame   0x00003b10       0x2c C:/ST/STM32CubeIDE_1.17.0/STM32CubeIDE/plugins/com.st.stm32cube.ide.mcu.externaltools.gnu-tools-for-stm32.12.3.rel1.win32_1.1.0.202410251130/tools/bin/../lib/gcc/arm-none-eabi/12.3.1/../../../../arm-none-eabi/lib/thumb/v7-m/nofp\libc_nano.a(libc_a-init.o)

.debug_line_str
                0x00000000       0x50
 .debug_line_str
                0x00000000       0x50 ./Core/Startup/startup_stm32f103c8tx.o
