../Core/Inc/DS3231.h:17:9:BCD_to_Decimal	16	static
../Core/Inc/DS3231.h:21:9:Decimal_to_BCD	16	static
../Core/Inc/DS3231.h:25:6:DS3231_WriteTime	40	static
../Core/Inc/DS3231.h:36:6:DS3231_ReadTime	48	static
../Core/Inc/DS3231.h:47:6:DS3231_WriteCalendar	40	static
../Core/Inc/DS3231.h:59:6:DS3231_ReadCalendar	48	static
../Core/Inc/DS3231.h:72:6:DS3231_EnableSQW1Hz	40	static
../Core/Inc/DS3231.h:96:7:gregorian_to_jalali	96	static
../Core/Inc/DS3231.h:122:7:jalali_to_gregorian	96	static
../Core/Inc/DS3231.h:151:6:Date_Update	16	static
../Core/Src/main.c:71:5:main	16	static
../Core/Src/main.c:1983:6:SystemClock_Config	88	static
../Core/Src/main.c:2026:6:Time_Update	8	static
../Core/Src/main.c:2083:6:Error_Handler	4	static,ignoring_inline_asm
