Archive member included to satisfy reference by file (symbol)

C:/ST/STM32CubeIDE_1.17.0/STM32CubeIDE/plugins/com.st.stm32cube.ide.mcu.externaltools.gnu-tools-for-stm32.12.3.rel1.win32_1.1.0.202410251130/tools/bin/../lib/gcc/arm-none-eabi/12.3.1/../../../../arm-none-eabi/lib/thumb/v7-m/nofp\libc_nano.a(libc_a-exit.o)
                              C:/ST/STM32CubeIDE_1.17.0/STM32CubeIDE/plugins/com.st.stm32cube.ide.mcu.externaltools.gnu-tools-for-stm32.12.3.rel1.win32_1.1.0.202410251130/tools/bin/../lib/gcc/arm-none-eabi/12.3.1/../../../../arm-none-eabi/lib/thumb/v7-m/nofp/crt0.o (exit)
C:/ST/STM32CubeIDE_1.17.0/STM32CubeIDE/plugins/com.st.stm32cube.ide.mcu.externaltools.gnu-tools-for-stm32.12.3.rel1.win32_1.1.0.202410251130/tools/bin/../lib/gcc/arm-none-eabi/12.3.1/../../../../arm-none-eabi/lib/thumb/v7-m/nofp\libc_nano.a(libc_a-findfp.o)
                              C:/ST/STM32CubeIDE_1.17.0/STM32CubeIDE/plugins/com.st.stm32cube.ide.mcu.externaltools.gnu-tools-for-stm32.12.3.rel1.win32_1.1.0.202410251130/tools/bin/../lib/gcc/arm-none-eabi/12.3.1/../../../../arm-none-eabi/lib/thumb/v7-m/nofp\libc_nano.a(libc_a-exit.o) (__stdio_exit_handler)
C:/ST/STM32CubeIDE_1.17.0/STM32CubeIDE/plugins/com.st.stm32cube.ide.mcu.externaltools.gnu-tools-for-stm32.12.3.rel1.win32_1.1.0.202410251130/tools/bin/../lib/gcc/arm-none-eabi/12.3.1/../../../../arm-none-eabi/lib/thumb/v7-m/nofp\libc_nano.a(libc_a-fwalk.o)
                              C:/ST/STM32CubeIDE_1.17.0/STM32CubeIDE/plugins/com.st.stm32cube.ide.mcu.externaltools.gnu-tools-for-stm32.12.3.rel1.win32_1.1.0.202410251130/tools/bin/../lib/gcc/arm-none-eabi/12.3.1/../../../../arm-none-eabi/lib/thumb/v7-m/nofp\libc_nano.a(libc_a-findfp.o) (_fwalk_sglue)
C:/ST/STM32CubeIDE_1.17.0/STM32CubeIDE/plugins/com.st.stm32cube.ide.mcu.externaltools.gnu-tools-for-stm32.12.3.rel1.win32_1.1.0.202410251130/tools/bin/../lib/gcc/arm-none-eabi/12.3.1/../../../../arm-none-eabi/lib/thumb/v7-m/nofp\libc_nano.a(libc_a-stdio.o)
                              C:/ST/STM32CubeIDE_1.17.0/STM32CubeIDE/plugins/com.st.stm32cube.ide.mcu.externaltools.gnu-tools-for-stm32.12.3.rel1.win32_1.1.0.202410251130/tools/bin/../lib/gcc/arm-none-eabi/12.3.1/../../../../arm-none-eabi/lib/thumb/v7-m/nofp\libc_nano.a(libc_a-findfp.o) (__sread)
C:/ST/STM32CubeIDE_1.17.0/STM32CubeIDE/plugins/com.st.stm32cube.ide.mcu.externaltools.gnu-tools-for-stm32.12.3.rel1.win32_1.1.0.202410251130/tools/bin/../lib/gcc/arm-none-eabi/12.3.1/../../../../arm-none-eabi/lib/thumb/v7-m/nofp\libc_nano.a(libc_a-memset.o)
                              C:/ST/STM32CubeIDE_1.17.0/STM32CubeIDE/plugins/com.st.stm32cube.ide.mcu.externaltools.gnu-tools-for-stm32.12.3.rel1.win32_1.1.0.202410251130/tools/bin/../lib/gcc/arm-none-eabi/12.3.1/../../../../arm-none-eabi/lib/thumb/v7-m/nofp/crt0.o (memset)
C:/ST/STM32CubeIDE_1.17.0/STM32CubeIDE/plugins/com.st.stm32cube.ide.mcu.externaltools.gnu-tools-for-stm32.12.3.rel1.win32_1.1.0.202410251130/tools/bin/../lib/gcc/arm-none-eabi/12.3.1/../../../../arm-none-eabi/lib/thumb/v7-m/nofp\libc_nano.a(libc_a-closer.o)
                              C:/ST/STM32CubeIDE_1.17.0/STM32CubeIDE/plugins/com.st.stm32cube.ide.mcu.externaltools.gnu-tools-for-stm32.12.3.rel1.win32_1.1.0.202410251130/tools/bin/../lib/gcc/arm-none-eabi/12.3.1/../../../../arm-none-eabi/lib/thumb/v7-m/nofp\libc_nano.a(libc_a-stdio.o) (_close_r)
C:/ST/STM32CubeIDE_1.17.0/STM32CubeIDE/plugins/com.st.stm32cube.ide.mcu.externaltools.gnu-tools-for-stm32.12.3.rel1.win32_1.1.0.202410251130/tools/bin/../lib/gcc/arm-none-eabi/12.3.1/../../../../arm-none-eabi/lib/thumb/v7-m/nofp\libc_nano.a(libc_a-reent.o)
                              C:/ST/STM32CubeIDE_1.17.0/STM32CubeIDE/plugins/com.st.stm32cube.ide.mcu.externaltools.gnu-tools-for-stm32.12.3.rel1.win32_1.1.0.202410251130/tools/bin/../lib/gcc/arm-none-eabi/12.3.1/../../../../arm-none-eabi/lib/thumb/v7-m/nofp\libc_nano.a(libc_a-closer.o) (errno)
C:/ST/STM32CubeIDE_1.17.0/STM32CubeIDE/plugins/com.st.stm32cube.ide.mcu.externaltools.gnu-tools-for-stm32.12.3.rel1.win32_1.1.0.202410251130/tools/bin/../lib/gcc/arm-none-eabi/12.3.1/../../../../arm-none-eabi/lib/thumb/v7-m/nofp\libc_nano.a(libc_a-impure.o)
                              C:/ST/STM32CubeIDE_1.17.0/STM32CubeIDE/plugins/com.st.stm32cube.ide.mcu.externaltools.gnu-tools-for-stm32.12.3.rel1.win32_1.1.0.202410251130/tools/bin/../lib/gcc/arm-none-eabi/12.3.1/../../../../arm-none-eabi/lib/thumb/v7-m/nofp\libc_nano.a(libc_a-reent.o) (_impure_ptr)
C:/ST/STM32CubeIDE_1.17.0/STM32CubeIDE/plugins/com.st.stm32cube.ide.mcu.externaltools.gnu-tools-for-stm32.12.3.rel1.win32_1.1.0.202410251130/tools/bin/../lib/gcc/arm-none-eabi/12.3.1/../../../../arm-none-eabi/lib/thumb/v7-m/nofp\libc_nano.a(libc_a-lseekr.o)
[...]
Memory Configuration

Name             Origin             Length             Attributes
RAM              0x20000000         0x00005000         xrw
FLASH            0x08000000         0x00010000         xr
*default*        0x00000000         0xffffffff

Linker script and memory map

LOAD C:/ST/STM32CubeIDE_1.17.0/STM32CubeIDE/plugins/com.st.stm32cube.ide.mcu.externaltools.gnu-tools-for-stm32.12.3.rel1.win32_1.1.0.202410251130/tools/bin/../lib/gcc/arm-none-eabi/12.3.1/thumb/v7-m/nofp/crti.o
LOAD C:/ST/STM32CubeIDE_1.17.0/STM32CubeIDE/plugins/com.st.stm32cube.ide.mcu.externaltools.gnu-tools-for-stm32.12.3.rel1.win32_1.1.0.202410251130/tools/bin/../lib/gcc/arm-none-eabi/12.3.1/thumb/v7-m/nofp/crtbegin.o
LOAD C:/ST/STM32CubeIDE_1.17.0/STM32CubeIDE/plugins/com.st.stm32cube.ide.mcu.externaltools.gnu-tools-for-stm32.12.3.rel1.win32_1.1.0.202410251130/tools/bin/../lib/gcc/arm-none-eabi/12.3.1/../../../../arm-none-eabi/lib/thumb/v7-m/nofp/crt0.o
LOAD ./Core/Src/GeneralRemoote.o
LOAD ./Core/Src/IRRemote.o
LOAD ./Core/Src/NTC.o
LOAD ./Core/Src/SegmentsDriver.o
LOAD ./Core/Src/adc.o
LOAD ./Core/Src/gpio.o
LOAD ./Core/Src/i2c.o
LOAD ./Core/Src/main.o
LOAD ./Core/Src/stm32f1xx_hal_msp.o
LOAD ./Core/Src/stm32f1xx_it.o
LOAD ./Core/Src/syscalls.o
LOAD ./Core/Src/sysmem.o
LOAD ./Core/Src/system_stm32f1xx.o
LOAD ./Core/Src/tim.o
LOAD ./Core/Startup/startup_stm32f103c8tx.o
LOAD ./Drivers/STM32F1xx_HAL_Driver/Src/stm32f1xx_hal.o
LOAD ./Drivers/STM32F1xx_HAL_Driver/Src/stm32f1xx_hal_adc.o
LOAD ./Drivers/STM32F1xx_HAL_Driver/Src/stm32f1xx_hal_adc_ex.o
LOAD ./Drivers/STM32F1xx_HAL_Driver/Src/stm32f1xx_hal_cortex.o
LOAD ./Drivers/STM32F1xx_HAL_Driver/Src/stm32f1xx_hal_dma.o
LOAD ./Drivers/STM32F1xx_HAL_Driver/Src/stm32f1xx_hal_exti.o
LOAD ./Drivers/STM32F1xx_HAL_Driver/Src/stm32f1xx_hal_flash.o
LOAD ./Drivers/STM32F1xx_HAL_Driver/Src/stm32f1xx_hal_flash_ex.o
LOAD ./Drivers/STM32F1xx_HAL_Driver/Src/stm32f1xx_hal_gpio.o
LOAD ./Drivers/STM32F1xx_HAL_Driver/Src/stm32f1xx_hal_gpio_ex.o
LOAD ./Drivers/STM32F1xx_HAL_Driver/Src/stm32f1xx_hal_i2c.o
LOAD ./Drivers/STM32F1xx_HAL_Driver/Src/stm32f1xx_hal_pwr.o
LOAD ./Drivers/STM32F1xx_HAL_Driver/Src/stm32f1xx_hal_rcc.o
LOAD ./Drivers/STM32F1xx_HAL_Driver/Src/stm32f1xx_hal_rcc_ex.o
LOAD ./Drivers/STM32F1xx_HAL_Driver/Src/stm32f1xx_hal_tim.o
LOAD ./Drivers/STM32F1xx_HAL_Driver/Src/stm32f1xx_hal_tim_ex.o
START GROUP
LOAD C:/ST/STM32CubeIDE_1.17.0/STM32CubeIDE/plugins/com.st.stm32cube.ide.mcu.externaltools.gnu-tools-for-stm32.12.3.rel1.win32_1.1.0.202410251130/tools/bin/../lib/gcc/arm-none-eabi/12.3.1/../../../../arm-none-eabi/lib/thumb/v7-m/nofp\libc_nano.a
LOAD C:/ST/STM32CubeIDE_1.17.0/STM32CubeIDE/plugins/com.st.stm32cube.ide.mcu.externaltools.gnu-tools-for-stm32.12.3.rel1.win32_1.1.0.202410251130/tools/bin/../lib/gcc/arm-none-eabi/12.3.1/../../../../arm-none-eabi/lib/thumb/v7-m/nofp\libm.a
END GROUP
START GROUP
LOAD C:/ST/STM32CubeIDE_1.17.0/STM32CubeIDE/plugins/com.st.stm32cube.ide.mcu.externaltools.gnu-tools-for-stm32.12.3.rel1.win32_1.1.0.202410251130/tools/bin/../lib/gcc/arm-none-eabi/12.3.1/thumb/v7-m/nofp\libgcc.a
LOAD C:/ST/STM32CubeIDE_1.17.0/STM32CubeIDE/plugins/com.st.stm32cube.ide.mcu.externaltools.gnu-tools-for-stm32.12.3.rel1.win32_1.1.0.202410251130/tools/bin/../lib/gcc/arm-none-eabi/12.3.1/../../../../arm-none-eabi/lib/thumb/v7-m/nofp\libc_nano.a
END GROUP
START GROUP
LOAD C:/ST/STM32CubeIDE_1.17.0/STM32CubeIDE/plugins/com.st.stm32cube.ide.mcu.externaltools.gnu-tools-for-stm32.12.3.rel1.win32_1.1.0.202410251130/tools/bin/../lib/gcc/arm-none-eabi/12.3.1/thumb/v7-m/nofp\libgcc.a
LOAD C:/ST/STM32CubeIDE_1.17.0/STM32CubeIDE/plugins/com.st.stm32cube.ide.mcu.externaltools.gnu-tools-for-stm32.12.3.rel1.win32_1.1.0.202410251130/tools/bin/../lib/gcc/arm-none-eabi/12.3.1/../../../../arm-none-eabi/lib/thumb/v7-m/nofp\libc_nano.a
LOAD C:/ST/STM32CubeIDE_1.17.0/STM32CubeIDE/plugins/com.st.stm32cube.ide.mcu.externaltools.gnu-tools-for-stm32.12.3.rel1.win32_1.1.0.202410251130/tools/bin/../lib/gcc/arm-none-eabi/12.3.1/../../../../arm-none-eabi/lib/thumb/v7-m/nofp\libnosys.a
END GROUP
START GROUP
LOAD C:/ST/STM32CubeIDE_1.17.0/STM32CubeIDE/plugins/com.st.stm32cube.ide.mcu.externaltools.gnu-tools-for-stm32.12.3.rel1.win32_1.1.0.202410251130/tools/bin/../lib/gcc/arm-none-eabi/12.3.1/thumb/v7-m/nofp\libgcc.a
LOAD C:/ST/STM32CubeIDE_1.17.0/STM32CubeIDE/plugins/com.st.stm32cube.ide.mcu.externaltools.gnu-tools-for-stm32.12.3.rel1.win32_1.1.0.202410251130/tools/bin/../lib/gcc/arm-none-eabi/12.3.1/../../../../arm-none-eabi/lib/thumb/v7-m/nofp\libc_nano.a
LOAD C:/ST/STM32CubeIDE_1.17.0/STM32CubeIDE/plugins/com.st.stm32cube.ide.mcu.externaltools.gnu-tools-for-stm32.12.3.rel1.win32_1.1.0.202410251130/tools/bin/../lib/gcc/arm-none-eabi/12.3.1/../../../../arm-none-eabi/lib/thumb/v7-m/nofp\libnosys.a
END GROUP
LOAD C:/ST/STM32CubeIDE_1.17.0/STM32CubeIDE/plugins/com.st.stm32cube.ide.mcu.externaltools.gnu-tools-for-stm32.12.3.rel1.win32_1.1.0.202410251130/tools/bin/../lib/gcc/arm-none-eabi/12.3.1/thumb/v7-m/nofp/crtend.o
LOAD C:/ST/STM32CubeIDE_1.17.0/STM32CubeIDE/plugins/com.st.stm32cube.ide.mcu.externaltools.gnu-tools-for-stm32.12.3.rel1.win32_1.1.0.202410251130/tools/bin/../lib/gcc/arm-none-eabi/12.3.1/thumb/v7-m/nofp/crtn.o
                0x20005000                        _estack = (ORIGIN (RAM) + LENGTH (RAM))
                0x00000200                        _Min_Heap_Size = 0x200
                0x00000400                        _Min_Stack_Size = 0x400

.isr_vector     0x08000000      0x10c
                0x08000000                        . = ALIGN (0x4)
 *(.isr_vector)
 .isr_vector    0x08000000      0x10c ./Core/Startup/startup_stm32f103c8tx.o
                0x08000000                g_pfnVectors
                0x0800010c                        . = ALIGN (0x4)

.text           0x08000110     0xa17c
                0x08000110                        . = ALIGN (0x4)
 *(.text)
 .text          0x08000110       0x40 C:/ST/STM32CubeIDE_1.17.0/STM32CubeIDE/plugins/com.st.stm32cube.ide.mcu.externaltools.gnu-tools-for-stm32.12.3.rel1.win32_1.1.0.202410251130/tools/bin/../lib/gcc/arm-none-eabi/12.3.1/thumb/v7-m/nofp/crtbegin.o
 .text          0x08000150      0x378 C:/ST/STM32CubeIDE_1.17.0/STM32CubeIDE/plugins/com.st.stm32cube.ide.mcu.externaltools.gnu-tools-for-stm32.12.3.rel1.win32_1.1.0.202410251130/tools/bin/../lib/gcc/arm-none-eabi/12.3.1/thumb/v7-m/nofp\libgcc.a(_arm_addsubdf3.o)
                0x08000150                __aeabi_drsub
                0x08000158                __aeabi_dsub
                0x08000158                __subdf3
                0x0800015c                __aeabi_dadd
                0x0800015c                __adddf3
                0x080003d4                __floatunsidf
                0x080003d4                __aeabi_ui2d
                0x080003f4                __floatsidf
                0x080003f4                __aeabi_i2d
                0x08000418                __aeabi_f2d
                0x08000418                __extendsfdf2
                0x0800045c                __floatundidf
                0x0800045c                __aeabi_ul2d
                0x0800046c                __floatdidf
                0x0800046c                __aeabi_l2d
 .text          0x080004c8      0x424 C:/ST/STM32CubeIDE_1.17.0/STM32CubeIDE/plugins/com.st.stm32cube.ide.mcu.externaltools.gnu-tools-for-stm32.12.3.rel1.win32_1.1.0.202410251130/tools/bin/../lib/gcc/arm-none-eabi/12.3.1/thumb/v7-m/nofp\libgcc.a(_arm_muldivdf3.o)
                0x080004c8                __aeabi_dmul
                0x080004c8                __muldf3
                0x0800071c                __divdf3
                0x0800071c                __aeabi_ddiv
 .text          0x080008ec      0x110 C:/ST/STM32CubeIDE_1.17.0/STM32CubeIDE/plugins/com.st.stm32cube.ide.mcu.externaltools.gnu-tools-for-stm32.12.3.rel1.win32_1.1.0.202410251130/tools/bin/../lib/gcc/arm-none-eabi/12.3.1/thumb/v7-m/nofp\libgcc.a(_arm_cmpdf2.o)
                0x080008ec                __gtdf2
                0x080008ec                __gedf2
                0x080008f4                __ltdf2
                0x080008f4                __ledf2
                0x080008fc                __nedf2
                0x080008fc                __eqdf2
                0x080008fc                __cmpdf2
                0x08000978                __aeabi_cdrcmple
                0x08000988                __aeabi_cdcmpeq
                0x08000988                __aeabi_cdcmple
                0x08000998                __aeabi_dcmpeq
                0x080009ac                __aeabi_dcmplt
                0x080009c0                __aeabi_dcmple
                0x080009d4                __aeabi_dcmpge
                0x080009e8                __aeabi_dcmpgt
 .text          0x080009fc       0x2c C:/ST/STM32CubeIDE_1.17.0/STM32CubeIDE/plugins/com.st.stm32cube.ide.mcu.externaltools.gnu-tools-for-stm32.12.3.rel1.win32_1.1.0.202410251130/tools/bin/../lib/gcc/arm-none-eabi/12.3.1/thumb/v7-m/nofp\libgcc.a(_arm_unorddf2.o)
                0x080009fc                __unorddf2
                0x080009fc                __aeabi_dcmpun
 .text          0x08000a28       0xa0 C:/ST/STM32CubeIDE_1.17.0/STM32CubeIDE/plugins/com.st.stm32cube.ide.mcu.externaltools.gnu-tools-for-stm32.12.3.rel1.win32_1.1.0.202410251130/tools/bin/../lib/gcc/arm-none-eabi/12.3.1/thumb/v7-m/nofp\libgcc.a(_arm_truncdfsf2.o)
                0x08000a28                __truncdfsf2
                0x08000a28                __aeabi_d2f
 .text          0x08000ac8      0x21c C:/ST/STM32CubeIDE_1.17.0/STM32CubeIDE/plugins/com.st.stm32cube.ide.mcu.externaltools.gnu-tools-for-stm32.12.3.rel1.win32_1.1.0.202410251130/tools/bin/../lib/gcc/arm-none-eabi/12.3.1/thumb/v7-m/nofp\libgcc.a(_arm_addsubsf3.o)
                0x08000ac8                __aeabi_frsub
                0x08000ad0                __subsf3
                0x08000ad0                __aeabi_fsub
                0x08000ad4                __aeabi_fadd
                0x08000ad4                __addsf3
                0x08000c34                __aeabi_ui2f
                0x08000c34                __floatunsisf
                0x08000c3c                __aeabi_i2f
                0x08000c3c                __floatsisf
                0x08000c58                __aeabi_ul2f
                0x08000c58                __floatundisf
                0x08000c68                __aeabi_l2f
                0x08000c68                __floatdisf
 .text          0x08000ce4      0x2a0 C:/ST/STM32CubeIDE_1.17.0/STM32CubeIDE/plugins/com.st.stm32cube.ide.mcu.externaltools.gnu-tools-for-stm32.12.3.rel1.win32_1.1.0.202410251130/tools/bin/../lib/gcc/arm-none-eabi/12.3.1/thumb/v7-m/nofp\libgcc.a(_arm_muldivsf3.o)
                0x08000ce4                __mulsf3
                0x08000ce4                __aeabi_fmul
                0x08000e4c                __aeabi_fdiv
                0x08000e4c                __divsf3
 .text          0x08000f84       0xec C:/ST/STM32CubeIDE_1.17.0/STM32CubeIDE/plugins/com.st.stm32cube.ide.mcu.externaltools.gnu-tools-for-stm32.12.3.rel1.win32_1.1.0.202410251130/tools/bin/../lib/gcc/arm-none-eabi/12.3.1/thumb/v7-m/nofp\libgcc.a(_arm_cmpsf2.o)
                0x08000f84                __gesf2
                0x08000f84                __gtsf2
                0x08000f8c                __lesf2
                0x08000f8c                __ltsf2
                0x08000f94                __nesf2
                0x08000f94                __eqsf2
                0x08000f94                __cmpsf2
                0x08000ff4                __aeabi_cfrcmple
                0x08000ffc                __aeabi_cfcmpeq
                0x08000ffc                __aeabi_cfcmple
                0x0800100c                __aeabi_fcmpeq
                0x08001020                __aeabi_fcmplt
                0x08001034                __aeabi_fcmple
                0x08001048                __aeabi_fcmpge
                0x0800105c                __aeabi_fcmpgt
 .text          0x08001070       0x40 C:/ST/STM32CubeIDE_1.17.0/STM32CubeIDE/plugins/com.st.stm32cube.ide.mcu.externaltools.gnu-tools-for-stm32.12.3.rel1.win32_1.1.0.202410251130/tools/bin/../lib/gcc/arm-none-eabi/12.3.1/thumb/v7-m/nofp\libgcc.a(_arm_fixunssfsi.o)
                0x08001070                __fixunssfsi
                0x08001070                __aeabi_f2uiz
 *(.text*)
 .text.Haamin_Remote
                0x080010b0     0x19d8 ./Core/Src/GeneralRemoote.o
                0x080010b0                Haamin_Remote
 .text.Haamin_NumberKey
                0x08002a88       0xbc ./Core/Src/GeneralRemoote.o
                0x08002a88                Haamin_NumberKey
 .text.Buzz     0x08002b44       0x40 ./Core/Src/GeneralRemoote.o
                0x08002b44                Buzz
 .text.IR_SetTimeArrayValues
                0x08002b84       0x7c ./Core/Src/IRRemote.o
                0x08002b84                IR_SetTimeArrayValues
 .text.Ir_AnalyzeTimeArrayValues
                0x08002c00      0x118 ./Core/Src/IRRemote.o
                0x08002c00                Ir_AnalyzeTimeArrayValues
 .text.Ir_GetData
                0x08002d18       0x2c ./Core/Src/IRRemote.o
                0x08002d18                Ir_GetData
 .text.Ir_ResetRunning
                0x08002d44       0x20 ./Core/Src/IRRemote.o
                0x08002d44                Ir_ResetRunning
 *fill*         0x08002d64        0x4 
 .text.NTC_Read
                0x08002d68      0x270 ./Core/Src/NTC.o
                0x08002d68                NTC_Read
 .text.Segments_Scan
                0x08002fd8      0x180 ./Core/Src/SegmentsDriver.o
                0x08002fd8                Segments_Scan
 .text.Segment_Map
                0x08003158      0xbb8 ./Core/Src/SegmentsDriver.o
                0x08003158                Segment_Map
 .text.Segment_Set
                0x08003d10       0x28 ./Core/Src/SegmentsDriver.o
                0x08003d10                Segment_Set
 .text.MX_ADC1_Init
                0x08003d38       0x7c ./Core/Src/adc.o
                0x08003d38                MX_ADC1_Init
 .text.HAL_ADC_MspInit
                0x08003db4       0x78 ./Core/Src/adc.o
                0x08003db4                HAL_ADC_MspInit
 .text.MX_GPIO_Init
                0x08003e2c      0x1b4 ./Core/Src/gpio.o
                0x08003e2c                MX_GPIO_Init
 .text.MX_I2C2_Init
                0x08003fe0       0x5c ./Core/Src/i2c.o
                0x08003fe0                MX_I2C2_Init
 .text.HAL_I2C_MspInit
                0x0800403c       0x80 ./Core/Src/i2c.o
                0x0800403c                HAL_I2C_MspInit
 .text.BCD_to_Decimal
                0x080040bc       0x30 ./Core/Src/main.o
                0x080040bc                BCD_to_Decimal
 .text.Decimal_to_BCD
                0x080040ec       0x48 ./Core/Src/main.o
                0x080040ec                Decimal_to_BCD
 .text.DS3231_WriteTime
                0x08004134       0x62 ./Core/Src/main.o
                0x08004134                DS3231_WriteTime
 .text.DS3231_ReadTime
                0x08004196       0x62 ./Core/Src/main.o
                0x08004196                DS3231_ReadTime
 .text.main     0x080041f8     0x22ec ./Core/Src/main.o
                0x080041f8                main
 .text.SystemClock_Config
                0x080064e4       0xb8 ./Core/Src/main.o
                0x080064e4                SystemClock_Config
 .text.Time_Update
                0x0800659c      0x138 ./Core/Src/main.o
                0x0800659c                Time_Update
 .text.TimerCounter_Mode
                0x080066d4       0x54 ./Core/Src/main.o
                0x080066d4                TimerCounter_Mode
 .text.Error_Handler
                0x08006728        0xc ./Core/Src/main.o
                0x08006728                Error_Handler
 .text.HAL_MspInit
                0x08006734       0x64 ./Core/Src/stm32f1xx_hal_msp.o
                0x08006734                HAL_MspInit
 .text.NMI_Handler
                0x08006798        0x8 ./Core/Src/stm32f1xx_it.o
                0x08006798                NMI_Handler
 .text.HardFault_Handler
                0x080067a0        0x8 ./Core/Src/stm32f1xx_it.o
                0x080067a0                HardFault_Handler
 .text.MemManage_Handler
                0x080067a8        0x8 ./Core/Src/stm32f1xx_it.o
                0x080067a8                MemManage_Handler
 .text.BusFault_Handler
                0x080067b0        0x8 ./Core/Src/stm32f1xx_it.o
                0x080067b0                BusFault_Handler
 .text.UsageFault_Handler
                0x080067b8        0x8 ./Core/Src/stm32f1xx_it.o
                0x080067b8                UsageFault_Handler
 .text.SVC_Handler
                0x080067c0        0xc ./Core/Src/stm32f1xx_it.o
                0x080067c0                SVC_Handler
 .text.DebugMon_Handler
                0x080067cc        0xc ./Core/Src/stm32f1xx_it.o
                0x080067cc                DebugMon_Handler
 .text.PendSV_Handler
                0x080067d8        0xc ./Core/Src/stm32f1xx_it.o
                0x080067d8                PendSV_Handler
 .text.SysTick_Handler
                0x080067e4        0xc ./Core/Src/stm32f1xx_it.o
                0x080067e4                SysTick_Handler
 .text.EXTI1_IRQHandler
                0x080067f0       0x12 ./Core/Src/stm32f1xx_it.o
                0x080067f0                EXTI1_IRQHandler
 *fill*         0x08006802        0x2 
 .text.EXTI3_IRQHandler
                0x08006804       0x28 ./Core/Src/stm32f1xx_it.o
                0x08006804                EXTI3_IRQHandler
 .text.TIM2_IRQHandler
                0x0800682c       0x18 ./Core/Src/stm32f1xx_it.o
                0x0800682c                TIM2_IRQHandler
 .text.TIM3_IRQHandler
                0x08006844       0x18 ./Core/Src/stm32f1xx_it.o
                0x08006844                TIM3_IRQHandler
 .text.TIM4_IRQHandler
                0x0800685c       0x18 ./Core/Src/stm32f1xx_it.o
                0x0800685c                TIM4_IRQHandler
 .text.SystemInit
                0x08006874        0xc ./Core/Src/system_stm32f1xx.o
                0x08006874                SystemInit
 .text.MX_TIM2_Init
                0x08006880       0x98 ./Core/Src/tim.o
                0x08006880                MX_TIM2_Init
 .text.MX_TIM3_Init
                0x08006918       0x9c ./Core/Src/tim.o
                0x08006918                MX_TIM3_Init
 .text.MX_TIM4_Init
                0x080069b4       0x9c ./Core/Src/tim.o
                0x080069b4                MX_TIM4_Init
 .text.HAL_TIM_Base_MspInit
                0x08006a50       0xb8 ./Core/Src/tim.o
                0x08006a50                HAL_TIM_Base_MspInit
 .text.Reset_Handler
                0x08006b08       0x48 ./Core/Startup/startup_stm32f103c8tx.o
                0x08006b08                Reset_Handler
 .text.Default_Handler
                0x08006b50        0x2 ./Core/Startup/startup_stm32f103c8tx.o
                0x08006b50                RTC_Alarm_IRQHandler
                0x08006b50                EXTI2_IRQHandler
                0x08006b50                TIM1_CC_IRQHandler
                0x08006b50                PVD_IRQHandler
                0x08006b50                EXTI0_IRQHandler
                0x08006b50                I2C2_EV_IRQHandler
                0x08006b50                ADC1_2_IRQHandler
                0x08006b50                SPI1_IRQHandler
                0x08006b50                TAMPER_IRQHandler
                0x08006b50                DMA1_Channel4_IRQHandler
                0x08006b50                USART3_IRQHandler
                0x08006b50                RTC_IRQHandler
                0x08006b50                DMA1_Channel7_IRQHandler
                0x08006b50                CAN1_RX1_IRQHandler
                0x08006b50                I2C1_EV_IRQHandler
                0x08006b50                DMA1_Channel6_IRQHandler
                0x08006b50                RCC_IRQHandler
                0x08006b50                TIM1_TRG_COM_IRQHandler
                0x08006b50                DMA1_Channel1_IRQHandler
                0x08006b50                Default_Handler
                0x08006b50                EXTI15_10_IRQHandler
                0x08006b50                EXTI9_5_IRQHandler
                0x08006b50                SPI2_IRQHandler
                0x08006b50                DMA1_Channel5_IRQHandler
                0x08006b50                EXTI4_IRQHandler
                0x08006b50                USB_LP_CAN1_RX0_IRQHandler
                0x08006b50                USB_HP_CAN1_TX_IRQHandler
                0x08006b50                DMA1_Channel3_IRQHandler
                0x08006b50                TIM1_UP_IRQHandler
                0x08006b50                WWDG_IRQHandler
                0x08006b50                TIM1_BRK_IRQHandler
                0x08006b50                USART2_IRQHandler
                0x08006b50                I2C2_ER_IRQHandler
                0x08006b50                DMA1_Channel2_IRQHandler
                0x08006b50                CAN1_SCE_IRQHandler
                0x08006b50                FLASH_IRQHandler
                0x08006b50                USART1_IRQHandler
                0x08006b50                I2C1_ER_IRQHandler
                0x08006b50                USBWakeUp_IRQHandler
 *fill*         0x08006b52        0x2 
 .text.HAL_Init
                0x08006b54       0x2c ./Drivers/STM32F1xx_HAL_Driver/Src/stm32f1xx_hal.o
                0x08006b54                HAL_Init
 .text.HAL_InitTick
                0x08006b80       0x60 ./Drivers/STM32F1xx_HAL_Driver/Src/stm32f1xx_hal.o
                0x08006b80                HAL_InitTick
 .text.HAL_IncTick
                0x08006be0       0x24 ./Drivers/STM32F1xx_HAL_Driver/Src/stm32f1xx_hal.o
                0x08006be0                HAL_IncTick
 .text.HAL_GetTick
                0x08006c04       0x14 ./Drivers/STM32F1xx_HAL_Driver/Src/stm32f1xx_hal.o
                0x08006c04                HAL_GetTick
 .text.HAL_Delay
                0x08006c18       0x48 ./Drivers/STM32F1xx_HAL_Driver/Src/stm32f1xx_hal.o
                0x08006c18                HAL_Delay
 .text.HAL_ADC_Init
                0x08006c60      0x1b0 ./Drivers/STM32F1xx_HAL_Driver/Src/stm32f1xx_hal_adc.o
                0x08006c60                HAL_ADC_Init
 .text.HAL_ADC_Start
                0x08006e10      0x15c ./Drivers/STM32F1xx_HAL_Driver/Src/stm32f1xx_hal_adc.o
                0x08006e10                HAL_ADC_Start
 .text.HAL_ADC_PollForConversion
                0x08006f6c      0x20c ./Drivers/STM32F1xx_HAL_Driver/Src/stm32f1xx_hal_adc.o
                0x08006f6c                HAL_ADC_PollForConversion
 .text.HAL_ADC_GetValue
                0x08007178       0x18 ./Drivers/STM32F1xx_HAL_Driver/Src/stm32f1xx_hal_adc.o
                0x08007178                HAL_ADC_GetValue
 .text.HAL_ADC_ConfigChannel
                0x08007190      0x1f0 ./Drivers/STM32F1xx_HAL_Driver/Src/stm32f1xx_hal_adc.o
                0x08007190                HAL_ADC_ConfigChannel
 .text.ADC_Enable
                0x08007380       0xb4 ./Drivers/STM32F1xx_HAL_Driver/Src/stm32f1xx_hal_adc.o
                0x08007380                ADC_Enable
 .text.ADC_ConversionStop_Disable
                0x08007434       0x82 ./Drivers/STM32F1xx_HAL_Driver/Src/stm32f1xx_hal_adc.o
                0x08007434                ADC_ConversionStop_Disable
 *fill*         0x080074b6        0x2 
 .text.__NVIC_SetPriorityGrouping
                0x080074b8       0x48 ./Drivers/STM32F1xx_HAL_Driver/Src/stm32f1xx_hal_cortex.o
 .text.__NVIC_GetPriorityGrouping
                0x08007500       0x1c ./Drivers/STM32F1xx_HAL_Driver/Src/stm32f1xx_hal_cortex.o
 .text.__NVIC_EnableIRQ
                0x0800751c       0x38 ./Drivers/STM32F1xx_HAL_Driver/Src/stm32f1xx_hal_cortex.o
 .text.__NVIC_SetPriority
                0x08007554       0x54 ./Drivers/STM32F1xx_HAL_Driver/Src/stm32f1xx_hal_cortex.o
 .text.NVIC_EncodePriority
                0x080075a8       0x64 ./Drivers/STM32F1xx_HAL_Driver/Src/stm32f1xx_hal_cortex.o
 .text.SysTick_Config
                0x0800760c       0x44 ./Drivers/STM32F1xx_HAL_Driver/Src/stm32f1xx_hal_cortex.o
 .text.HAL_NVIC_SetPriorityGrouping
                0x08007650       0x16 ./Drivers/STM32F1xx_HAL_Driver/Src/stm32f1xx_hal_cortex.o
                0x08007650                HAL_NVIC_SetPriorityGrouping
 .text.HAL_NVIC_SetPriority
                0x08007666       0x38 ./Drivers/STM32F1xx_HAL_Driver/Src/stm32f1xx_hal_cortex.o
                0x08007666                HAL_NVIC_SetPriority
 .text.HAL_NVIC_EnableIRQ
                0x0800769e       0x1c ./Drivers/STM32F1xx_HAL_Driver/Src/stm32f1xx_hal_cortex.o
                0x0800769e                HAL_NVIC_EnableIRQ
 .text.HAL_SYSTICK_Config
                0x080076ba       0x18 ./Drivers/STM32F1xx_HAL_Driver/Src/stm32f1xx_hal_cortex.o
                0x080076ba                HAL_SYSTICK_Config
 *fill*         0x080076d2        0x2 
 .text.HAL_GPIO_Init
                0x080076d4      0x308 ./Drivers/STM32F1xx_HAL_Driver/Src/stm32f1xx_hal_gpio.o
                0x080076d4                HAL_GPIO_Init
 .text.HAL_GPIO_ReadPin
                0x080079dc       0x2e ./Drivers/STM32F1xx_HAL_Driver/Src/stm32f1xx_hal_gpio.o
                0x080079dc                HAL_GPIO_ReadPin
 .text.HAL_GPIO_WritePin
                0x08007a0a       0x30 ./Drivers/STM32F1xx_HAL_Driver/Src/stm32f1xx_hal_gpio.o
                0x08007a0a                HAL_GPIO_WritePin
 *fill*         0x08007a3a        0x2 
 .text.HAL_GPIO_EXTI_IRQHandler
                0x08007a3c       0x30 ./Drivers/STM32F1xx_HAL_Driver/Src/stm32f1xx_hal_gpio.o
                0x08007a3c                HAL_GPIO_EXTI_IRQHandler
 .text.HAL_GPIO_EXTI_Callback
                0x08007a6c       0x14 ./Drivers/STM32F1xx_HAL_Driver/Src/stm32f1xx_hal_gpio.o
                0x08007a6c                HAL_GPIO_EXTI_Callback
 .text.HAL_I2C_Init
                0x08007a80      0x288 ./Drivers/STM32F1xx_HAL_Driver/Src/stm32f1xx_hal_i2c.o
                0x08007a80                HAL_I2C_Init
 .text.HAL_I2C_Mem_Write
                0x08007d08      0x1f4 ./Drivers/STM32F1xx_HAL_Driver/Src/stm32f1xx_hal_i2c.o
                0x08007d08                HAL_I2C_Mem_Write
 .text.HAL_I2C_Mem_Read
                0x08007efc      0x4e8 ./Drivers/STM32F1xx_HAL_Driver/Src/stm32f1xx_hal_i2c.o
                0x08007efc                HAL_I2C_Mem_Read
 .text.I2C_RequestMemoryWrite
                0x080083e4      0x12c ./Drivers/STM32F1xx_HAL_Driver/Src/stm32f1xx_hal_i2c.o
 .text.I2C_RequestMemoryRead
                0x08008510      0x1d0 ./Drivers/STM32F1xx_HAL_Driver/Src/stm32f1xx_hal_i2c.o
 .text.I2C_WaitOnFlagUntilTimeout
                0x080086e0       0xf4 ./Drivers/STM32F1xx_HAL_Driver/Src/stm32f1xx_hal_i2c.o
 .text.I2C_WaitOnMasterAddressFlagUntilTimeout
                0x080087d4      0x140 ./Drivers/STM32F1xx_HAL_Driver/Src/stm32f1xx_hal_i2c.o
 .text.I2C_WaitOnTXEFlagUntilTimeout
                0x08008914       0x90 ./Drivers/STM32F1xx_HAL_Driver/Src/stm32f1xx_hal_i2c.o
 .text.I2C_WaitOnBTFFlagUntilTimeout
                0x080089a4       0x90 ./Drivers/STM32F1xx_HAL_Driver/Src/stm32f1xx_hal_i2c.o
 .text.I2C_WaitOnRXNEFlagUntilTimeout
                0x08008a34       0xba ./Drivers/STM32F1xx_HAL_Driver/Src/stm32f1xx_hal_i2c.o
 .text.I2C_IsAcknowledgeFailed
                0x08008aee       0x5c ./Drivers/STM32F1xx_HAL_Driver/Src/stm32f1xx_hal_i2c.o
 *fill*         0x08008b4a        0x2 
 .text.HAL_RCC_OscConfig
                0x08008b4c      0x504 ./Drivers/STM32F1xx_HAL_Driver/Src/stm32f1xx_hal_rcc.o
                0x08008b4c                HAL_RCC_OscConfig
 .text.HAL_RCC_ClockConfig
                0x08009050      0x1d4 ./Drivers/STM32F1xx_HAL_Driver/Src/stm32f1xx_hal_rcc.o
                0x08009050                HAL_RCC_ClockConfig
 .text.HAL_RCC_GetSysClockFreq
                0x08009224       0xa8 ./Drivers/STM32F1xx_HAL_Driver/Src/stm32f1xx_hal_rcc.o
                0x08009224                HAL_RCC_GetSysClockFreq
 .text.HAL_RCC_GetHCLKFreq
                0x080092cc       0x14 ./Drivers/STM32F1xx_HAL_Driver/Src/stm32f1xx_hal_rcc.o
                0x080092cc                HAL_RCC_GetHCLKFreq
 .text.HAL_RCC_GetPCLK1Freq
                0x080092e0       0x28 ./Drivers/STM32F1xx_HAL_Driver/Src/stm32f1xx_hal_rcc.o
                0x080092e0                HAL_RCC_GetPCLK1Freq
 .text.HAL_RCC_GetPCLK2Freq
                0x08009308       0x28 ./Drivers/STM32F1xx_HAL_Driver/Src/stm32f1xx_hal_rcc.o
                0x08009308                HAL_RCC_GetPCLK2Freq
 .text.RCC_Delay
                0x08009330       0x3c ./Drivers/STM32F1xx_HAL_Driver/Src/stm32f1xx_hal_rcc.o
 .text.HAL_RCCEx_PeriphCLKConfig
                0x0800936c      0x16c ./Drivers/STM32F1xx_HAL_Driver/Src/stm32f1xx_hal_rcc_ex.o
                0x0800936c                HAL_RCCEx_PeriphCLKConfig
 .text.HAL_RCCEx_GetPeriphCLKFreq
                0x080094d8      0x16c ./Drivers/STM32F1xx_HAL_Driver/Src/stm32f1xx_hal_rcc_ex.o
                0x080094d8                HAL_RCCEx_GetPeriphCLKFreq
 .text.HAL_TIM_Base_Init
                0x08009644       0x9e ./Drivers/STM32F1xx_HAL_Driver/Src/stm32f1xx_hal_tim.o
                0x08009644                HAL_TIM_Base_Init
 *fill*         0x080096e2        0x2 
 .text.HAL_TIM_Base_Start_IT
                0x080096e4       0xa4 ./Drivers/STM32F1xx_HAL_Driver/Src/stm32f1xx_hal_tim.o
                0x080096e4                HAL_TIM_Base_Start_IT
 .text.HAL_TIM_IRQHandler
                0x08009788      0x1e0 ./Drivers/STM32F1xx_HAL_Driver/Src/stm32f1xx_hal_tim.o
                0x08009788                HAL_TIM_IRQHandler
 .text.HAL_TIM_ConfigClockSource
                0x08009968      0x18e ./Drivers/STM32F1xx_HAL_Driver/Src/stm32f1xx_hal_tim.o
                0x08009968                HAL_TIM_ConfigClockSource
 .text.HAL_TIM_PeriodElapsedCallback
                0x08009af6       0x12 ./Drivers/STM32F1xx_HAL_Driver/Src/stm32f1xx_hal_tim.o
                0x08009af6                HAL_TIM_PeriodElapsedCallback
 .text.HAL_TIM_OC_DelayElapsedCallback
                0x08009b08       0x12 ./Drivers/STM32F1xx_HAL_Driver/Src/stm32f1xx_hal_tim.o
                0x08009b08                HAL_TIM_OC_DelayElapsedCallback
 .text.HAL_TIM_IC_CaptureCallback
                0x08009b1a       0x12 ./Drivers/STM32F1xx_HAL_Driver/Src/stm32f1xx_hal_tim.o
                0x08009b1a                HAL_TIM_IC_CaptureCallback
 .text.HAL_TIM_PWM_PulseFinishedCallback
                0x08009b2c       0x12 ./Drivers/STM32F1xx_HAL_Driver/Src/stm32f1xx_hal_tim.o
                0x08009b2c                HAL_TIM_PWM_PulseFinishedCallback
 .text.HAL_TIM_TriggerCallback
                0x08009b3e       0x12 ./Drivers/STM32F1xx_HAL_Driver/Src/stm32f1xx_hal_tim.o
                0x08009b3e                HAL_TIM_TriggerCallback
 .text.TIM_Base_SetConfig
                0x08009b50       0xdc ./Drivers/STM32F1xx_HAL_Driver/Src/stm32f1xx_hal_tim.o
                0x08009b50                TIM_Base_SetConfig
 .text.TIM_TI1_ConfigInputStage
                0x08009c2c       0x5c ./Drivers/STM32F1xx_HAL_Driver/Src/stm32f1xx_hal_tim.o
 .text.TIM_TI2_ConfigInputStage
                0x08009c88       0x5e ./Drivers/STM32F1xx_HAL_Driver/Src/stm32f1xx_hal_tim.o
 .text.TIM_ITRx_SetConfig
                0x08009ce6       0x34 ./Drivers/STM32F1xx_HAL_Driver/Src/stm32f1xx_hal_tim.o
 .text.TIM_ETR_SetConfig
                0x08009d1a       0x3e ./Drivers/STM32F1xx_HAL_Driver/Src/stm32f1xx_hal_tim.o
                0x08009d1a                TIM_ETR_SetConfig
 .text.HAL_TIMEx_MasterConfigSynchronization
                0x08009d58       0xbc ./Drivers/STM32F1xx_HAL_Driver/Src/stm32f1xx_hal_tim_ex.o
                0x08009d58                HAL_TIMEx_MasterConfigSynchronization
 .text.HAL_TIMEx_CommutCallback
                0x08009e14       0x12 ./Drivers/STM32F1xx_HAL_Driver/Src/stm32f1xx_hal_tim_ex.o
                0x08009e14                HAL_TIMEx_CommutCallback
 .text.HAL_TIMEx_BreakCallback
                0x08009e26       0x12 ./Drivers/STM32F1xx_HAL_Driver/Src/stm32f1xx_hal_tim_ex.o
                0x08009e26                HAL_TIMEx_BreakCallback
 .text.memset   0x08009e38       0x10 C:/ST/STM32CubeIDE_1.17.0/STM32CubeIDE/plugins/com.st.stm32cube.ide.mcu.externaltools.gnu-tools-for-stm32.12.3.rel1.win32_1.1.0.202410251130/tools/bin/../lib/gcc/arm-none-eabi/12.3.1/../../../../arm-none-eabi/lib/thumb/v7-m/nofp\libc_nano.a(libc_a-memset.o)
                0x08009e38                memset
 .text.__errno  0x08009e48        0xc C:/ST/STM32CubeIDE_1.17.0/STM32CubeIDE/plugins/com.st.stm32cube.ide.mcu.externaltools.gnu-tools-for-stm32.12.3.rel1.win32_1.1.0.202410251130/tools/bin/../lib/gcc/arm-none-eabi/12.3.1/../../../../arm-none-eabi/lib/thumb/v7-m/nofp\libc_nano.a(libc_a-errno.o)
                0x08009e48                __errno
 .text.__libc_init_array
                0x08009e54       0x48 C:/ST/STM32CubeIDE_1.17.0/STM32CubeIDE/plugins/com.st.stm32cube.ide.mcu.externaltools.gnu-tools-for-stm32.12.3.rel1.win32_1.1.0.202410251130/tools/bin/../lib/gcc/arm-none-eabi/12.3.1/../../../../arm-none-eabi/lib/thumb/v7-m/nofp\libc_nano.a(libc_a-init.o)
                0x08009e54                __libc_init_array
 .text.log      0x08009e9c       0x64 C:/ST/STM32CubeIDE_1.17.0/STM32CubeIDE/plugins/com.st.stm32cube.ide.mcu.externaltools.gnu-tools-for-stm32.12.3.rel1.win32_1.1.0.202410251130/tools/bin/../lib/gcc/arm-none-eabi/12.3.1/../../../../arm-none-eabi/lib/thumb/v7-m/nofp\libm.a(libm_a-w_log.o)
                0x08009e9c                log
 .text.nan      0x08009f00        0xc C:/ST/STM32CubeIDE_1.17.0/STM32CubeIDE/plugins/com.st.stm32cube.ide.mcu.externaltools.gnu-tools-for-stm32.12.3.rel1.win32_1.1.0.202410251130/tools/bin/../lib/gcc/arm-none-eabi/12.3.1/../../../../arm-none-eabi/lib/thumb/v7-m/nofp\libm.a(libm_a-s_nan.o)
                0x08009f00                nan
 *fill*         0x08009f0c        0x4 
 .text.__ieee754_log
                0x08009f10      0x364 C:/ST/STM32CubeIDE_1.17.0/STM32CubeIDE/plugins/com.st.stm32cube.ide.mcu.externaltools.gnu-tools-for-stm32.12.3.rel1.win32_1.1.0.202410251130/tools/bin/../lib/gcc/arm-none-eabi/12.3.1/../../../../arm-none-eabi/lib/thumb/v7-m/nofp\libm.a(libm_a-e_log.o)
                0x08009f10                __ieee754_log
 *(.glue_7)
 .glue_7        0x0800a274        0x0 linker stubs
 *(.glue_7t)
 .glue_7t       0x0800a274        0x0 linker stubs
 *(.eh_frame)
 .eh_frame      0x0800a274        0x0 C:/ST/STM32CubeIDE_1.17.0/STM32CubeIDE/plugins/com.st.stm32cube.ide.mcu.externaltools.gnu-tools-for-stm32.12.3.rel1.win32_1.1.0.202410251130/tools/bin/../lib/gcc/arm-none-eabi/12.3.1/thumb/v7-m/nofp/crtbegin.o
 *(.init)
 .init          0x0800a274        0x4 C:/ST/STM32CubeIDE_1.17.0/STM32CubeIDE/plugins/com.st.stm32cube.ide.mcu.externaltools.gnu-tools-for-stm32.12.3.rel1.win32_1.1.0.202410251130/tools/bin/../lib/gcc/arm-none-eabi/12.3.1/thumb/v7-m/nofp/crti.o
                0x0800a274                _init
 .init          0x0800a278        0x8 C:/ST/STM32CubeIDE_1.17.0/STM32CubeIDE/plugins/com.st.stm32cube.ide.mcu.externaltools.gnu-tools-for-stm32.12.3.rel1.win32_1.1.0.202410251130/tools/bin/../lib/gcc/arm-none-eabi/12.3.1/thumb/v7-m/nofp/crtn.o
 *(.fini)
 .fini          0x0800a280        0x4 C:/ST/STM32CubeIDE_1.17.0/STM32CubeIDE/plugins/com.st.stm32cube.ide.mcu.externaltools.gnu-tools-for-stm32.12.3.rel1.win32_1.1.0.202410251130/tools/bin/../lib/gcc/arm-none-eabi/12.3.1/thumb/v7-m/nofp/crti.o
                0x0800a280                _fini
 .fini          0x0800a284        0x8 C:/ST/STM32CubeIDE_1.17.0/STM32CubeIDE/plugins/com.st.stm32cube.ide.mcu.externaltools.gnu-tools-for-stm32.12.3.rel1.win32_1.1.0.202410251130/tools/bin/../lib/gcc/arm-none-eabi/12.3.1/thumb/v7-m/nofp/crtn.o
                0x0800a28c                        . = ALIGN (0x4)
                0x0800a28c                        _etext = .

.vfp11_veneer   0x0800a28c        0x0
 .vfp11_veneer  0x0800a28c        0x0 linker stubs

.v4_bx          0x0800a28c        0x0
 .v4_bx         0x0800a28c        0x0 linker stubs

.iplt           0x0800a28c        0x0
 .iplt          0x0800a28c        0x0 C:/ST/STM32CubeIDE_1.17.0/STM32CubeIDE/plugins/com.st.stm32cube.ide.mcu.externaltools.gnu-tools-for-stm32.12.3.rel1.win32_1.1.0.202410251130/tools/bin/../lib/gcc/arm-none-eabi/12.3.1/thumb/v7-m/nofp/crtbegin.o

.rodata         0x0800a28c       0x40
                0x0800a28c                        . = ALIGN (0x4)
 *(.rodata)
 *(.rodata*)
 .rodata.AHBPrescTable
                0x0800a28c       0x10 ./Core/Src/system_stm32f1xx.o
                0x0800a28c                AHBPrescTable
 .rodata.APBPrescTable
                0x0800a29c        0x8 ./Core/Src/system_stm32f1xx.o
                0x0800a29c                APBPrescTable
 .rodata.aPLLMULFactorTable.1
                0x0800a2a4       0x10 ./Drivers/STM32F1xx_HAL_Driver/Src/stm32f1xx_hal_rcc.o
 .rodata.aPredivFactorTable.0
                0x0800a2b4        0x2 ./Drivers/STM32F1xx_HAL_Driver/Src/stm32f1xx_hal_rcc.o
 *fill*         0x0800a2b6        0x2 
 .rodata.aPLLMULFactorTable.1
                0x0800a2b8       0x10 ./Drivers/STM32F1xx_HAL_Driver/Src/stm32f1xx_hal_rcc_ex.o
 .rodata.aPredivFactorTable.0
                0x0800a2c8        0x2 ./Drivers/STM32F1xx_HAL_Driver/Src/stm32f1xx_hal_rcc_ex.o
 .rodata.log.str1.1
                0x0800a2ca        0x1 C:/ST/STM32CubeIDE_1.17.0/STM32CubeIDE/plugins/com.st.stm32cube.ide.mcu.externaltools.gnu-tools-for-stm32.12.3.rel1.win32_1.1.0.202410251130/tools/bin/../lib/gcc/arm-none-eabi/12.3.1/../../../../arm-none-eabi/lib/thumb/v7-m/nofp\libm.a(libm_a-w_log.o)
                0x0800a2cc                        . = ALIGN (0x4)
 *fill*         0x0800a2cb        0x1 

.ARM.extab      0x0800a2cc        0x0
                0x0800a2cc                        . = ALIGN (0x4)
 *(.ARM.extab* .gnu.linkonce.armextab.*)
                0x0800a2cc                        . = ALIGN (0x4)

.ARM            0x0800a2cc        0x0
                0x0800a2cc                        . = ALIGN (0x4)
                0x0800a2cc                        __exidx_start = .
 *(.ARM.exidx*)
                0x0800a2cc                        __exidx_end = .
                0x0800a2cc                        . = ALIGN (0x4)

.preinit_array  0x0800a2cc        0x0
                0x0800a2cc                        . = ALIGN (0x4)
                0x0800a2cc                        PROVIDE (__preinit_array_start = .)
 *(.preinit_array*)
                0x0800a2cc                        PROVIDE (__preinit_array_end = .)
                0x0800a2cc                        . = ALIGN (0x4)

.init_array     0x0800a2cc        0x4
                0x0800a2cc                        . = ALIGN (0x4)
                0x0800a2cc                        PROVIDE (__init_array_start = .)
 *(SORT_BY_NAME(.init_array.*))
 *(.init_array*)
 .init_array    0x0800a2cc        0x4 C:/ST/STM32CubeIDE_1.17.0/STM32CubeIDE/plugins/com.st.stm32cube.ide.mcu.externaltools.gnu-tools-for-stm32.12.3.rel1.win32_1.1.0.202410251130/tools/bin/../lib/gcc/arm-none-eabi/12.3.1/thumb/v7-m/nofp/crtbegin.o
                0x0800a2d0                        PROVIDE (__init_array_end = .)
                0x0800a2d0                        . = ALIGN (0x4)

.fini_array     0x0800a2d0        0x4
                0x0800a2d0                        . = ALIGN (0x4)
                [!provide]                        PROVIDE (__fini_array_start = .)
 *(SORT_BY_NAME(.fini_array.*))
 *(.fini_array*)
 .fini_array    0x0800a2d0        0x4 C:/ST/STM32CubeIDE_1.17.0/STM32CubeIDE/plugins/com.st.stm32cube.ide.mcu.externaltools.gnu-tools-for-stm32.12.3.rel1.win32_1.1.0.202410251130/tools/bin/../lib/gcc/arm-none-eabi/12.3.1/thumb/v7-m/nofp/crtbegin.o
                [!provide]                        PROVIDE (__fini_array_end = .)
                0x0800a2d4                        . = ALIGN (0x4)
                0x0800a2d4                        _sidata = LOADADDR (.data)

.rel.dyn        0x0800a2d4        0x0
 .rel.iplt      0x0800a2d4        0x0 C:/ST/STM32CubeIDE_1.17.0/STM32CubeIDE/plugins/com.st.stm32cube.ide.mcu.externaltools.gnu-tools-for-stm32.12.3.rel1.win32_1.1.0.202410251130/tools/bin/../lib/gcc/arm-none-eabi/12.3.1/thumb/v7-m/nofp/crtbegin.o

.data           0x20000000       0x74 load address 0x0800a2d4
                0x20000000                        . = ALIGN (0x4)
                0x20000000                        _sdata = .
 *(.data)
 *(.data*)
 .data.muteFlag
                0x20000000        0x1 ./Core/Src/GeneralRemoote.o
                0x20000000                muteFlag
 .data.work_Mode
                0x20000001        0x1 ./Core/Src/main.o
                0x20000001                work_Mode
 .data.time_Mode
                0x20000002        0x1 ./Core/Src/main.o
                0x20000002                time_Mode
 .data.position_Level
                0x20000003        0x1 ./Core/Src/main.o
                0x20000003                position_Level
 .data.tmpShow  0x20000004        0x1 ./Core/Src/main.o
                0x20000004                tmpShow
 .data.temperature
                0x20000005        0x1 ./Core/Src/main.o
                0x20000005                temperature
 .data.Condition
                0x20000006        0x1 ./Core/Src/main.o
                0x20000006                Condition
 .data.tabata_Act_Def
                0x20000007        0x1 ./Core/Src/main.o
                0x20000007                tabata_Act_Def
 .data.tabata_Round_Def
                0x20000008        0x1 ./Core/Src/main.o
                0x20000008                tabata_Round_Def
 .data.tabata_Rest_Def
                0x20000009        0x1 ./Core/Src/main.o
                0x20000009                tabata_Rest_Def
 .data.emom_Round_Def
                0x2000000a        0x1 ./Core/Src/main.o
                0x2000000a                emom_Round_Def
 .data.emom_Time_Def
                0x2000000b        0x1 ./Core/Src/main.o
                0x2000000b                emom_Time_Def
 .data.amrap_Second_Def
                0x2000000c        0x1 ./Core/Src/main.o
                0x2000000c                amrap_Second_Def
 .data.amrap_Minute_Def
                0x2000000d        0x1 ./Core/Src/main.o
                0x2000000d                amrap_Minute_Def
 .data.first_Set
                0x2000000e        0x1 ./Core/Src/main.o
                0x2000000e                first_Set
 .data.second_Set
                0x2000000f        0x1 ./Core/Src/main.o
                0x2000000f                second_Set
 .data.mix_Minute
                0x20000010        0x4 ./Core/Src/main.o
                0x20000010                mix_Minute
 .data.upTime_Minute_Defult
                0x20000014        0x1 ./Core/Src/main.o
                0x20000014                upTime_Minute_Defult
 .data.dnTime_Minute_Defult
                0x20000015        0x1 ./Core/Src/main.o
                0x20000015                dnTime_Minute_Defult
 .data.timer_SrUpEn
                0x20000016        0x1 ./Core/Src/main.o
                0x20000016                timer_SrUpEn
 *fill*         0x20000017        0x1 
 .data.SystemCoreClock
                0x20000018        0x4 ./Core/Src/system_stm32f1xx.o
                0x20000018                SystemCoreClock
 .data.uwTickPrio
                0x2000001c        0x4 ./Drivers/STM32F1xx_HAL_Driver/Src/stm32f1xx_hal.o
                0x2000001c                uwTickPrio
 .data.uwTickFreq
                0x20000020        0x1 ./Drivers/STM32F1xx_HAL_Driver/Src/stm32f1xx_hal.o
                0x20000020                uwTickFreq
 *fill*         0x20000021        0x3 
 .data._impure_ptr
                0x20000024        0x4 C:/ST/STM32CubeIDE_1.17.0/STM32CubeIDE/plugins/com.st.stm32cube.ide.mcu.externaltools.gnu-tools-for-stm32.12.3.rel1.win32_1.1.0.202410251130/tools/bin/../lib/gcc/arm-none-eabi/12.3.1/../../../../arm-none-eabi/lib/thumb/v7-m/nofp\libc_nano.a(libc_a-impure.o)
                0x20000024                _impure_ptr
 .data._impure_data
                0x20000028       0x4c C:/ST/STM32CubeIDE_1.17.0/STM32CubeIDE/plugins/com.st.stm32cube.ide.mcu.externaltools.gnu-tools-for-stm32.12.3.rel1.win32_1.1.0.202410251130/tools/bin/../lib/gcc/arm-none-eabi/12.3.1/../../../../arm-none-eabi/lib/thumb/v7-m/nofp\libc_nano.a(libc_a-impure.o)
                0x20000028                _impure_data
 *(.RamFunc)
 *(.RamFunc*)
                0x20000074                        . = ALIGN (0x4)
                0x20000074                        _edata = .

.igot.plt       0x20000074        0x0 load address 0x0800a348
 .igot.plt      0x20000074        0x0 C:/ST/STM32CubeIDE_1.17.0/STM32CubeIDE/plugins/com.st.stm32cube.ide.mcu.externaltools.gnu-tools-for-stm32.12.3.rel1.win32_1.1.0.202410251130/tools/bin/../lib/gcc/arm-none-eabi/12.3.1/thumb/v7-m/nofp/crtbegin.o
                0x20000074                        . = ALIGN (0x4)

.bss            0x20000074      0x390 load address 0x0800a348
                0x20000074                        _sbss = .
                0x20000074                        __bss_start__ = _sbss
 *(.bss)
 .bss           0x20000074       0x1c C:/ST/STM32CubeIDE_1.17.0/STM32CubeIDE/plugins/com.st.stm32cube.ide.mcu.externaltools.gnu-tools-for-stm32.12.3.rel1.win32_1.1.0.202410251130/tools/bin/../lib/gcc/arm-none-eabi/12.3.1/thumb/v7-m/nofp/crtbegin.o
 *(.bss*)
 .bss.valuSetting_tmp
                0x20000090        0x1 ./Core/Src/GeneralRemoote.o
                0x20000090                valuSetting_tmp
 .bss.valueNumber
                0x20000091        0x1 ./Core/Src/GeneralRemoote.o
                0x20000091                valueNumber
 .bss.valueFeedback
                0x20000092        0x1 ./Core/Src/GeneralRemoote.o
                0x20000092                valueFeedback
 *fill*         0x20000093        0x1 
 .bss.ir_TimeValue
                0x20000094       0x42 ./Core/Src/IRRemote.o
                0x20000094                ir_TimeValue
 .bss.ir_ArrayIndex
                0x200000d6        0x1 ./Core/Src/IRRemote.o
                0x200000d6                ir_ArrayIndex
 .bss.ir_DataReady
                0x200000d7        0x1 ./Core/Src/IRRemote.o
                0x200000d7                ir_DataReady
 .bss.ir_Data   0x200000d8        0x2 ./Core/Src/IRRemote.o
                0x200000d8                ir_Data
 .bss.ir_running
                0x200000da        0x1 ./Core/Src/IRRemote.o
                0x200000da                ir_running
 *fill*         0x200000db        0x1 
 .bss.samples   0x200000dc       0x28 ./Core/Src/NTC.o
                0x200000dc                samples
 .bss.average   0x20000104        0x4 ./Core/Src/NTC.o
                0x20000104                average
 .bss.steinhart
                0x20000108        0x4 ./Core/Src/NTC.o
                0x20000108                steinhart
 .bss.i         0x2000010c        0x1 ./Core/Src/NTC.o
                0x2000010c                i
 *fill*         0x2000010d        0x3 
 .bss.resistance
                0x20000110        0x4 ./Core/Src/NTC.o
                0x20000110                resistance
 .bss.segment_position
                0x20000114        0x1 ./Core/Src/SegmentsDriver.o
                0x20000114                segment_position
 *fill*         0x20000115        0x3 
 .bss.segment_value
                0x20000118        0xe ./Core/Src/SegmentsDriver.o
                0x20000118                segment_value
 *fill*         0x20000126        0x2 
 .bss.hadc1     0x20000128       0x30 ./Core/Src/adc.o
                0x20000128                hadc1
 .bss.hi2c2     0x20000158       0x54 ./Core/Src/i2c.o
                0x20000158                hi2c2
 .bss.time_Hour
                0x200001ac        0x1 ./Core/Src/main.o
                0x200001ac                time_Hour
 .bss.time_Minute
                0x200001ad        0x1 ./Core/Src/main.o
                0x200001ad                time_Minute
 .bss.time_Second
                0x200001ae        0x1 ./Core/Src/main.o
                0x200001ae                time_Second
 .bss.time_SecBit
                0x200001af        0x1 ./Core/Src/main.o
                0x200001af                time_SecBit
 .bss.time_Out  0x200001b0        0x1 ./Core/Src/main.o
                0x200001b0                time_Out
 .bss.time_Hour_t
                0x200001b1        0x1 ./Core/Src/main.o
                0x200001b1                time_Hour_t
 .bss.time_Minute_t
                0x200001b2        0x1 ./Core/Src/main.o
                0x200001b2                time_Minute_t
 .bss.timeValue
                0x200001b3        0x1 ./Core/Src/main.o
                0x200001b3                timeValue
 .bss.irRemote  0x200001b4        0x2 ./Core/Src/main.o
                0x200001b4                irRemote
 .bss.time_TmpShow
                0x200001b6        0x1 ./Core/Src/main.o
                0x200001b6                time_TmpShow
 .bss.time_DateShow
                0x200001b7        0x1 ./Core/Src/main.o
                0x200001b7                time_DateShow
 .bss.tempreture_read
                0x200001b8        0x1 ./Core/Src/main.o
                0x200001b8                tempreture_read
 .bss.PM_Mode   0x200001b9        0x1 ./Core/Src/main.o
                0x200001b9                PM_Mode
 .bss.tabata_Act
                0x200001ba        0x1 ./Core/Src/main.o
                0x200001ba                tabata_Act
 .bss.tabata_Round
                0x200001bb        0x1 ./Core/Src/main.o
                0x200001bb                tabata_Round
 .bss.tabata_Rest
                0x200001bc        0x1 ./Core/Src/main.o
                0x200001bc                tabata_Rest
 .bss.tabata_Mode
                0x200001bd        0x1 ./Core/Src/main.o
                0x200001bd                tabata_Mode
 .bss.emom_Act  0x200001be        0x1 ./Core/Src/main.o
                0x200001be                emom_Act
 .bss.emom_Round
                0x200001bf        0x1 ./Core/Src/main.o
                0x200001bf                emom_Round
 .bss.emom_Time
                0x200001c0        0x1 ./Core/Src/main.o
                0x200001c0                emom_Time
 .bss.emom_Act_Def
                0x200001c1        0x1 ./Core/Src/main.o
                0x200001c1                emom_Act_Def
 .bss.emom_Time_tmp
                0x200001c2        0x1 ./Core/Src/main.o
                0x200001c2                emom_Time_tmp
 .bss.emom_Mode
                0x200001c3        0x1 ./Core/Src/main.o
                0x200001c3                emom_Mode
 .bss.amrap_Second
                0x200001c4        0x4 ./Core/Src/main.o
                0x200001c4                amrap_Second
 .bss.amrap_Minute
                0x200001c8        0x4 ./Core/Src/main.o
                0x200001c8                amrap_Minute
 .bss.amrap_Act
                0x200001cc        0x1 ./Core/Src/main.o
                0x200001cc                amrap_Act
 .bss.amrap_Mode
                0x200001cd        0x1 ./Core/Src/main.o
                0x200001cd                amrap_Mode
 .bss.mix_Step  0x200001ce        0x1 ./Core/Src/main.o
                0x200001ce                mix_Step
 *fill*         0x200001cf        0x1 
 .bss.mix_Second
                0x200001d0        0x4 ./Core/Src/main.o
                0x200001d0                mix_Second
 .bss.mix_Mode  0x200001d4        0x1 ./Core/Src/main.o
                0x200001d4                mix_Mode
 .bss.mix_Flag  0x200001d5        0x1 ./Core/Src/main.o
                0x200001d5                mix_Flag
 .bss.mix_Runnig
                0x200001d6        0x1 ./Core/Src/main.o
                0x200001d6                mix_Runnig
 .bss.cross_TimeStarting
                0x200001d7        0x1 ./Core/Src/main.o
                0x200001d7                cross_TimeStarting
 .bss.cross_Mode
                0x200001d8        0x1 ./Core/Src/main.o
                0x200001d8                cross_Mode
 .bss.cross_StartUp
                0x200001d9        0x1 ./Core/Src/main.o
                0x200001d9                cross_StartUp
 .bss.cross_Run
                0x200001da        0x1 ./Core/Src/main.o
                0x200001da                cross_Run
 .bss.cross_SrUpEn
                0x200001db        0x1 ./Core/Src/main.o
                0x200001db                cross_SrUpEn
 .bss.cross_Value
                0x200001dc        0x1 ./Core/Src/main.o
                0x200001dc                cross_Value
 .bss.upTime_Second
                0x200001dd        0x1 ./Core/Src/main.o
                0x200001dd                upTime_Second
 .bss.upTime_Minute
                0x200001de        0x1 ./Core/Src/main.o
                0x200001de                upTime_Minute
 *fill*         0x200001df        0x1 
 .bss.dnTime_Second
                0x200001e0        0x4 ./Core/Src/main.o
                0x200001e0                dnTime_Second
 .bss.dnTime_Minute
                0x200001e4        0x4 ./Core/Src/main.o
                0x200001e4                dnTime_Minute
 .bss.timer_Second
                0x200001e8        0x1 ./Core/Src/main.o
                0x200001e8                timer_Second
 .bss.timer_mili_Second
                0x200001e9        0x1 ./Core/Src/main.o
                0x200001e9                timer_mili_Second
 .bss.counter_Value
                0x200001ea        0x1 ./Core/Src/main.o
                0x200001ea                counter_Value
 .bss.timer_TimeStarting
                0x200001eb        0x1 ./Core/Src/main.o
                0x200001eb                timer_TimeStarting
 .bss.timer_Mode
                0x200001ec        0x1 ./Core/Src/main.o
                0x200001ec                timer_Mode
 .bss.timer_StartUp
                0x200001ed        0x1 ./Core/Src/main.o
                0x200001ed                timer_StartUp
 .bss.timer_Run
                0x200001ee        0x1 ./Core/Src/main.o
                0x200001ee                timer_Run
 .bss.timer_Value
                0x200001ef        0x1 ./Core/Src/main.o
                0x200001ef                timer_Value
 .bss.htim2     0x200001f0       0x48 ./Core/Src/tim.o
                0x200001f0                htim2
 .bss.htim3     0x20000238       0x48 ./Core/Src/tim.o
                0x20000238                htim3
 .bss.htim4     0x20000280       0x48 ./Core/Src/tim.o
                0x20000280                htim4
 .bss.uwTick    0x200002c8        0x4 ./Drivers/STM32F1xx_HAL_Driver/Src/stm32f1xx_hal.o
                0x200002c8                uwTick
 .bss.__sf      0x200002cc      0x138 C:/ST/STM32CubeIDE_1.17.0/STM32CubeIDE/plugins/com.st.stm32cube.ide.mcu.externaltools.gnu-tools-for-stm32.12.3.rel1.win32_1.1.0.202410251130/tools/bin/../lib/gcc/arm-none-eabi/12.3.1/../../../../arm-none-eabi/lib/thumb/v7-m/nofp\libc_nano.a(libc_a-findfp.o)
                0x200002cc                __sf
 *(COMMON)
                0x20000404                        . = ALIGN (0x4)
                0x20000404                        _ebss = .
                0x20000404                        __bss_end__ = _ebss

._user_heap_stack
                0x20000404      0x604 load address 0x0800a348
                0x20000408                        . = ALIGN (0x8)
 *fill*         0x20000404        0x4 
                [!provide]                        PROVIDE (end = .)
                0x20000408                        PROVIDE (_end = .)
                0x20000608                        . = (. + _Min_Heap_Size)
 *fill*         0x20000408      0x200 
                0x20000a08                        . = (. + _Min_Stack_Size)
 *fill*         0x20000608      0x400 
                0x20000a08                        . = ALIGN (0x8)

/DISCARD/
 libc.a(*)
 libm.a(*)
 libgcc.a(*)

.ARM.attributes
                0x00000000       0x29
 *(.ARM.attributes)
 .ARM.attributes
                0x00000000       0x1d C:/ST/STM32CubeIDE_1.17.0/STM32CubeIDE/plugins/com.st.stm32cube.ide.mcu.externaltools.gnu-tools-for-stm32.12.3.rel1.win32_1.1.0.202410251130/tools/bin/../lib/gcc/arm-none-eabi/12.3.1/thumb/v7-m/nofp/crti.o
 .ARM.attributes
                0x0000001d       0x2d C:/ST/STM32CubeIDE_1.17.0/STM32CubeIDE/plugins/com.st.stm32cube.ide.mcu.externaltools.gnu-tools-for-stm32.12.3.rel1.win32_1.1.0.202410251130/tools/bin/../lib/gcc/arm-none-eabi/12.3.1/thumb/v7-m/nofp/crtbegin.o
 .ARM.attributes
                0x0000004a       0x2d ./Core/Src/GeneralRemoote.o
 .ARM.attributes
                0x00000077       0x2d ./Core/Src/IRRemote.o
 .ARM.attributes
                0x000000a4       0x2d ./Core/Src/NTC.o
 .ARM.attributes
                0x000000d1       0x2d ./Core/Src/SegmentsDriver.o
 .ARM.attributes
                0x000000fe       0x2d ./Core/Src/adc.o
 .ARM.attributes
                0x0000012b       0x2d ./Core/Src/gpio.o
 .ARM.attributes
                0x00000158       0x2d ./Core/Src/i2c.o
 .ARM.attributes
                0x00000185       0x2d ./Core/Src/main.o
 .ARM.attributes
                0x000001b2       0x2d ./Core/Src/stm32f1xx_hal_msp.o
 .ARM.attributes
                0x000001df       0x2d ./Core/Src/stm32f1xx_it.o
 .ARM.attributes
                0x0000020c       0x2d ./Core/Src/system_stm32f1xx.o
 .ARM.attributes
                0x00000239       0x2d ./Core/Src/tim.o
 .ARM.attributes
                0x00000266       0x21 ./Core/Startup/startup_stm32f103c8tx.o
 .ARM.attributes
                0x00000287       0x2d ./Drivers/STM32F1xx_HAL_Driver/Src/stm32f1xx_hal.o
 .ARM.attributes
                0x000002b4       0x2d ./Drivers/STM32F1xx_HAL_Driver/Src/stm32f1xx_hal_adc.o
 .ARM.attributes
                0x000002e1       0x2d ./Drivers/STM32F1xx_HAL_Driver/Src/stm32f1xx_hal_cortex.o
 .ARM.attributes
                0x0000030e       0x2d ./Drivers/STM32F1xx_HAL_Driver/Src/stm32f1xx_hal_gpio.o
 .ARM.attributes
                0x0000033b       0x2d ./Drivers/STM32F1xx_HAL_Driver/Src/stm32f1xx_hal_i2c.o
 .ARM.attributes
                0x00000368       0x2d ./Drivers/STM32F1xx_HAL_Driver/Src/stm32f1xx_hal_rcc.o
 .ARM.attributes
                0x00000395       0x2d ./Drivers/STM32F1xx_HAL_Driver/Src/stm32f1xx_hal_rcc_ex.o
 .ARM.attributes
                0x000003c2       0x2d ./Drivers/STM32F1xx_HAL_Driver/Src/stm32f1xx_hal_tim.o
 .ARM.attributes
                0x000003ef       0x2d ./Drivers/STM32F1xx_HAL_Driver/Src/stm32f1xx_hal_tim_ex.o
 .ARM.attributes
                0x0000041c       0x2d C:/ST/STM32CubeIDE_1.17.0/STM32CubeIDE/plugins/com.st.stm32cube.ide.mcu.externaltools.gnu-tools-for-stm32.12.3.rel1.win32_1.1.0.202410251130/tools/bin/../lib/gcc/arm-none-eabi/12.3.1/../../../../arm-none-eabi/lib/thumb/v7-m/nofp\libc_nano.a(libc_a-findfp.o)
 .ARM.attributes
                0x00000449       0x2d C:/ST/STM32CubeIDE_1.17.0/STM32CubeIDE/plugins/com.st.stm32cube.ide.mcu.externaltools.gnu-tools-for-stm32.12.3.rel1.win32_1.1.0.202410251130/tools/bin/../lib/gcc/arm-none-eabi/12.3.1/../../../../arm-none-eabi/lib/thumb/v7-m/nofp\libc_nano.a(libc_a-memset.o)
 .ARM.attributes
                0x00000476       0x2d C:/ST/STM32CubeIDE_1.17.0/STM32CubeIDE/plugins/com.st.stm32cube.ide.mcu.externaltools.gnu-tools-for-stm32.12.3.rel1.win32_1.1.0.202410251130/tools/bin/../lib/gcc/arm-none-eabi/12.3.1/../../../../arm-none-eabi/lib/thumb/v7-m/nofp\libc_nano.a(libc_a-impure.o)
 .ARM.attributes
                0x000004a3       0x2d C:/ST/STM32CubeIDE_1.17.0/STM32CubeIDE/plugins/com.st.stm32cube.ide.mcu.externaltools.gnu-tools-for-stm32.12.3.rel1.win32_1.1.0.202410251130/tools/bin/../lib/gcc/arm-none-eabi/12.3.1/../../../../arm-none-eabi/lib/thumb/v7-m/nofp\libc_nano.a(libc_a-errno.o)
 .ARM.attributes
                0x000004d0       0x2d C:/ST/STM32CubeIDE_1.17.0/STM32CubeIDE/plugins/com.st.stm32cube.ide.mcu.externaltools.gnu-tools-for-stm32.12.3.rel1.win32_1.1.0.202410251130/tools/bin/../lib/gcc/arm-none-eabi/12.3.1/../../../../arm-none-eabi/lib/thumb/v7-m/nofp\libc_nano.a(libc_a-init.o)
 .ARM.attributes
                0x000004fd       0x2d C:/ST/STM32CubeIDE_1.17.0/STM32CubeIDE/plugins/com.st.stm32cube.ide.mcu.externaltools.gnu-tools-for-stm32.12.3.rel1.win32_1.1.0.202410251130/tools/bin/../lib/gcc/arm-none-eabi/12.3.1/../../../../arm-none-eabi/lib/thumb/v7-m/nofp\libm.a(libm_a-w_log.o)
 .ARM.attributes
                0x0000052a       0x2d C:/ST/STM32CubeIDE_1.17.0/STM32CubeIDE/plugins/com.st.stm32cube.ide.mcu.externaltools.gnu-tools-for-stm32.12.3.rel1.win32_1.1.0.202410251130/tools/bin/../lib/gcc/arm-none-eabi/12.3.1/../../../../arm-none-eabi/lib/thumb/v7-m/nofp\libm.a(libm_a-s_nan.o)
 .ARM.attributes
                0x00000557       0x2d C:/ST/STM32CubeIDE_1.17.0/STM32CubeIDE/plugins/com.st.stm32cube.ide.mcu.externaltools.gnu-tools-for-stm32.12.3.rel1.win32_1.1.0.202410251130/tools/bin/../lib/gcc/arm-none-eabi/12.3.1/../../../../arm-none-eabi/lib/thumb/v7-m/nofp\libm.a(libm_a-e_log.o)
 .ARM.attributes
                0x00000584       0x1d C:/ST/STM32CubeIDE_1.17.0/STM32CubeIDE/plugins/com.st.stm32cube.ide.mcu.externaltools.gnu-tools-for-stm32.12.3.rel1.win32_1.1.0.202410251130/tools/bin/../lib/gcc/arm-none-eabi/12.3.1/thumb/v7-m/nofp\libgcc.a(_arm_addsubdf3.o)
 .ARM.attributes
                0x000005a1       0x1d C:/ST/STM32CubeIDE_1.17.0/STM32CubeIDE/plugins/com.st.stm32cube.ide.mcu.externaltools.gnu-tools-for-stm32.12.3.rel1.win32_1.1.0.202410251130/tools/bin/../lib/gcc/arm-none-eabi/12.3.1/thumb/v7-m/nofp\libgcc.a(_arm_muldivdf3.o)
 .ARM.attributes
                0x000005be       0x1d C:/ST/STM32CubeIDE_1.17.0/STM32CubeIDE/plugins/com.st.stm32cube.ide.mcu.externaltools.gnu-tools-for-stm32.12.3.rel1.win32_1.1.0.202410251130/tools/bin/../lib/gcc/arm-none-eabi/12.3.1/thumb/v7-m/nofp\libgcc.a(_arm_cmpdf2.o)
 .ARM.attributes
                0x000005db       0x1d C:/ST/STM32CubeIDE_1.17.0/STM32CubeIDE/plugins/com.st.stm32cube.ide.mcu.externaltools.gnu-tools-for-stm32.12.3.rel1.win32_1.1.0.202410251130/tools/bin/../lib/gcc/arm-none-eabi/12.3.1/thumb/v7-m/nofp\libgcc.a(_arm_unorddf2.o)
 .ARM.attributes
                0x000005f8       0x1d C:/ST/STM32CubeIDE_1.17.0/STM32CubeIDE/plugins/com.st.stm32cube.ide.mcu.externaltools.gnu-tools-for-stm32.12.3.rel1.win32_1.1.0.202410251130/tools/bin/../lib/gcc/arm-none-eabi/12.3.1/thumb/v7-m/nofp\libgcc.a(_arm_truncdfsf2.o)
 .ARM.attributes
                0x00000615       0x1d C:/ST/STM32CubeIDE_1.17.0/STM32CubeIDE/plugins/com.st.stm32cube.ide.mcu.externaltools.gnu-tools-for-stm32.12.3.rel1.win32_1.1.0.202410251130/tools/bin/../lib/gcc/arm-none-eabi/12.3.1/thumb/v7-m/nofp\libgcc.a(_arm_addsubsf3.o)
 .ARM.attributes
                0x00000632       0x1d C:/ST/STM32CubeIDE_1.17.0/STM32CubeIDE/plugins/com.st.stm32cube.ide.mcu.externaltools.gnu-tools-for-stm32.12.3.rel1.win32_1.1.0.202410251130/tools/bin/../lib/gcc/arm-none-eabi/12.3.1/thumb/v7-m/nofp\libgcc.a(_arm_muldivsf3.o)
 .ARM.attributes
                0x0000064f       0x1d C:/ST/STM32CubeIDE_1.17.0/STM32CubeIDE/plugins/com.st.stm32cube.ide.mcu.externaltools.gnu-tools-for-stm32.12.3.rel1.win32_1.1.0.202410251130/tools/bin/../lib/gcc/arm-none-eabi/12.3.1/thumb/v7-m/nofp\libgcc.a(_arm_cmpsf2.o)
 .ARM.attributes
                0x0000066c       0x1d C:/ST/STM32CubeIDE_1.17.0/STM32CubeIDE/plugins/com.st.stm32cube.ide.mcu.externaltools.gnu-tools-for-stm32.12.3.rel1.win32_1.1.0.202410251130/tools/bin/../lib/gcc/arm-none-eabi/12.3.1/thumb/v7-m/nofp\libgcc.a(_arm_fixunssfsi.o)
 .ARM.attributes
                0x00000689       0x1d C:/ST/STM32CubeIDE_1.17.0/STM32CubeIDE/plugins/com.st.stm32cube.ide.mcu.externaltools.gnu-tools-for-stm32.12.3.rel1.win32_1.1.0.202410251130/tools/bin/../lib/gcc/arm-none-eabi/12.3.1/thumb/v7-m/nofp/crtn.o
OUTPUT(1535_Clock.elf elf32-littlearm)
LOAD linker stubs
LOAD C:/ST/STM32CubeIDE_1.17.0/STM32CubeIDE/plugins/com.st.stm32cube.ide.mcu.externaltools.gnu-tools-for-stm32.12.3.rel1.win32_1.1.0.202410251130/tools/bin/../lib/gcc/arm-none-eabi/12.3.1/../../../../arm-none-eabi/lib/thumb/v7-m/nofp\libc.a
LOAD C:/ST/STM32CubeIDE_1.17.0/STM32CubeIDE/plugins/com.st.stm32cube.ide.mcu.externaltools.gnu-tools-for-stm32.12.3.rel1.win32_1.1.0.202410251130/tools/bin/../lib/gcc/arm-none-eabi/12.3.1/../../../../arm-none-eabi/lib/thumb/v7-m/nofp\libm.a
LOAD C:/ST/STM32CubeIDE_1.17.0/STM32CubeIDE/plugins/com.st.stm32cube.ide.mcu.externaltools.gnu-tools-for-stm32.12.3.rel1.win32_1.1.0.202410251130/tools/bin/../lib/gcc/arm-none-eabi/12.3.1/thumb/v7-m/nofp\libgcc.a

.debug_info     0x00000000     0xe68b
 .debug_info    0x00000000      0x9fa ./Core/Src/GeneralRemoote.o
 .debug_info    0x000009fa      0x1d4 ./Core/Src/IRRemote.o
 .debug_info    0x00000bce      0x636 ./Core/Src/NTC.o
 .debug_info    0x00001204      0x260 ./Core/Src/SegmentsDriver.o
 .debug_info    0x00001464      0x7b8 ./Core/Src/adc.o
 .debug_info    0x00001c1c      0x44e ./Core/Src/gpio.o
 .debug_info    0x0000206a      0x7e3 ./Core/Src/i2c.o
 .debug_info    0x0000284d     0x157e ./Core/Src/main.o
 .debug_info    0x00003dcb      0x1f1 ./Core/Src/stm32f1xx_hal_msp.o
 .debug_info    0x00003fbc      0x7cd ./Core/Src/stm32f1xx_it.o
 .debug_info    0x00004789      0x222 ./Core/Src/system_stm32f1xx.o
 .debug_info    0x000049ab      0xa7d ./Core/Src/tim.o
 .debug_info    0x00005428       0x30 ./Core/Startup/startup_stm32f103c8tx.o
 .debug_info    0x00005458      0x704 ./Drivers/STM32F1xx_HAL_Driver/Src/stm32f1xx_hal.o
 .debug_info    0x00005b5c      0xc50 ./Drivers/STM32F1xx_HAL_Driver/Src/stm32f1xx_hal_adc.o
 .debug_info    0x000067ac      0xa87 ./Drivers/STM32F1xx_HAL_Driver/Src/stm32f1xx_hal_cortex.o
 .debug_info    0x00007233      0x5ab ./Drivers/STM32F1xx_HAL_Driver/Src/stm32f1xx_hal_gpio.o
 .debug_info    0x000077de     0x2524 ./Drivers/STM32F1xx_HAL_Driver/Src/stm32f1xx_hal_i2c.o
 .debug_info    0x00009d02      0x7d5 ./Drivers/STM32F1xx_HAL_Driver/Src/stm32f1xx_hal_rcc.o
 .debug_info    0x0000a4d7      0x3c0 ./Drivers/STM32F1xx_HAL_Driver/Src/stm32f1xx_hal_rcc_ex.o
 .debug_info    0x0000a897     0x2959 ./Drivers/STM32F1xx_HAL_Driver/Src/stm32f1xx_hal_tim.o
 .debug_info    0x0000d1f0     0x149b ./Drivers/STM32F1xx_HAL_Driver/Src/stm32f1xx_hal_tim_ex.o

.debug_abbrev   0x00000000     0x2a59
 .debug_abbrev  0x00000000      0x209 ./Core/Src/GeneralRemoote.o
 .debug_abbrev  0x00000209      0x10a ./Core/Src/IRRemote.o
 .debug_abbrev  0x00000313      0x1e4 ./Core/Src/NTC.o
 .debug_abbrev  0x000004f7      0x1b2 ./Core/Src/SegmentsDriver.o
 .debug_abbrev  0x000006a9      0x1e1 ./Core/Src/adc.o
 .debug_abbrev  0x0000088a      0x161 ./Core/Src/gpio.o
 .debug_abbrev  0x000009eb      0x1de ./Core/Src/i2c.o
 .debug_abbrev  0x00000bc9      0x33f ./Core/Src/main.o
 .debug_abbrev  0x00000f08       0xdb ./Core/Src/stm32f1xx_hal_msp.o
 .debug_abbrev  0x00000fe3      0x237 ./Core/Src/stm32f1xx_it.o
 .debug_abbrev  0x0000121a      0x13f ./Core/Src/system_stm32f1xx.o
 .debug_abbrev  0x00001359      0x21d ./Core/Src/tim.o
 .debug_abbrev  0x00001576       0x24 ./Core/Startup/startup_stm32f103c8tx.o
 .debug_abbrev  0x0000159a      0x201 ./Drivers/STM32F1xx_HAL_Driver/Src/stm32f1xx_hal.o
 .debug_abbrev  0x0000179b      0x225 ./Drivers/STM32F1xx_HAL_Driver/Src/stm32f1xx_hal_adc.o
 .debug_abbrev  0x000019c0      0x2f8 ./Drivers/STM32F1xx_HAL_Driver/Src/stm32f1xx_hal_cortex.o
 .debug_abbrev  0x00001cb8      0x1ca ./Drivers/STM32F1xx_HAL_Driver/Src/stm32f1xx_hal_gpio.o
 .debug_abbrev  0x00001e82      0x2a3 ./Drivers/STM32F1xx_HAL_Driver/Src/stm32f1xx_hal_i2c.o
 .debug_abbrev  0x00002125      0x2b3 ./Drivers/STM32F1xx_HAL_Driver/Src/stm32f1xx_hal_rcc.o
 .debug_abbrev  0x000023d8      0x188 ./Drivers/STM32F1xx_HAL_Driver/Src/stm32f1xx_hal_rcc_ex.o
 .debug_abbrev  0x00002560      0x277 ./Drivers/STM32F1xx_HAL_Driver/Src/stm32f1xx_hal_tim.o
 .debug_abbrev  0x000027d7      0x282 ./Drivers/STM32F1xx_HAL_Driver/Src/stm32f1xx_hal_tim_ex.o

.debug_aranges  0x00000000      0xea8
 .debug_aranges
                0x00000000       0x30 ./Core/Src/GeneralRemoote.o
 .debug_aranges
                0x00000030       0x38 ./Core/Src/IRRemote.o
 .debug_aranges
                0x00000068       0x20 ./Core/Src/NTC.o
 .debug_aranges
                0x00000088       0x38 ./Core/Src/SegmentsDriver.o
 .debug_aranges
                0x000000c0       0x30 ./Core/Src/adc.o
 .debug_aranges
                0x000000f0       0x20 ./Core/Src/gpio.o
 .debug_aranges
                0x00000110       0x30 ./Core/Src/i2c.o
 .debug_aranges
                0x00000140       0x68 ./Core/Src/main.o
 .debug_aranges
                0x000001a8       0x20 ./Core/Src/stm32f1xx_hal_msp.o
 .debug_aranges
                0x000001c8       0x88 ./Core/Src/stm32f1xx_it.o
 .debug_aranges
                0x00000250       0x28 ./Core/Src/system_stm32f1xx.o
 .debug_aranges
                0x00000278       0x40 ./Core/Src/tim.o
 .debug_aranges
                0x000002b8       0x28 ./Core/Startup/startup_stm32f103c8tx.o
 .debug_aranges
                0x000002e0       0xe0 ./Drivers/STM32F1xx_HAL_Driver/Src/stm32f1xx_hal.o
 .debug_aranges
                0x000003c0       0xf0 ./Drivers/STM32F1xx_HAL_Driver/Src/stm32f1xx_hal_adc.o
 .debug_aranges
                0x000004b0      0x100 ./Drivers/STM32F1xx_HAL_Driver/Src/stm32f1xx_hal_cortex.o
 .debug_aranges
                0x000005b0       0x58 ./Drivers/STM32F1xx_HAL_Driver/Src/stm32f1xx_hal_gpio.o
 .debug_aranges
                0x00000608      0x2a8 ./Drivers/STM32F1xx_HAL_Driver/Src/stm32f1xx_hal_i2c.o
 .debug_aranges
                0x000008b0       0x90 ./Drivers/STM32F1xx_HAL_Driver/Src/stm32f1xx_hal_rcc.o
 .debug_aranges
                0x00000940       0x30 ./Drivers/STM32F1xx_HAL_Driver/Src/stm32f1xx_hal_rcc_ex.o
 .debug_aranges
                0x00000970      0x3d0 ./Drivers/STM32F1xx_HAL_Driver/Src/stm32f1xx_hal_tim.o
 .debug_aranges
                0x00000d40      0x168 ./Drivers/STM32F1xx_HAL_Driver/Src/stm32f1xx_hal_tim_ex.o

.debug_rnglists
                0x00000000      0xb58
 .debug_rnglists
                0x00000000       0x21 ./Core/Src/GeneralRemoote.o
 .debug_rnglists
                0x00000021       0x26 ./Core/Src/IRRemote.o
 .debug_rnglists
                0x00000047       0x14 ./Core/Src/NTC.o
 .debug_rnglists
                0x0000005b       0x27 ./Core/Src/SegmentsDriver.o
 .debug_rnglists
                0x00000082       0x1f ./Core/Src/adc.o
 .debug_rnglists
                0x000000a1       0x14 ./Core/Src/gpio.o
 .debug_rnglists
                0x000000b5       0x20 ./Core/Src/i2c.o
 .debug_rnglists
                0x000000d5       0x4c ./Core/Src/main.o
 .debug_rnglists
                0x00000121       0x13 ./Core/Src/stm32f1xx_hal_msp.o
 .debug_rnglists
                0x00000134       0x61 ./Core/Src/stm32f1xx_it.o
 .debug_rnglists
                0x00000195       0x1a ./Core/Src/system_stm32f1xx.o
 .debug_rnglists
                0x000001af       0x2f ./Core/Src/tim.o
 .debug_rnglists
                0x000001de       0x19 ./Core/Startup/startup_stm32f103c8tx.o
 .debug_rnglists
                0x000001f7       0xa3 ./Drivers/STM32F1xx_HAL_Driver/Src/stm32f1xx_hal.o
 .debug_rnglists
                0x0000029a       0xbc ./Drivers/STM32F1xx_HAL_Driver/Src/stm32f1xx_hal_adc.o
 .debug_rnglists
                0x00000356       0xbb ./Drivers/STM32F1xx_HAL_Driver/Src/stm32f1xx_hal_cortex.o
 .debug_rnglists
                0x00000411       0x3f ./Drivers/STM32F1xx_HAL_Driver/Src/stm32f1xx_hal_gpio.o
 .debug_rnglists
                0x00000450      0x23c ./Drivers/STM32F1xx_HAL_Driver/Src/stm32f1xx_hal_i2c.o
 .debug_rnglists
                0x0000068c       0x6c ./Drivers/STM32F1xx_HAL_Driver/Src/stm32f1xx_hal_rcc.o
 .debug_rnglists
                0x000006f8       0x21 ./Drivers/STM32F1xx_HAL_Driver/Src/stm32f1xx_hal_rcc_ex.o
 .debug_rnglists
                0x00000719      0x31a ./Drivers/STM32F1xx_HAL_Driver/Src/stm32f1xx_hal_tim.o
 .debug_rnglists
                0x00000a33      0x125 ./Drivers/STM32F1xx_HAL_Driver/Src/stm32f1xx_hal_tim_ex.o

.debug_macro    0x00000000    0x189c9
 .debug_macro   0x00000000      0x20f ./Core/Src/GeneralRemoote.o
 .debug_macro   0x0000020f      0xaa8 ./Core/Src/GeneralRemoote.o
 .debug_macro   0x00000cb7      0x221 ./Core/Src/GeneralRemoote.o
 .debug_macro   0x00000ed8       0x2e ./Core/Src/GeneralRemoote.o
 .debug_macro   0x00000f06       0x22 ./Core/Src/GeneralRemoote.o
 .debug_macro   0x00000f28       0x22 ./Core/Src/GeneralRemoote.o
 .debug_macro   0x00000f4a       0x8e ./Core/Src/GeneralRemoote.o
 .debug_macro   0x00000fd8       0x51 ./Core/Src/GeneralRemoote.o
 .debug_macro   0x00001029      0x103 ./Core/Src/GeneralRemoote.o
 .debug_macro   0x0000112c       0x6a ./Core/Src/GeneralRemoote.o
 .debug_macro   0x00001196      0x1df ./Core/Src/GeneralRemoote.o
 .debug_macro   0x00001375       0x1c ./Core/Src/GeneralRemoote.o
 .debug_macro   0x00001391       0x22 ./Core/Src/GeneralRemoote.o
 .debug_macro   0x000013b3       0xbd ./Core/Src/GeneralRemoote.o
 .debug_macro   0x00001470      0xd23 ./Core/Src/GeneralRemoote.o
 .debug_macro   0x00002193     0xe09e ./Core/Src/GeneralRemoote.o
 .debug_macro   0x00010231       0x6d ./Core/Src/GeneralRemoote.o
 .debug_macro   0x0001029e     0x34a2 ./Core/Src/GeneralRemoote.o
 .debug_macro   0x00013740      0x189 ./Core/Src/GeneralRemoote.o
 .debug_macro   0x000138c9       0x5c ./Core/Src/GeneralRemoote.o
 .debug_macro   0x00013925      0x5bc ./Core/Src/GeneralRemoote.o
 .debug_macro   0x00013ee1      0x289 ./Core/Src/GeneralRemoote.o
 .debug_macro   0x0001416a      0x1cb ./Core/Src/GeneralRemoote.o
 .debug_macro   0x00014335      0x114 ./Core/Src/GeneralRemoote.o
 .debug_macro   0x00014449      0x1b2 ./Core/Src/GeneralRemoote.o
 .debug_macro   0x000145fb       0x27 ./Core/Src/GeneralRemoote.o
 .debug_macro   0x00014622      0x136 ./Core/Src/GeneralRemoote.o
 .debug_macro   0x00014758      0x1bc ./Core/Src/GeneralRemoote.o
 .debug_macro   0x00014914       0x34 ./Core/Src/GeneralRemoote.o
 .debug_macro   0x00014948       0x3c ./Core/Src/GeneralRemoote.o
 .debug_macro   0x00014984       0x57 ./Core/Src/GeneralRemoote.o
 .debug_macro   0x000149db      0x46a ./Core/Src/GeneralRemoote.o
 .debug_macro   0x00014e45      0x1b5 ./Core/Src/GeneralRemoote.o
 .debug_macro   0x00014ffa       0x87 ./Core/Src/GeneralRemoote.o
 .debug_macro   0x00015081      0x240 ./Core/Src/GeneralRemoote.o
 .debug_macro   0x000152c1      0x287 ./Core/Src/GeneralRemoote.o
 .debug_macro   0x00015548      0x140 ./Core/Src/GeneralRemoote.o
 .debug_macro   0x00015688      0x8ed ./Core/Src/GeneralRemoote.o
 .debug_macro   0x00015f75       0x83 ./Core/Src/GeneralRemoote.o
 .debug_macro   0x00015ff8      0x12a ./Core/Src/GeneralRemoote.o
 .debug_macro   0x00016122       0xfa ./Core/Src/GeneralRemoote.o
 .debug_macro   0x0001621c       0xac ./Core/Src/GeneralRemoote.o
 .debug_macro   0x000162c8       0x58 ./Core/Src/GeneralRemoote.o
 .debug_macro   0x00016320      0x1d9 ./Core/Src/IRRemote.o
 .debug_macro   0x000164f9      0x1d9 ./Core/Src/NTC.o
 .debug_macro   0x000166d2       0x2e ./Core/Src/NTC.o
 .debug_macro   0x00016700      0x1e8 ./Core/Src/SegmentsDriver.o
 .debug_macro   0x000168e8      0x124 ./Core/Src/SegmentsDriver.o
 .debug_macro   0x00016a0c      0x1d0 ./Core/Src/adc.o
 .debug_macro   0x00016bdc      0x1d0 ./Core/Src/gpio.o
 .debug_macro   0x00016dac      0x1d0 ./Core/Src/i2c.o
 .debug_macro   0x00016f7c      0x256 ./Core/Src/main.o
 .debug_macro   0x000171d2       0x5e ./Core/Src/main.o
 .debug_macro   0x00017230      0x1c6 ./Core/Src/stm32f1xx_hal_msp.o
 .debug_macro   0x000173f6      0x1d0 ./Core/Src/stm32f1xx_it.o
 .debug_macro   0x000175c6      0x1b7 ./Core/Src/system_stm32f1xx.o
 .debug_macro   0x0001777d      0x1d0 ./Core/Src/tim.o
 .debug_macro   0x0001794d      0x1db ./Drivers/STM32F1xx_HAL_Driver/Src/stm32f1xx_hal.o
 .debug_macro   0x00017b28      0x1d4 ./Drivers/STM32F1xx_HAL_Driver/Src/stm32f1xx_hal_adc.o
 .debug_macro   0x00017cfc      0x1b7 ./Drivers/STM32F1xx_HAL_Driver/Src/stm32f1xx_hal_cortex.o
 .debug_macro   0x00017eb3      0x222 ./Drivers/STM32F1xx_HAL_Driver/Src/stm32f1xx_hal_gpio.o
 .debug_macro   0x000180d5      0x205 ./Drivers/STM32F1xx_HAL_Driver/Src/stm32f1xx_hal_i2c.o
 .debug_macro   0x000182da      0x1c9 ./Drivers/STM32F1xx_HAL_Driver/Src/stm32f1xx_hal_rcc.o
 .debug_macro   0x000184a3      0x1b7 ./Drivers/STM32F1xx_HAL_Driver/Src/stm32f1xx_hal_rcc_ex.o
 .debug_macro   0x0001865a      0x1b8 ./Drivers/STM32F1xx_HAL_Driver/Src/stm32f1xx_hal_tim.o
 .debug_macro   0x00018812      0x1b7 ./Drivers/STM32F1xx_HAL_Driver/Src/stm32f1xx_hal_tim_ex.o

.debug_line     0x00000000    0x148ab
 .debug_line    0x00000000     0x12cc ./Core/Src/GeneralRemoote.o
 .debug_line    0x000012cc      0x857 ./Core/Src/IRRemote.o
 .debug_line    0x00001b23      0x7ec ./Core/Src/NTC.o
 .debug_line    0x0000230f      0x8fa ./Core/Src/SegmentsDriver.o
 .debug_line    0x00002c09      0x79c ./Core/Src/adc.o
 .debug_line    0x000033a5      0x794 ./Core/Src/gpio.o
 .debug_line    0x00003b39      0x792 ./Core/Src/i2c.o
 .debug_line    0x000042cb     0x139e ./Core/Src/main.o
 .debug_line    0x00005669      0x72d ./Core/Src/stm32f1xx_hal_msp.o
 .debug_line    0x00005d96      0x872 ./Core/Src/stm32f1xx_it.o
 .debug_line    0x00006608      0x7ab ./Core/Src/system_stm32f1xx.o
 .debug_line    0x00006db3      0x882 ./Core/Src/tim.o
 .debug_line    0x00007635       0x78 ./Core/Startup/startup_stm32f103c8tx.o
 .debug_line    0x000076ad      0x9d8 ./Drivers/STM32F1xx_HAL_Driver/Src/stm32f1xx_hal.o
 .debug_line    0x00008085     0x1055 ./Drivers/STM32F1xx_HAL_Driver/Src/stm32f1xx_hal_adc.o
 .debug_line    0x000090da      0xbc4 ./Drivers/STM32F1xx_HAL_Driver/Src/stm32f1xx_hal_cortex.o
 .debug_line    0x00009c9e      0xa71 ./Drivers/STM32F1xx_HAL_Driver/Src/stm32f1xx_hal_gpio.o
 .debug_line    0x0000a70f     0x3c75 ./Drivers/STM32F1xx_HAL_Driver/Src/stm32f1xx_hal_i2c.o
 .debug_line    0x0000e384      0xde1 ./Drivers/STM32F1xx_HAL_Driver/Src/stm32f1xx_hal_rcc.o
 .debug_line    0x0000f165      0x922 ./Drivers/STM32F1xx_HAL_Driver/Src/stm32f1xx_hal_rcc_ex.o
 .debug_line    0x0000fa87     0x34fd ./Drivers/STM32F1xx_HAL_Driver/Src/stm32f1xx_hal_tim.o
 .debug_line    0x00012f84     0x1927 ./Drivers/STM32F1xx_HAL_Driver/Src/stm32f1xx_hal_tim_ex.o

.debug_str      0x00000000    0x8ca52
 .debug_str     0x00000000    0x88b60 ./Core/Src/GeneralRemoote.o
                              0x88f2f (size before relaxing)
 .debug_str     0x00088b60       0xc7 ./Core/Src/IRRemote.o
                              0x883ef (size before relaxing)
 .debug_str     0x00088c27      0x290 ./Core/Src/NTC.o
                              0x8859d (size before relaxing)
 .debug_str     0x00088eb7       0x77 ./Core/Src/SegmentsDriver.o
                              0x88595 (size before relaxing)
 .debug_str     0x00088f2e      0x137 ./Core/Src/adc.o
                              0x885cf (size before relaxing)
 .debug_str     0x00089065      0x2ac ./Core/Src/gpio.o
                              0x88535 (size before relaxing)
 .debug_str     0x00089311       0x58 ./Core/Src/i2c.o
                              0x886e4 (size before relaxing)
 .debug_str     0x00089369      0x622 ./Core/Src/main.o
                              0x8966f (size before relaxing)
 .debug_str     0x0008998b       0x5a ./Core/Src/stm32f1xx_hal_msp.o
                              0x881b2 (size before relaxing)
 .debug_str     0x000899e5      0x147 ./Core/Src/stm32f1xx_it.o
                              0x88789 (size before relaxing)
 .debug_str     0x00089b2c       0xa3 ./Core/Src/system_stm32f1xx.o
                              0x87da3 (size before relaxing)
 .debug_str     0x00089bcf      0x150 ./Core/Src/tim.o
                              0x88afd (size before relaxing)
 .debug_str     0x00089d1f       0x6c ./Core/Startup/startup_stm32f103c8tx.o
 .debug_str     0x00089d8b      0x384 ./Drivers/STM32F1xx_HAL_Driver/Src/stm32f1xx_hal.o
                              0x884d6 (size before relaxing)
 .debug_str     0x0008a10f      0x364 ./Drivers/STM32F1xx_HAL_Driver/Src/stm32f1xx_hal_adc.o
                              0x88487 (size before relaxing)
 .debug_str     0x0008a473      0x294 ./Drivers/STM32F1xx_HAL_Driver/Src/stm32f1xx_hal_cortex.o
                              0x88422 (size before relaxing)
 .debug_str     0x0008a707      0x2bc ./Drivers/STM32F1xx_HAL_Driver/Src/stm32f1xx_hal_gpio.o
                              0x88129 (size before relaxing)
 .debug_str     0x0008a9c3      0xb9c ./Drivers/STM32F1xx_HAL_Driver/Src/stm32f1xx_hal_i2c.o
                              0x88e6a (size before relaxing)
 .debug_str     0x0008b55f      0x209 ./Drivers/STM32F1xx_HAL_Driver/Src/stm32f1xx_hal_rcc.o
                              0x881d2 (size before relaxing)
 .debug_str     0x0008b768       0x84 ./Drivers/STM32F1xx_HAL_Driver/Src/stm32f1xx_hal_rcc_ex.o
                              0x87f22 (size before relaxing)
 .debug_str     0x0008b7ec      0xdd3 ./Drivers/STM32F1xx_HAL_Driver/Src/stm32f1xx_hal_tim.o
                              0x891d4 (size before relaxing)
 .debug_str     0x0008c5bf      0x493 ./Drivers/STM32F1xx_HAL_Driver/Src/stm32f1xx_hal_tim_ex.o
                              0x889e0 (size before relaxing)

.comment        0x00000000       0x43
 .comment       0x00000000       0x43 ./Core/Src/GeneralRemoote.o
                                 0x44 (size before relaxing)
 .comment       0x00000043       0x44 ./Core/Src/IRRemote.o
 .comment       0x00000043       0x44 ./Core/Src/NTC.o
 .comment       0x00000043       0x44 ./Core/Src/SegmentsDriver.o
 .comment       0x00000043       0x44 ./Core/Src/adc.o
 .comment       0x00000043       0x44 ./Core/Src/gpio.o
 .comment       0x00000043       0x44 ./Core/Src/i2c.o
 .comment       0x00000043       0x44 ./Core/Src/main.o
 .comment       0x00000043       0x44 ./Core/Src/stm32f1xx_hal_msp.o
 .comment       0x00000043       0x44 ./Core/Src/stm32f1xx_it.o
 .comment       0x00000043       0x44 ./Core/Src/system_stm32f1xx.o
 .comment       0x00000043       0x44 ./Core/Src/tim.o
 .comment       0x00000043       0x44 ./Drivers/STM32F1xx_HAL_Driver/Src/stm32f1xx_hal.o
 .comment       0x00000043       0x44 ./Drivers/STM32F1xx_HAL_Driver/Src/stm32f1xx_hal_adc.o
 .comment       0x00000043       0x44 ./Drivers/STM32F1xx_HAL_Driver/Src/stm32f1xx_hal_cortex.o
 .comment       0x00000043       0x44 ./Drivers/STM32F1xx_HAL_Driver/Src/stm32f1xx_hal_gpio.o
 .comment       0x00000043       0x44 ./Drivers/STM32F1xx_HAL_Driver/Src/stm32f1xx_hal_i2c.o
 .comment       0x00000043       0x44 ./Drivers/STM32F1xx_HAL_Driver/Src/stm32f1xx_hal_rcc.o
 .comment       0x00000043       0x44 ./Drivers/STM32F1xx_HAL_Driver/Src/stm32f1xx_hal_rcc_ex.o
 .comment       0x00000043       0x44 ./Drivers/STM32F1xx_HAL_Driver/Src/stm32f1xx_hal_tim.o
 .comment       0x00000043       0x44 ./Drivers/STM32F1xx_HAL_Driver/Src/stm32f1xx_hal_tim_ex.o

.debug_frame    0x00000000     0x40e4
 .debug_frame   0x00000000       0x84 ./Core/Src/GeneralRemoote.o
 .debug_frame   0x00000084       0x9c ./Core/Src/IRRemote.o
 .debug_frame   0x00000120       0x38 ./Core/Src/NTC.o
 .debug_frame   0x00000158       0xa4 ./Core/Src/SegmentsDriver.o
 .debug_frame   0x000001fc       0x7c ./Core/Src/adc.o
 .debug_frame   0x00000278       0x34 ./Core/Src/gpio.o
 .debug_frame   0x000002ac       0x74 ./Core/Src/i2c.o
 .debug_frame   0x00000320      0x164 ./Core/Src/main.o
 .debug_frame   0x00000484       0x38 ./Core/Src/stm32f1xx_hal_msp.o
 .debug_frame   0x000004bc      0x190 ./Core/Src/stm32f1xx_it.o
 .debug_frame   0x0000064c       0x58 ./Core/Src/system_stm32f1xx.o
 .debug_frame   0x000006a4       0xc4 ./Core/Src/tim.o
 .debug_frame   0x00000768      0x334 ./Drivers/STM32F1xx_HAL_Driver/Src/stm32f1xx_hal.o
 .debug_frame   0x00000a9c      0x40c ./Drivers/STM32F1xx_HAL_Driver/Src/stm32f1xx_hal_adc.o
 .debug_frame   0x00000ea8      0x428 ./Drivers/STM32F1xx_HAL_Driver/Src/stm32f1xx_hal_cortex.o
 .debug_frame   0x000012d0      0x14c ./Drivers/STM32F1xx_HAL_Driver/Src/stm32f1xx_hal_gpio.o
 .debug_frame   0x0000141c      0xc84 ./Drivers/STM32F1xx_HAL_Driver/Src/stm32f1xx_hal_i2c.o
 .debug_frame   0x000020a0      0x218 ./Drivers/STM32F1xx_HAL_Driver/Src/stm32f1xx_hal_rcc.o
 .debug_frame   0x000022b8       0x80 ./Drivers/STM32F1xx_HAL_Driver/Src/stm32f1xx_hal_rcc_ex.o
 .debug_frame   0x00002338     0x11b8 ./Drivers/STM32F1xx_HAL_Driver/Src/stm32f1xx_hal_tim.o
 .debug_frame   0x000034f0      0x638 ./Drivers/STM32F1xx_HAL_Driver/Src/stm32f1xx_hal_tim_ex.o
 .debug_frame   0x00003b28      0x144 C:/ST/STM32CubeIDE_1.17.0/STM32CubeIDE/plugins/com.st.stm32cube.ide.mcu.externaltools.gnu-tools-for-stm32.12.3.rel1.win32_1.1.0.202410251130/tools/bin/../lib/gcc/arm-none-eabi/12.3.1/../../../../arm-none-eabi/lib/thumb/v7-m/nofp\libc_nano.a(libc_a-findfp.o)
 .debug_frame   0x00003c6c       0x20 C:/ST/STM32CubeIDE_1.17.0/STM32CubeIDE/plugins/com.st.stm32cube.ide.mcu.externaltools.gnu-tools-for-stm32.12.3.rel1.win32_1.1.0.202410251130/tools/bin/../lib/gcc/arm-none-eabi/12.3.1/../../../../arm-none-eabi/lib/thumb/v7-m/nofp\libc_nano.a(libc_a-memset.o)
 .debug_frame   0x00003c8c       0x20 C:/ST/STM32CubeIDE_1.17.0/STM32CubeIDE/plugins/com.st.stm32cube.ide.mcu.externaltools.gnu-tools-for-stm32.12.3.rel1.win32_1.1.0.202410251130/tools/bin/../lib/gcc/arm-none-eabi/12.3.1/../../../../arm-none-eabi/lib/thumb/v7-m/nofp\libc_nano.a(libc_a-errno.o)
 .debug_frame   0x00003cac       0x2c C:/ST/STM32CubeIDE_1.17.0/STM32CubeIDE/plugins/com.st.stm32cube.ide.mcu.externaltools.gnu-tools-for-stm32.12.3.rel1.win32_1.1.0.202410251130/tools/bin/../lib/gcc/arm-none-eabi/12.3.1/../../../../arm-none-eabi/lib/thumb/v7-m/nofp\libc_nano.a(libc_a-init.o)
 .debug_frame   0x00003cd8       0x38 C:/ST/STM32CubeIDE_1.17.0/STM32CubeIDE/plugins/com.st.stm32cube.ide.mcu.externaltools.gnu-tools-for-stm32.12.3.rel1.win32_1.1.0.202410251130/tools/bin/../lib/gcc/arm-none-eabi/12.3.1/../../../../arm-none-eabi/lib/thumb/v7-m/nofp\libm.a(libm_a-w_log.o)
 .debug_frame   0x00003d10       0x20 C:/ST/STM32CubeIDE_1.17.0/STM32CubeIDE/plugins/com.st.stm32cube.ide.mcu.externaltools.gnu-tools-for-stm32.12.3.rel1.win32_1.1.0.202410251130/tools/bin/../lib/gcc/arm-none-eabi/12.3.1/../../../../arm-none-eabi/lib/thumb/v7-m/nofp\libm.a(libm_a-s_nan.o)
 .debug_frame   0x00003d30       0x40 C:/ST/STM32CubeIDE_1.17.0/STM32CubeIDE/plugins/com.st.stm32cube.ide.mcu.externaltools.gnu-tools-for-stm32.12.3.rel1.win32_1.1.0.202410251130/tools/bin/../lib/gcc/arm-none-eabi/12.3.1/../../../../arm-none-eabi/lib/thumb/v7-m/nofp\libm.a(libm_a-e_log.o)
 .debug_frame   0x00003d70       0xac C:/ST/STM32CubeIDE_1.17.0/STM32CubeIDE/plugins/com.st.stm32cube.ide.mcu.externaltools.gnu-tools-for-stm32.12.3.rel1.win32_1.1.0.202410251130/tools/bin/../lib/gcc/arm-none-eabi/12.3.1/thumb/v7-m/nofp\libgcc.a(_arm_addsubdf3.o)
 .debug_frame   0x00003e1c       0x50 C:/ST/STM32CubeIDE_1.17.0/STM32CubeIDE/plugins/com.st.stm32cube.ide.mcu.externaltools.gnu-tools-for-stm32.12.3.rel1.win32_1.1.0.202410251130/tools/bin/../lib/gcc/arm-none-eabi/12.3.1/thumb/v7-m/nofp\libgcc.a(_arm_muldivdf3.o)
 .debug_frame   0x00003e6c       0xc4 C:/ST/STM32CubeIDE_1.17.0/STM32CubeIDE/plugins/com.st.stm32cube.ide.mcu.externaltools.gnu-tools-for-stm32.12.3.rel1.win32_1.1.0.202410251130/tools/bin/../lib/gcc/arm-none-eabi/12.3.1/thumb/v7-m/nofp\libgcc.a(_arm_cmpdf2.o)
 .debug_frame   0x00003f30       0x20 C:/ST/STM32CubeIDE_1.17.0/STM32CubeIDE/plugins/com.st.stm32cube.ide.mcu.externaltools.gnu-tools-for-stm32.12.3.rel1.win32_1.1.0.202410251130/tools/bin/../lib/gcc/arm-none-eabi/12.3.1/thumb/v7-m/nofp\libgcc.a(_arm_unorddf2.o)
 .debug_frame   0x00003f50       0x24 C:/ST/STM32CubeIDE_1.17.0/STM32CubeIDE/plugins/com.st.stm32cube.ide.mcu.externaltools.gnu-tools-for-stm32.12.3.rel1.win32_1.1.0.202410251130/tools/bin/../lib/gcc/arm-none-eabi/12.3.1/thumb/v7-m/nofp\libgcc.a(_arm_truncdfsf2.o)
 .debug_frame   0x00003f74       0x4c C:/ST/STM32CubeIDE_1.17.0/STM32CubeIDE/plugins/com.st.stm32cube.ide.mcu.externaltools.gnu-tools-for-stm32.12.3.rel1.win32_1.1.0.202410251130/tools/bin/../lib/gcc/arm-none-eabi/12.3.1/thumb/v7-m/nofp\libgcc.a(_arm_addsubsf3.o)
 .debug_frame   0x00003fc0       0x38 C:/ST/STM32CubeIDE_1.17.0/STM32CubeIDE/plugins/com.st.stm32cube.ide.mcu.externaltools.gnu-tools-for-stm32.12.3.rel1.win32_1.1.0.202410251130/tools/bin/../lib/gcc/arm-none-eabi/12.3.1/thumb/v7-m/nofp\libgcc.a(_arm_muldivsf3.o)
 .debug_frame   0x00003ff8       0xc8 C:/ST/STM32CubeIDE_1.17.0/STM32CubeIDE/plugins/com.st.stm32cube.ide.mcu.externaltools.gnu-tools-for-stm32.12.3.rel1.win32_1.1.0.202410251130/tools/bin/../lib/gcc/arm-none-eabi/12.3.1/thumb/v7-m/nofp\libgcc.a(_arm_cmpsf2.o)
 .debug_frame   0x000040c0       0x24 C:/ST/STM32CubeIDE_1.17.0/STM32CubeIDE/plugins/com.st.stm32cube.ide.mcu.externaltools.gnu-tools-for-stm32.12.3.rel1.win32_1.1.0.202410251130/tools/bin/../lib/gcc/arm-none-eabi/12.3.1/thumb/v7-m/nofp\libgcc.a(_arm_fixunssfsi.o)

.debug_line_str
                0x00000000       0x50
 .debug_line_str
                0x00000000       0x50 ./Core/Startup/startup_stm32f103c8tx.o
