Archive member included to satisfy reference by file (symbol)

C:/ST/STM32CubeIDE_1.17.0/STM32CubeIDE/plugins/com.st.stm32cube.ide.mcu.externaltools.gnu-tools-for-stm32.12.3.rel1.win32_1.1.0.202410251130/tools/bin/../lib/gcc/arm-none-eabi/12.3.1/../../../../arm-none-eabi/lib/thumb/v7-m/nofp\libc_nano.a(libc_a-exit.o)
                              C:/ST/STM32CubeIDE_1.17.0/STM32CubeIDE/plugins/com.st.stm32cube.ide.mcu.externaltools.gnu-tools-for-stm32.12.3.rel1.win32_1.1.0.202410251130/tools/bin/../lib/gcc/arm-none-eabi/12.3.1/../../../../arm-none-eabi/lib/thumb/v7-m/nofp/crt0.o (exit)
C:/ST/STM32CubeIDE_1.17.0/STM32CubeIDE/plugins/com.st.stm32cube.ide.mcu.externaltools.gnu-tools-for-stm32.12.3.rel1.win32_1.1.0.202410251130/tools/bin/../lib/gcc/arm-none-eabi/12.3.1/../../../../arm-none-eabi/lib/thumb/v7-m/nofp\libc_nano.a(libc_a-findfp.o)
                              C:/ST/STM32CubeIDE_1.17.0/STM32CubeIDE/plugins/com.st.stm32cube.ide.mcu.externaltools.gnu-tools-for-stm32.12.3.rel1.win32_1.1.0.202410251130/tools/bin/../lib/gcc/arm-none-eabi/12.3.1/../../../../arm-none-eabi/lib/thumb/v7-m/nofp\libc_nano.a(libc_a-exit.o) (__stdio_exit_handler)
C:/ST/STM32CubeIDE_1.17.0/STM32CubeIDE/plugins/com.st.stm32cube.ide.mcu.externaltools.gnu-tools-for-stm32.12.3.rel1.win32_1.1.0.202410251130/tools/bin/../lib/gcc/arm-none-eabi/12.3.1/../../../../arm-none-eabi/lib/thumb/v7-m/nofp\libc_nano.a(libc_a-fwalk.o)
                              C:/ST/STM32CubeIDE_1.17.0/STM32CubeIDE/plugins/com.st.stm32cube.ide.mcu.externaltools.gnu-tools-for-stm32.12.3.rel1.win32_1.1.0.202410251130/tools/bin/../lib/gcc/arm-none-eabi/12.3.1/../../../../arm-none-eabi/lib/thumb/v7-m/nofp\libc_nano.a(libc_a-findfp.o) (_fwalk_sglue)
C:/ST/STM32CubeIDE_1.17.0/STM32CubeIDE/plugins/com.st.stm32cube.ide.mcu.externaltools.gnu-tools-for-stm32.12.3.rel1.win32_1.1.0.202410251130/tools/bin/../lib/gcc/arm-none-eabi/12.3.1/../../../../arm-none-eabi/lib/thumb/v7-m/nofp\libc_nano.a(libc_a-sprintf.o)
                              ./Core/Src/main.o (sprintf)
C:/ST/STM32CubeIDE_1.17.0/STM32CubeIDE/plugins/com.st.stm32cube.ide.mcu.externaltools.gnu-tools-for-stm32.12.3.rel1.win32_1.1.0.202410251130/tools/bin/../lib/gcc/arm-none-eabi/12.3.1/../../../../arm-none-eabi/lib/thumb/v7-m/nofp\libc_nano.a(libc_a-stdio.o)
                              C:/ST/STM32CubeIDE_1.17.0/STM32CubeIDE/plugins/com.st.stm32cube.ide.mcu.externaltools.gnu-tools-for-stm32.12.3.rel1.win32_1.1.0.202410251130/tools/bin/../lib/gcc/arm-none-eabi/12.3.1/../../../../arm-none-eabi/lib/thumb/v7-m/nofp\libc_nano.a(libc_a-findfp.o) (__sread)
C:/ST/STM32CubeIDE_1.17.0/STM32CubeIDE/plugins/com.st.stm32cube.ide.mcu.externaltools.gnu-tools-for-stm32.12.3.rel1.win32_1.1.0.202410251130/tools/bin/../lib/gcc/arm-none-eabi/12.3.1/../../../../arm-none-eabi/lib/thumb/v7-m/nofp\libc_nano.a(libc_a-memset.o)
                              C:/ST/STM32CubeIDE_1.17.0/STM32CubeIDE/plugins/com.st.stm32cube.ide.mcu.externaltools.gnu-tools-for-stm32.12.3.rel1.win32_1.1.0.202410251130/tools/bin/../lib/gcc/arm-none-eabi/12.3.1/../../../../arm-none-eabi/lib/thumb/v7-m/nofp/crt0.o (memset)
C:/ST/STM32CubeIDE_1.17.0/STM32CubeIDE/plugins/com.st.stm32cube.ide.mcu.externaltools.gnu-tools-for-stm32.12.3.rel1.win32_1.1.0.202410251130/tools/bin/../lib/gcc/arm-none-eabi/12.3.1/../../../../arm-none-eabi/lib/thumb/v7-m/nofp\libc_nano.a(libc_a-closer.o)
                              C:/ST/STM32CubeIDE_1.17.0/STM32CubeIDE/plugins/com.st.stm32cube.ide.mcu.externaltools.gnu-tools-for-stm32.12.3.rel1.win32_1.1.0.202410251130/tools/bin/../lib/gcc/arm-none-eabi/12.3.1/../../../../arm-none-eabi/lib/thumb/v7-m/nofp\libc_nano.a(libc_a-stdio.o) (_close_r)
C:/ST/STM32CubeIDE_1.17.0/STM32CubeIDE/plugins/com.st.stm32cube.ide.mcu.externaltools.gnu-tools-for-stm32.12.3.rel1.win32_1.1.0.202410251130/tools/bin/../lib/gcc/arm-none-eabi/12.3.1/../../../../arm-none-eabi/lib/thumb/v7-m/nofp\libc_nano.a(libc_a-reent.o)
                              C:/ST/STM32CubeIDE_1.17.0/STM32CubeIDE/plugins/com.st.stm32cube.ide.mcu.externaltools.gnu-tools-for-stm32.12.3.rel1.win32_1.1.0.202410251130/tools/bin/../lib/gcc/arm-none-eabi/12.3.1/../../../../arm-none-eabi/lib/thumb/v7-m/nofp\libc_nano.a(libc_a-closer.o) (errno)
C:/ST/STM32CubeIDE_1.17.0/STM32CubeIDE/plugins/com.st.stm32cube.ide.mcu.externaltools.gnu-tools-for-stm32.12.3.rel1.win32_1.1.0.202410251130/tools/bin/../lib/gcc/arm-none-eabi/12.3.1/../../../../arm-none-eabi/lib/thumb/v7-m/nofp\libc_nano.a(libc_a-impure.o)
                              C:/ST/STM32CubeIDE_1.17.0/STM32CubeIDE/plugins/com.st.stm32cube.ide.mcu.externaltools.gnu-tools-for-stm32.12.3.rel1.win32_1.1.0.202410251130/tools/bin/../lib/gcc/arm-none-eabi/12.3.1/../../../../arm-none-eabi/lib/thumb/v7-m/nofp\libc_nano.a(libc_a-sprintf.o) (_impure_ptr)
[...]
Memory Configuration

Name             Origin             Length             Attributes
RAM              0x20000000         0x00005000         xrw
FLASH            0x08000000         0x00010000         xr
*default*        0x00000000         0xffffffff

Linker script and memory map

LOAD C:/ST/STM32CubeIDE_1.17.0/STM32CubeIDE/plugins/com.st.stm32cube.ide.mcu.externaltools.gnu-tools-for-stm32.12.3.rel1.win32_1.1.0.202410251130/tools/bin/../lib/gcc/arm-none-eabi/12.3.1/thumb/v7-m/nofp/crti.o
LOAD C:/ST/STM32CubeIDE_1.17.0/STM32CubeIDE/plugins/com.st.stm32cube.ide.mcu.externaltools.gnu-tools-for-stm32.12.3.rel1.win32_1.1.0.202410251130/tools/bin/../lib/gcc/arm-none-eabi/12.3.1/thumb/v7-m/nofp/crtbegin.o
LOAD C:/ST/STM32CubeIDE_1.17.0/STM32CubeIDE/plugins/com.st.stm32cube.ide.mcu.externaltools.gnu-tools-for-stm32.12.3.rel1.win32_1.1.0.202410251130/tools/bin/../lib/gcc/arm-none-eabi/12.3.1/../../../../arm-none-eabi/lib/thumb/v7-m/nofp/crt0.o
LOAD ./Core/Src/GeneralRemoote.o
LOAD ./Core/Src/IRRemote.o
LOAD ./Core/Src/SegmentsDriver.o
LOAD ./Core/Src/gpio.o
LOAD ./Core/Src/i2c.o
LOAD ./Core/Src/main.o
LOAD ./Core/Src/stm32f1xx_hal_msp.o
LOAD ./Core/Src/stm32f1xx_it.o
LOAD ./Core/Src/syscalls.o
LOAD ./Core/Src/sysmem.o
LOAD ./Core/Src/system_stm32f1xx.o
LOAD ./Core/Src/tim.o
LOAD ./Core/Src/usart.o
LOAD ./Core/Startup/startup_stm32f103c8tx.o
LOAD ./Drivers/STM32F1xx_HAL_Driver/Src/stm32f1xx_hal.o
LOAD ./Drivers/STM32F1xx_HAL_Driver/Src/stm32f1xx_hal_cortex.o
LOAD ./Drivers/STM32F1xx_HAL_Driver/Src/stm32f1xx_hal_dma.o
LOAD ./Drivers/STM32F1xx_HAL_Driver/Src/stm32f1xx_hal_exti.o
LOAD ./Drivers/STM32F1xx_HAL_Driver/Src/stm32f1xx_hal_flash.o
LOAD ./Drivers/STM32F1xx_HAL_Driver/Src/stm32f1xx_hal_flash_ex.o
LOAD ./Drivers/STM32F1xx_HAL_Driver/Src/stm32f1xx_hal_gpio.o
LOAD ./Drivers/STM32F1xx_HAL_Driver/Src/stm32f1xx_hal_gpio_ex.o
LOAD ./Drivers/STM32F1xx_HAL_Driver/Src/stm32f1xx_hal_i2c.o
LOAD ./Drivers/STM32F1xx_HAL_Driver/Src/stm32f1xx_hal_pwr.o
LOAD ./Drivers/STM32F1xx_HAL_Driver/Src/stm32f1xx_hal_rcc.o
LOAD ./Drivers/STM32F1xx_HAL_Driver/Src/stm32f1xx_hal_rcc_ex.o
LOAD ./Drivers/STM32F1xx_HAL_Driver/Src/stm32f1xx_hal_tim.o
LOAD ./Drivers/STM32F1xx_HAL_Driver/Src/stm32f1xx_hal_tim_ex.o
LOAD ./Drivers/STM32F1xx_HAL_Driver/Src/stm32f1xx_hal_uart.o
START GROUP
LOAD C:/ST/STM32CubeIDE_1.17.0/STM32CubeIDE/plugins/com.st.stm32cube.ide.mcu.externaltools.gnu-tools-for-stm32.12.3.rel1.win32_1.1.0.202410251130/tools/bin/../lib/gcc/arm-none-eabi/12.3.1/../../../../arm-none-eabi/lib/thumb/v7-m/nofp\libc_nano.a
LOAD C:/ST/STM32CubeIDE_1.17.0/STM32CubeIDE/plugins/com.st.stm32cube.ide.mcu.externaltools.gnu-tools-for-stm32.12.3.rel1.win32_1.1.0.202410251130/tools/bin/../lib/gcc/arm-none-eabi/12.3.1/../../../../arm-none-eabi/lib/thumb/v7-m/nofp\libm.a
END GROUP
START GROUP
LOAD C:/ST/STM32CubeIDE_1.17.0/STM32CubeIDE/plugins/com.st.stm32cube.ide.mcu.externaltools.gnu-tools-for-stm32.12.3.rel1.win32_1.1.0.202410251130/tools/bin/../lib/gcc/arm-none-eabi/12.3.1/thumb/v7-m/nofp\libgcc.a
LOAD C:/ST/STM32CubeIDE_1.17.0/STM32CubeIDE/plugins/com.st.stm32cube.ide.mcu.externaltools.gnu-tools-for-stm32.12.3.rel1.win32_1.1.0.202410251130/tools/bin/../lib/gcc/arm-none-eabi/12.3.1/../../../../arm-none-eabi/lib/thumb/v7-m/nofp\libc_nano.a
END GROUP
START GROUP
LOAD C:/ST/STM32CubeIDE_1.17.0/STM32CubeIDE/plugins/com.st.stm32cube.ide.mcu.externaltools.gnu-tools-for-stm32.12.3.rel1.win32_1.1.0.202410251130/tools/bin/../lib/gcc/arm-none-eabi/12.3.1/thumb/v7-m/nofp\libgcc.a
LOAD C:/ST/STM32CubeIDE_1.17.0/STM32CubeIDE/plugins/com.st.stm32cube.ide.mcu.externaltools.gnu-tools-for-stm32.12.3.rel1.win32_1.1.0.202410251130/tools/bin/../lib/gcc/arm-none-eabi/12.3.1/../../../../arm-none-eabi/lib/thumb/v7-m/nofp\libc_nano.a
LOAD C:/ST/STM32CubeIDE_1.17.0/STM32CubeIDE/plugins/com.st.stm32cube.ide.mcu.externaltools.gnu-tools-for-stm32.12.3.rel1.win32_1.1.0.202410251130/tools/bin/../lib/gcc/arm-none-eabi/12.3.1/../../../../arm-none-eabi/lib/thumb/v7-m/nofp\libnosys.a
END GROUP
START GROUP
LOAD C:/ST/STM32CubeIDE_1.17.0/STM32CubeIDE/plugins/com.st.stm32cube.ide.mcu.externaltools.gnu-tools-for-stm32.12.3.rel1.win32_1.1.0.202410251130/tools/bin/../lib/gcc/arm-none-eabi/12.3.1/thumb/v7-m/nofp\libgcc.a
LOAD C:/ST/STM32CubeIDE_1.17.0/STM32CubeIDE/plugins/com.st.stm32cube.ide.mcu.externaltools.gnu-tools-for-stm32.12.3.rel1.win32_1.1.0.202410251130/tools/bin/../lib/gcc/arm-none-eabi/12.3.1/../../../../arm-none-eabi/lib/thumb/v7-m/nofp\libc_nano.a
LOAD C:/ST/STM32CubeIDE_1.17.0/STM32CubeIDE/plugins/com.st.stm32cube.ide.mcu.externaltools.gnu-tools-for-stm32.12.3.rel1.win32_1.1.0.202410251130/tools/bin/../lib/gcc/arm-none-eabi/12.3.1/../../../../arm-none-eabi/lib/thumb/v7-m/nofp\libnosys.a
END GROUP
LOAD C:/ST/STM32CubeIDE_1.17.0/STM32CubeIDE/plugins/com.st.stm32cube.ide.mcu.externaltools.gnu-tools-for-stm32.12.3.rel1.win32_1.1.0.202410251130/tools/bin/../lib/gcc/arm-none-eabi/12.3.1/thumb/v7-m/nofp/crtend.o
LOAD C:/ST/STM32CubeIDE_1.17.0/STM32CubeIDE/plugins/com.st.stm32cube.ide.mcu.externaltools.gnu-tools-for-stm32.12.3.rel1.win32_1.1.0.202410251130/tools/bin/../lib/gcc/arm-none-eabi/12.3.1/thumb/v7-m/nofp/crtn.o
                0x20005000                        _estack = (ORIGIN (RAM) + LENGTH (RAM))
                0x00000200                        _Min_Heap_Size = 0x200
                0x00000400                        _Min_Stack_Size = 0x400

.isr_vector     0x08000000      0x10c
                0x08000000                        . = ALIGN (0x4)
 *(.isr_vector)
 .isr_vector    0x08000000      0x10c ./Core/Startup/startup_stm32f103c8tx.o
                0x08000000                g_pfnVectors
                0x0800010c                        . = ALIGN (0x4)

.text           0x0800010c     0x61ec
                0x0800010c                        . = ALIGN (0x4)
 *(.text)
 .text          0x0800010c       0x40 C:/ST/STM32CubeIDE_1.17.0/STM32CubeIDE/plugins/com.st.stm32cube.ide.mcu.externaltools.gnu-tools-for-stm32.12.3.rel1.win32_1.1.0.202410251130/tools/bin/../lib/gcc/arm-none-eabi/12.3.1/thumb/v7-m/nofp/crtbegin.o
 *(.text*)
 .text.Haamin_Remote
                0x0800014c      0x730 ./Core/Src/GeneralRemoote.o
                0x0800014c                Haamin_Remote
 .text.Haamin_NumberKey
                0x0800087c       0xbc ./Core/Src/GeneralRemoote.o
                0x0800087c                Haamin_NumberKey
 .text.Buzz     0x08000938       0x40 ./Core/Src/GeneralRemoote.o
                0x08000938                Buzz
 .text.IR_SetTimeArrayValues
                0x08000978       0x7c ./Core/Src/IRRemote.o
                0x08000978                IR_SetTimeArrayValues
 .text.Ir_AnalyzeTimeArrayValues
                0x080009f4      0x118 ./Core/Src/IRRemote.o
                0x080009f4                Ir_AnalyzeTimeArrayValues
 .text.Ir_GetData
                0x08000b0c       0x2c ./Core/Src/IRRemote.o
                0x08000b0c                Ir_GetData
 .text.Ir_ResetRunning
                0x08000b38       0x20 ./Core/Src/IRRemote.o
                0x08000b38                Ir_ResetRunning
 .text.Segments_Scan
                0x08000b58      0x158 ./Core/Src/SegmentsDriver.o
                0x08000b58                Segments_Scan
 .text.Segment_Map
                0x08000cb0      0xa04 ./Core/Src/SegmentsDriver.o
                0x08000cb0                Segment_Map
 .text.Segment_Set
                0x080016b4       0x28 ./Core/Src/SegmentsDriver.o
                0x080016b4                Segment_Set
 .text.MX_GPIO_Init
                0x080016dc      0x164 ./Core/Src/gpio.o
                0x080016dc                MX_GPIO_Init
 .text.MX_I2C2_Init
                0x08001840       0x5c ./Core/Src/i2c.o
                0x08001840                MX_I2C2_Init
 .text.HAL_I2C_MspInit
                0x0800189c       0x80 ./Core/Src/i2c.o
                0x0800189c                HAL_I2C_MspInit
 .text.BCD_to_Decimal
                0x0800191c       0x30 ./Core/Src/main.o
                0x0800191c                BCD_to_Decimal
 .text.Decimal_to_BCD
                0x0800194c       0x48 ./Core/Src/main.o
                0x0800194c                Decimal_to_BCD
 .text.DS3231_WriteTime
                0x08001994       0x62 ./Core/Src/main.o
                0x08001994                DS3231_WriteTime
 .text.DS3231_ReadTime
                0x080019f6       0x62 ./Core/Src/main.o
                0x080019f6                DS3231_ReadTime
 .text.DS3231_WriteCalendar
                0x08001a58       0x6e ./Core/Src/main.o
                0x08001a58                DS3231_WriteCalendar
 .text.DS3231_ReadCalendar
                0x08001ac6       0x72 ./Core/Src/main.o
                0x08001ac6                DS3231_ReadCalendar
 .text.DS3231_EnableSQW1Hz
                0x08001b38       0x30 ./Core/Src/main.o
                0x08001b38                DS3231_EnableSQW1Hz
 .text.gregorian_to_jalali
                0x08001b68      0x1e4 ./Core/Src/main.o
                0x08001b68                gregorian_to_jalali
 .text.jalali_to_gregorian
                0x08001d4c      0x26c ./Core/Src/main.o
                0x08001d4c                jalali_to_gregorian
 .text.main     0x08001fb8      0x844 ./Core/Src/main.o
                0x08001fb8                main
 .text.SystemClock_Config
                0x080027fc       0x8c ./Core/Src/main.o
                0x080027fc                SystemClock_Config
 .text.Time_Update
                0x08002888       0x98 ./Core/Src/main.o
                0x08002888                Time_Update
 .text.Error_Handler
                0x08002920        0xc ./Core/Src/main.o
                0x08002920                Error_Handler
 .text.HAL_MspInit
                0x0800292c       0x64 ./Core/Src/stm32f1xx_hal_msp.o
                0x0800292c                HAL_MspInit
 .text.NMI_Handler
                0x08002990        0x8 ./Core/Src/stm32f1xx_it.o
                0x08002990                NMI_Handler
 .text.HardFault_Handler
                0x08002998        0x8 ./Core/Src/stm32f1xx_it.o
                0x08002998                HardFault_Handler
 .text.MemManage_Handler
                0x080029a0        0x8 ./Core/Src/stm32f1xx_it.o
                0x080029a0                MemManage_Handler
 .text.BusFault_Handler
                0x080029a8        0x8 ./Core/Src/stm32f1xx_it.o
                0x080029a8                BusFault_Handler
 .text.UsageFault_Handler
                0x080029b0        0x8 ./Core/Src/stm32f1xx_it.o
                0x080029b0                UsageFault_Handler
 .text.SVC_Handler
                0x080029b8        0xc ./Core/Src/stm32f1xx_it.o
                0x080029b8                SVC_Handler
 .text.DebugMon_Handler
                0x080029c4        0xc ./Core/Src/stm32f1xx_it.o
                0x080029c4                DebugMon_Handler
 .text.PendSV_Handler
                0x080029d0        0xc ./Core/Src/stm32f1xx_it.o
                0x080029d0                PendSV_Handler
 .text.SysTick_Handler
                0x080029dc        0xc ./Core/Src/stm32f1xx_it.o
                0x080029dc                SysTick_Handler
 .text.EXTI1_IRQHandler
                0x080029e8       0x12 ./Core/Src/stm32f1xx_it.o
                0x080029e8                EXTI1_IRQHandler
 *fill*         0x080029fa        0x2 
 .text.EXTI3_IRQHandler
                0x080029fc       0x28 ./Core/Src/stm32f1xx_it.o
                0x080029fc                EXTI3_IRQHandler
 .text.TIM2_IRQHandler
                0x08002a24       0x18 ./Core/Src/stm32f1xx_it.o
                0x08002a24                TIM2_IRQHandler
 .text.TIM3_IRQHandler
                0x08002a3c       0x18 ./Core/Src/stm32f1xx_it.o
                0x08002a3c                TIM3_IRQHandler
 .text._sbrk    0x08002a54       0x6c ./Core/Src/sysmem.o
                0x08002a54                _sbrk
 .text.SystemInit
                0x08002ac0        0xc ./Core/Src/system_stm32f1xx.o
                0x08002ac0                SystemInit
 .text.MX_TIM2_Init
                0x08002acc       0x98 ./Core/Src/tim.o
                0x08002acc                MX_TIM2_Init
 .text.MX_TIM3_Init
                0x08002b64       0x9c ./Core/Src/tim.o
                0x08002b64                MX_TIM3_Init
 .text.HAL_TIM_Base_MspInit
                0x08002c00       0x80 ./Core/Src/tim.o
                0x08002c00                HAL_TIM_Base_MspInit
 .text.MX_USART2_UART_Init
                0x08002c80       0x54 ./Core/Src/usart.o
                0x08002c80                MX_USART2_UART_Init
 .text.HAL_UART_MspInit
                0x08002cd4       0x94 ./Core/Src/usart.o
                0x08002cd4                HAL_UART_MspInit
 .text.Reset_Handler
                0x08002d68       0x48 ./Core/Startup/startup_stm32f103c8tx.o
                0x08002d68                Reset_Handler
 .text.Default_Handler
                0x08002db0        0x2 ./Core/Startup/startup_stm32f103c8tx.o
                0x08002db0                RTC_Alarm_IRQHandler
                0x08002db0                EXTI2_IRQHandler
                0x08002db0                TIM1_CC_IRQHandler
                0x08002db0                PVD_IRQHandler
                0x08002db0                EXTI0_IRQHandler
                0x08002db0                I2C2_EV_IRQHandler
                0x08002db0                ADC1_2_IRQHandler
                0x08002db0                SPI1_IRQHandler
                0x08002db0                TAMPER_IRQHandler
                0x08002db0                DMA1_Channel4_IRQHandler
                0x08002db0                USART3_IRQHandler
                0x08002db0                RTC_IRQHandler
                0x08002db0                DMA1_Channel7_IRQHandler
                0x08002db0                CAN1_RX1_IRQHandler
                0x08002db0                TIM4_IRQHandler
                0x08002db0                I2C1_EV_IRQHandler
                0x08002db0                DMA1_Channel6_IRQHandler
                0x08002db0                RCC_IRQHandler
                0x08002db0                TIM1_TRG_COM_IRQHandler
                0x08002db0                DMA1_Channel1_IRQHandler
                0x08002db0                Default_Handler
                0x08002db0                EXTI15_10_IRQHandler
                0x08002db0                EXTI9_5_IRQHandler
                0x08002db0                SPI2_IRQHandler
                0x08002db0                DMA1_Channel5_IRQHandler
                0x08002db0                EXTI4_IRQHandler
                0x08002db0                USB_LP_CAN1_RX0_IRQHandler
                0x08002db0                USB_HP_CAN1_TX_IRQHandler
                0x08002db0                DMA1_Channel3_IRQHandler
                0x08002db0                TIM1_UP_IRQHandler
                0x08002db0                WWDG_IRQHandler
                0x08002db0                TIM1_BRK_IRQHandler
                0x08002db0                USART2_IRQHandler
                0x08002db0                I2C2_ER_IRQHandler
                0x08002db0                DMA1_Channel2_IRQHandler
                0x08002db0                CAN1_SCE_IRQHandler
                0x08002db0                FLASH_IRQHandler
                0x08002db0                USART1_IRQHandler
                0x08002db0                I2C1_ER_IRQHandler
                0x08002db0                USBWakeUp_IRQHandler
 *fill*         0x08002db2        0x2 
 .text.HAL_Init
                0x08002db4       0x2c ./Drivers/STM32F1xx_HAL_Driver/Src/stm32f1xx_hal.o
                0x08002db4                HAL_Init
 .text.HAL_InitTick
                0x08002de0       0x60 ./Drivers/STM32F1xx_HAL_Driver/Src/stm32f1xx_hal.o
                0x08002de0                HAL_InitTick
 .text.HAL_IncTick
                0x08002e40       0x24 ./Drivers/STM32F1xx_HAL_Driver/Src/stm32f1xx_hal.o
                0x08002e40                HAL_IncTick
 .text.HAL_GetTick
                0x08002e64       0x14 ./Drivers/STM32F1xx_HAL_Driver/Src/stm32f1xx_hal.o
                0x08002e64                HAL_GetTick
 .text.HAL_Delay
                0x08002e78       0x48 ./Drivers/STM32F1xx_HAL_Driver/Src/stm32f1xx_hal.o
                0x08002e78                HAL_Delay
 .text.__NVIC_SetPriorityGrouping
                0x08002ec0       0x48 ./Drivers/STM32F1xx_HAL_Driver/Src/stm32f1xx_hal_cortex.o
 .text.__NVIC_GetPriorityGrouping
                0x08002f08       0x1c ./Drivers/STM32F1xx_HAL_Driver/Src/stm32f1xx_hal_cortex.o
 .text.__NVIC_EnableIRQ
                0x08002f24       0x38 ./Drivers/STM32F1xx_HAL_Driver/Src/stm32f1xx_hal_cortex.o
 .text.__NVIC_SetPriority
                0x08002f5c       0x54 ./Drivers/STM32F1xx_HAL_Driver/Src/stm32f1xx_hal_cortex.o
 .text.NVIC_EncodePriority
                0x08002fb0       0x64 ./Drivers/STM32F1xx_HAL_Driver/Src/stm32f1xx_hal_cortex.o
 .text.SysTick_Config
                0x08003014       0x44 ./Drivers/STM32F1xx_HAL_Driver/Src/stm32f1xx_hal_cortex.o
 .text.HAL_NVIC_SetPriorityGrouping
                0x08003058       0x16 ./Drivers/STM32F1xx_HAL_Driver/Src/stm32f1xx_hal_cortex.o
                0x08003058                HAL_NVIC_SetPriorityGrouping
 .text.HAL_NVIC_SetPriority
                0x0800306e       0x38 ./Drivers/STM32F1xx_HAL_Driver/Src/stm32f1xx_hal_cortex.o
                0x0800306e                HAL_NVIC_SetPriority
 .text.HAL_NVIC_EnableIRQ
                0x080030a6       0x1c ./Drivers/STM32F1xx_HAL_Driver/Src/stm32f1xx_hal_cortex.o
                0x080030a6                HAL_NVIC_EnableIRQ
 .text.HAL_SYSTICK_Config
                0x080030c2       0x18 ./Drivers/STM32F1xx_HAL_Driver/Src/stm32f1xx_hal_cortex.o
                0x080030c2                HAL_SYSTICK_Config
 *fill*         0x080030da        0x2 
 .text.HAL_GPIO_Init
                0x080030dc      0x308 ./Drivers/STM32F1xx_HAL_Driver/Src/stm32f1xx_hal_gpio.o
                0x080030dc                HAL_GPIO_Init
 .text.HAL_GPIO_WritePin
                0x080033e4       0x30 ./Drivers/STM32F1xx_HAL_Driver/Src/stm32f1xx_hal_gpio.o
                0x080033e4                HAL_GPIO_WritePin
 .text.HAL_GPIO_EXTI_IRQHandler
                0x08003414       0x30 ./Drivers/STM32F1xx_HAL_Driver/Src/stm32f1xx_hal_gpio.o
                0x08003414                HAL_GPIO_EXTI_IRQHandler
 .text.HAL_GPIO_EXTI_Callback
                0x08003444       0x14 ./Drivers/STM32F1xx_HAL_Driver/Src/stm32f1xx_hal_gpio.o
                0x08003444                HAL_GPIO_EXTI_Callback
 .text.HAL_I2C_Init
                0x08003458      0x288 ./Drivers/STM32F1xx_HAL_Driver/Src/stm32f1xx_hal_i2c.o
                0x08003458                HAL_I2C_Init
 .text.HAL_I2C_Mem_Write
                0x080036e0      0x1f4 ./Drivers/STM32F1xx_HAL_Driver/Src/stm32f1xx_hal_i2c.o
                0x080036e0                HAL_I2C_Mem_Write
 .text.HAL_I2C_Mem_Read
                0x080038d4      0x4e8 ./Drivers/STM32F1xx_HAL_Driver/Src/stm32f1xx_hal_i2c.o
                0x080038d4                HAL_I2C_Mem_Read
 .text.I2C_RequestMemoryWrite
                0x08003dbc      0x12c ./Drivers/STM32F1xx_HAL_Driver/Src/stm32f1xx_hal_i2c.o
 .text.I2C_RequestMemoryRead
                0x08003ee8      0x1d0 ./Drivers/STM32F1xx_HAL_Driver/Src/stm32f1xx_hal_i2c.o
 .text.I2C_WaitOnFlagUntilTimeout
                0x080040b8       0xf4 ./Drivers/STM32F1xx_HAL_Driver/Src/stm32f1xx_hal_i2c.o
 .text.I2C_WaitOnMasterAddressFlagUntilTimeout
                0x080041ac      0x140 ./Drivers/STM32F1xx_HAL_Driver/Src/stm32f1xx_hal_i2c.o
 .text.I2C_WaitOnTXEFlagUntilTimeout
                0x080042ec       0x90 ./Drivers/STM32F1xx_HAL_Driver/Src/stm32f1xx_hal_i2c.o
 .text.I2C_WaitOnBTFFlagUntilTimeout
                0x0800437c       0x90 ./Drivers/STM32F1xx_HAL_Driver/Src/stm32f1xx_hal_i2c.o
 .text.I2C_WaitOnRXNEFlagUntilTimeout
                0x0800440c       0xba ./Drivers/STM32F1xx_HAL_Driver/Src/stm32f1xx_hal_i2c.o
 .text.I2C_IsAcknowledgeFailed
                0x080044c6       0x5c ./Drivers/STM32F1xx_HAL_Driver/Src/stm32f1xx_hal_i2c.o
 *fill*         0x08004522        0x2 
 .text.HAL_RCC_OscConfig
                0x08004524      0x504 ./Drivers/STM32F1xx_HAL_Driver/Src/stm32f1xx_hal_rcc.o
                0x08004524                HAL_RCC_OscConfig
 .text.HAL_RCC_ClockConfig
                0x08004a28      0x1d4 ./Drivers/STM32F1xx_HAL_Driver/Src/stm32f1xx_hal_rcc.o
                0x08004a28                HAL_RCC_ClockConfig
 .text.HAL_RCC_GetSysClockFreq
                0x08004bfc       0xa8 ./Drivers/STM32F1xx_HAL_Driver/Src/stm32f1xx_hal_rcc.o
                0x08004bfc                HAL_RCC_GetSysClockFreq
 .text.HAL_RCC_GetHCLKFreq
                0x08004ca4       0x14 ./Drivers/STM32F1xx_HAL_Driver/Src/stm32f1xx_hal_rcc.o
                0x08004ca4                HAL_RCC_GetHCLKFreq
 .text.HAL_RCC_GetPCLK1Freq
                0x08004cb8       0x28 ./Drivers/STM32F1xx_HAL_Driver/Src/stm32f1xx_hal_rcc.o
                0x08004cb8                HAL_RCC_GetPCLK1Freq
 .text.HAL_RCC_GetPCLK2Freq
                0x08004ce0       0x28 ./Drivers/STM32F1xx_HAL_Driver/Src/stm32f1xx_hal_rcc.o
                0x08004ce0                HAL_RCC_GetPCLK2Freq
 .text.RCC_Delay
                0x08004d08       0x3c ./Drivers/STM32F1xx_HAL_Driver/Src/stm32f1xx_hal_rcc.o
 .text.HAL_TIM_Base_Init
                0x08004d44       0x9e ./Drivers/STM32F1xx_HAL_Driver/Src/stm32f1xx_hal_tim.o
                0x08004d44                HAL_TIM_Base_Init
 *fill*         0x08004de2        0x2 
 .text.HAL_TIM_Base_Start_IT
                0x08004de4       0xa4 ./Drivers/STM32F1xx_HAL_Driver/Src/stm32f1xx_hal_tim.o
                0x08004de4                HAL_TIM_Base_Start_IT
 .text.HAL_TIM_IRQHandler
                0x08004e88      0x1e0 ./Drivers/STM32F1xx_HAL_Driver/Src/stm32f1xx_hal_tim.o
                0x08004e88                HAL_TIM_IRQHandler
 .text.HAL_TIM_ConfigClockSource
                0x08005068      0x18e ./Drivers/STM32F1xx_HAL_Driver/Src/stm32f1xx_hal_tim.o
                0x08005068                HAL_TIM_ConfigClockSource
 .text.HAL_TIM_PeriodElapsedCallback
                0x080051f6       0x12 ./Drivers/STM32F1xx_HAL_Driver/Src/stm32f1xx_hal_tim.o
                0x080051f6                HAL_TIM_PeriodElapsedCallback
 .text.HAL_TIM_OC_DelayElapsedCallback
                0x08005208       0x12 ./Drivers/STM32F1xx_HAL_Driver/Src/stm32f1xx_hal_tim.o
                0x08005208                HAL_TIM_OC_DelayElapsedCallback
 .text.HAL_TIM_IC_CaptureCallback
                0x0800521a       0x12 ./Drivers/STM32F1xx_HAL_Driver/Src/stm32f1xx_hal_tim.o
                0x0800521a                HAL_TIM_IC_CaptureCallback
 .text.HAL_TIM_PWM_PulseFinishedCallback
                0x0800522c       0x12 ./Drivers/STM32F1xx_HAL_Driver/Src/stm32f1xx_hal_tim.o
                0x0800522c                HAL_TIM_PWM_PulseFinishedCallback
 .text.HAL_TIM_TriggerCallback
                0x0800523e       0x12 ./Drivers/STM32F1xx_HAL_Driver/Src/stm32f1xx_hal_tim.o
                0x0800523e                HAL_TIM_TriggerCallback
 .text.TIM_Base_SetConfig
                0x08005250       0xdc ./Drivers/STM32F1xx_HAL_Driver/Src/stm32f1xx_hal_tim.o
                0x08005250                TIM_Base_SetConfig
 .text.TIM_TI1_ConfigInputStage
                0x0800532c       0x5c ./Drivers/STM32F1xx_HAL_Driver/Src/stm32f1xx_hal_tim.o
 .text.TIM_TI2_ConfigInputStage
                0x08005388       0x5e ./Drivers/STM32F1xx_HAL_Driver/Src/stm32f1xx_hal_tim.o
 .text.TIM_ITRx_SetConfig
                0x080053e6       0x34 ./Drivers/STM32F1xx_HAL_Driver/Src/stm32f1xx_hal_tim.o
 .text.TIM_ETR_SetConfig
                0x0800541a       0x3e ./Drivers/STM32F1xx_HAL_Driver/Src/stm32f1xx_hal_tim.o
                0x0800541a                TIM_ETR_SetConfig
 .text.HAL_TIMEx_MasterConfigSynchronization
                0x08005458       0xbc ./Drivers/STM32F1xx_HAL_Driver/Src/stm32f1xx_hal_tim_ex.o
                0x08005458                HAL_TIMEx_MasterConfigSynchronization
 .text.HAL_TIMEx_CommutCallback
                0x08005514       0x12 ./Drivers/STM32F1xx_HAL_Driver/Src/stm32f1xx_hal_tim_ex.o
                0x08005514                HAL_TIMEx_CommutCallback
 .text.HAL_TIMEx_BreakCallback
                0x08005526       0x12 ./Drivers/STM32F1xx_HAL_Driver/Src/stm32f1xx_hal_tim_ex.o
                0x08005526                HAL_TIMEx_BreakCallback
 .text.HAL_UART_Init
                0x08005538       0xa0 ./Drivers/STM32F1xx_HAL_Driver/Src/stm32f1xx_hal_uart.o
                0x08005538                HAL_UART_Init
 .text.HAL_UART_Transmit
                0x080055d8      0x116 ./Drivers/STM32F1xx_HAL_Driver/Src/stm32f1xx_hal_uart.o
                0x080055d8                HAL_UART_Transmit
 .text.UART_WaitOnFlagUntilTimeout
                0x080056ee       0xb2 ./Drivers/STM32F1xx_HAL_Driver/Src/stm32f1xx_hal_uart.o
 .text.UART_EndRxTransfer
                0x080057a0       0xc4 ./Drivers/STM32F1xx_HAL_Driver/Src/stm32f1xx_hal_uart.o
 .text.UART_SetConfig
                0x08005864      0x11c ./Drivers/STM32F1xx_HAL_Driver/Src/stm32f1xx_hal_uart.o
 .text.sprintf  0x08005980       0x40 C:/ST/STM32CubeIDE_1.17.0/STM32CubeIDE/plugins/com.st.stm32cube.ide.mcu.externaltools.gnu-tools-for-stm32.12.3.rel1.win32_1.1.0.202410251130/tools/bin/../lib/gcc/arm-none-eabi/12.3.1/../../../../arm-none-eabi/lib/thumb/v7-m/nofp\libc_nano.a(libc_a-sprintf.o)
                0x08005980                siprintf
                0x08005980                sprintf
 .text.memset   0x080059c0       0x10 C:/ST/STM32CubeIDE_1.17.0/STM32CubeIDE/plugins/com.st.stm32cube.ide.mcu.externaltools.gnu-tools-for-stm32.12.3.rel1.win32_1.1.0.202410251130/tools/bin/../lib/gcc/arm-none-eabi/12.3.1/../../../../arm-none-eabi/lib/thumb/v7-m/nofp\libc_nano.a(libc_a-memset.o)
                0x080059c0                memset
 .text.__errno  0x080059d0        0xc C:/ST/STM32CubeIDE_1.17.0/STM32CubeIDE/plugins/com.st.stm32cube.ide.mcu.externaltools.gnu-tools-for-stm32.12.3.rel1.win32_1.1.0.202410251130/tools/bin/../lib/gcc/arm-none-eabi/12.3.1/../../../../arm-none-eabi/lib/thumb/v7-m/nofp\libc_nano.a(libc_a-errno.o)
                0x080059d0                __errno
 .text.__libc_init_array
                0x080059dc       0x48 C:/ST/STM32CubeIDE_1.17.0/STM32CubeIDE/plugins/com.st.stm32cube.ide.mcu.externaltools.gnu-tools-for-stm32.12.3.rel1.win32_1.1.0.202410251130/tools/bin/../lib/gcc/arm-none-eabi/12.3.1/../../../../arm-none-eabi/lib/thumb/v7-m/nofp\libc_nano.a(libc_a-init.o)
                0x080059dc                __libc_init_array
 .text.__retarget_lock_acquire_recursive
                0x08005a24        0x2 C:/ST/STM32CubeIDE_1.17.0/STM32CubeIDE/plugins/com.st.stm32cube.ide.mcu.externaltools.gnu-tools-for-stm32.12.3.rel1.win32_1.1.0.202410251130/tools/bin/../lib/gcc/arm-none-eabi/12.3.1/../../../../arm-none-eabi/lib/thumb/v7-m/nofp\libc_nano.a(libc_a-lock.o)
                0x08005a24                __retarget_lock_acquire_recursive
 .text.__retarget_lock_release_recursive
                0x08005a26        0x2 C:/ST/STM32CubeIDE_1.17.0/STM32CubeIDE/plugins/com.st.stm32cube.ide.mcu.externaltools.gnu-tools-for-stm32.12.3.rel1.win32_1.1.0.202410251130/tools/bin/../lib/gcc/arm-none-eabi/12.3.1/../../../../arm-none-eabi/lib/thumb/v7-m/nofp\libc_nano.a(libc_a-lock.o)
                0x08005a26                __retarget_lock_release_recursive
 .text._free_r  0x08005a28       0x90 C:/ST/STM32CubeIDE_1.17.0/STM32CubeIDE/plugins/com.st.stm32cube.ide.mcu.externaltools.gnu-tools-for-stm32.12.3.rel1.win32_1.1.0.202410251130/tools/bin/../lib/gcc/arm-none-eabi/12.3.1/../../../../arm-none-eabi/lib/thumb/v7-m/nofp\libc_nano.a(libc_a-freer.o)
                0x08005a28                _free_r
 .text.sbrk_aligned
                0x08005ab8       0x44 C:/ST/STM32CubeIDE_1.17.0/STM32CubeIDE/plugins/com.st.stm32cube.ide.mcu.externaltools.gnu-tools-for-stm32.12.3.rel1.win32_1.1.0.202410251130/tools/bin/../lib/gcc/arm-none-eabi/12.3.1/../../../../arm-none-eabi/lib/thumb/v7-m/nofp\libc_nano.a(libc_a-mallocr.o)
 .text._malloc_r
                0x08005afc      0x100 C:/ST/STM32CubeIDE_1.17.0/STM32CubeIDE/plugins/com.st.stm32cube.ide.mcu.externaltools.gnu-tools-for-stm32.12.3.rel1.win32_1.1.0.202410251130/tools/bin/../lib/gcc/arm-none-eabi/12.3.1/../../../../arm-none-eabi/lib/thumb/v7-m/nofp\libc_nano.a(libc_a-mallocr.o)
                0x08005afc                _malloc_r
 .text.__malloc_lock
                0x08005bfc        0xc C:/ST/STM32CubeIDE_1.17.0/STM32CubeIDE/plugins/com.st.stm32cube.ide.mcu.externaltools.gnu-tools-for-stm32.12.3.rel1.win32_1.1.0.202410251130/tools/bin/../lib/gcc/arm-none-eabi/12.3.1/../../../../arm-none-eabi/lib/thumb/v7-m/nofp\libc_nano.a(libc_a-mlock.o)
                0x08005bfc                __malloc_lock
 .text.__malloc_unlock
                0x08005c08        0xc C:/ST/STM32CubeIDE_1.17.0/STM32CubeIDE/plugins/com.st.stm32cube.ide.mcu.externaltools.gnu-tools-for-stm32.12.3.rel1.win32_1.1.0.202410251130/tools/bin/../lib/gcc/arm-none-eabi/12.3.1/../../../../arm-none-eabi/lib/thumb/v7-m/nofp\libc_nano.a(libc_a-mlock.o)
                0x08005c08                __malloc_unlock
 .text.__ssputs_r
                0x08005c14       0xb6 C:/ST/STM32CubeIDE_1.17.0/STM32CubeIDE/plugins/com.st.stm32cube.ide.mcu.externaltools.gnu-tools-for-stm32.12.3.rel1.win32_1.1.0.202410251130/tools/bin/../lib/gcc/arm-none-eabi/12.3.1/../../../../arm-none-eabi/lib/thumb/v7-m/nofp\libc_nano.a(libc_a-nano-svfprintf.o)
                0x08005c14                __ssputs_r
 *fill*         0x08005cca        0x2 
 .text._svfprintf_r
                0x08005ccc      0x1f8 C:/ST/STM32CubeIDE_1.17.0/STM32CubeIDE/plugins/com.st.stm32cube.ide.mcu.externaltools.gnu-tools-for-stm32.12.3.rel1.win32_1.1.0.202410251130/tools/bin/../lib/gcc/arm-none-eabi/12.3.1/../../../../arm-none-eabi/lib/thumb/v7-m/nofp\libc_nano.a(libc_a-nano-svfprintf.o)
                0x08005ccc                _svfiprintf_r
                0x08005ccc                _svfprintf_r
 .text._printf_common
                0x08005ec4       0xe4 C:/ST/STM32CubeIDE_1.17.0/STM32CubeIDE/plugins/com.st.stm32cube.ide.mcu.externaltools.gnu-tools-for-stm32.12.3.rel1.win32_1.1.0.202410251130/tools/bin/../lib/gcc/arm-none-eabi/12.3.1/../../../../arm-none-eabi/lib/thumb/v7-m/nofp\libc_nano.a(libc_a-nano-vfprintf_i.o)
                0x08005ec4                _printf_common
 .text._printf_i
                0x08005fa8      0x240 C:/ST/STM32CubeIDE_1.17.0/STM32CubeIDE/plugins/com.st.stm32cube.ide.mcu.externaltools.gnu-tools-for-stm32.12.3.rel1.win32_1.1.0.202410251130/tools/bin/../lib/gcc/arm-none-eabi/12.3.1/../../../../arm-none-eabi/lib/thumb/v7-m/nofp\libc_nano.a(libc_a-nano-vfprintf_i.o)
                0x08005fa8                _printf_i
 .text.memmove  0x080061e8       0x34 C:/ST/STM32CubeIDE_1.17.0/STM32CubeIDE/plugins/com.st.stm32cube.ide.mcu.externaltools.gnu-tools-for-stm32.12.3.rel1.win32_1.1.0.202410251130/tools/bin/../lib/gcc/arm-none-eabi/12.3.1/../../../../arm-none-eabi/lib/thumb/v7-m/nofp\libc_nano.a(libc_a-memmove.o)
                0x080061e8                memmove
 .text._sbrk_r  0x0800621c       0x20 C:/ST/STM32CubeIDE_1.17.0/STM32CubeIDE/plugins/com.st.stm32cube.ide.mcu.externaltools.gnu-tools-for-stm32.12.3.rel1.win32_1.1.0.202410251130/tools/bin/../lib/gcc/arm-none-eabi/12.3.1/../../../../arm-none-eabi/lib/thumb/v7-m/nofp\libc_nano.a(libc_a-sbrkr.o)
                0x0800621c                _sbrk_r
 .text.memchr   0x0800623c       0x1c C:/ST/STM32CubeIDE_1.17.0/STM32CubeIDE/plugins/com.st.stm32cube.ide.mcu.externaltools.gnu-tools-for-stm32.12.3.rel1.win32_1.1.0.202410251130/tools/bin/../lib/gcc/arm-none-eabi/12.3.1/../../../../arm-none-eabi/lib/thumb/v7-m/nofp\libc_nano.a(libc_a-memchr-stub.o)
                0x0800623c                memchr
 .text.memcpy   0x08006258       0x1c C:/ST/STM32CubeIDE_1.17.0/STM32CubeIDE/plugins/com.st.stm32cube.ide.mcu.externaltools.gnu-tools-for-stm32.12.3.rel1.win32_1.1.0.202410251130/tools/bin/../lib/gcc/arm-none-eabi/12.3.1/../../../../arm-none-eabi/lib/thumb/v7-m/nofp\libc_nano.a(libc_a-memcpy-stub.o)
                0x08006258                memcpy
 .text._realloc_r
                0x08006274       0x5c C:/ST/STM32CubeIDE_1.17.0/STM32CubeIDE/plugins/com.st.stm32cube.ide.mcu.externaltools.gnu-tools-for-stm32.12.3.rel1.win32_1.1.0.202410251130/tools/bin/../lib/gcc/arm-none-eabi/12.3.1/../../../../arm-none-eabi/lib/thumb/v7-m/nofp\libc_nano.a(libc_a-reallocr.o)
                0x08006274                _realloc_r
 .text._malloc_usable_size_r
                0x080062d0       0x10 C:/ST/STM32CubeIDE_1.17.0/STM32CubeIDE/plugins/com.st.stm32cube.ide.mcu.externaltools.gnu-tools-for-stm32.12.3.rel1.win32_1.1.0.202410251130/tools/bin/../lib/gcc/arm-none-eabi/12.3.1/../../../../arm-none-eabi/lib/thumb/v7-m/nofp\libc_nano.a(libc_a-msizer.o)
                0x080062d0                _malloc_usable_size_r
 *(.glue_7)
 .glue_7        0x080062e0        0x0 linker stubs
 *(.glue_7t)
 .glue_7t       0x080062e0        0x0 linker stubs
 *(.eh_frame)
 .eh_frame      0x080062e0        0x0 C:/ST/STM32CubeIDE_1.17.0/STM32CubeIDE/plugins/com.st.stm32cube.ide.mcu.externaltools.gnu-tools-for-stm32.12.3.rel1.win32_1.1.0.202410251130/tools/bin/../lib/gcc/arm-none-eabi/12.3.1/thumb/v7-m/nofp/crtbegin.o
 *(.init)
 .init          0x080062e0        0x4 C:/ST/STM32CubeIDE_1.17.0/STM32CubeIDE/plugins/com.st.stm32cube.ide.mcu.externaltools.gnu-tools-for-stm32.12.3.rel1.win32_1.1.0.202410251130/tools/bin/../lib/gcc/arm-none-eabi/12.3.1/thumb/v7-m/nofp/crti.o
                0x080062e0                _init
 .init          0x080062e4        0x8 C:/ST/STM32CubeIDE_1.17.0/STM32CubeIDE/plugins/com.st.stm32cube.ide.mcu.externaltools.gnu-tools-for-stm32.12.3.rel1.win32_1.1.0.202410251130/tools/bin/../lib/gcc/arm-none-eabi/12.3.1/thumb/v7-m/nofp/crtn.o
 *(.fini)
 .fini          0x080062ec        0x4 C:/ST/STM32CubeIDE_1.17.0/STM32CubeIDE/plugins/com.st.stm32cube.ide.mcu.externaltools.gnu-tools-for-stm32.12.3.rel1.win32_1.1.0.202410251130/tools/bin/../lib/gcc/arm-none-eabi/12.3.1/thumb/v7-m/nofp/crti.o
                0x080062ec                _fini
 .fini          0x080062f0        0x8 C:/ST/STM32CubeIDE_1.17.0/STM32CubeIDE/plugins/com.st.stm32cube.ide.mcu.externaltools.gnu-tools-for-stm32.12.3.rel1.win32_1.1.0.202410251130/tools/bin/../lib/gcc/arm-none-eabi/12.3.1/thumb/v7-m/nofp/crtn.o
                0x080062f8                        . = ALIGN (0x4)
                0x080062f8                        _etext = .

.vfp11_veneer   0x080062f8        0x0
 .vfp11_veneer  0x080062f8        0x0 linker stubs

.v4_bx          0x080062f8        0x0
 .v4_bx         0x080062f8        0x0 linker stubs

.iplt           0x080062f8        0x0
 .iplt          0x080062f8        0x0 C:/ST/STM32CubeIDE_1.17.0/STM32CubeIDE/plugins/com.st.stm32cube.ide.mcu.externaltools.gnu-tools-for-stm32.12.3.rel1.win32_1.1.0.202410251130/tools/bin/../lib/gcc/arm-none-eabi/12.3.1/thumb/v7-m/nofp/crtbegin.o

.rodata         0x080062f8       0xa0
                0x080062f8                        . = ALIGN (0x4)
 *(.rodata)
 .rodata        0x080062f8       0x3f ./Core/Src/main.o
 *(.rodata*)
 *fill*         0x08006337        0x1 
 .rodata.AHBPrescTable
                0x08006338       0x10 ./Core/Src/system_stm32f1xx.o
                0x08006338                AHBPrescTable
 .rodata.APBPrescTable
                0x08006348        0x8 ./Core/Src/system_stm32f1xx.o
                0x08006348                APBPrescTable
 .rodata.aPLLMULFactorTable.1
                0x08006350       0x10 ./Drivers/STM32F1xx_HAL_Driver/Src/stm32f1xx_hal_rcc.o
 .rodata.aPredivFactorTable.0
                0x08006360        0x2 ./Drivers/STM32F1xx_HAL_Driver/Src/stm32f1xx_hal_rcc.o
 .rodata._svfprintf_r.str1.1
                0x08006362       0x11 C:/ST/STM32CubeIDE_1.17.0/STM32CubeIDE/plugins/com.st.stm32cube.ide.mcu.externaltools.gnu-tools-for-stm32.12.3.rel1.win32_1.1.0.202410251130/tools/bin/../lib/gcc/arm-none-eabi/12.3.1/../../../../arm-none-eabi/lib/thumb/v7-m/nofp\libc_nano.a(libc_a-nano-svfprintf.o)
 .rodata._printf_i.str1.1
                0x08006373       0x22 C:/ST/STM32CubeIDE_1.17.0/STM32CubeIDE/plugins/com.st.stm32cube.ide.mcu.externaltools.gnu-tools-for-stm32.12.3.rel1.win32_1.1.0.202410251130/tools/bin/../lib/gcc/arm-none-eabi/12.3.1/../../../../arm-none-eabi/lib/thumb/v7-m/nofp\libc_nano.a(libc_a-nano-vfprintf_i.o)
                0x08006398                        . = ALIGN (0x4)
 *fill*         0x08006395        0x3 

.ARM.extab      0x08006398        0x0
                0x08006398                        . = ALIGN (0x4)
 *(.ARM.extab* .gnu.linkonce.armextab.*)
                0x08006398                        . = ALIGN (0x4)

.ARM            0x08006398        0x0
                0x08006398                        . = ALIGN (0x4)
                0x08006398                        __exidx_start = .
 *(.ARM.exidx*)
                0x08006398                        __exidx_end = .
                0x08006398                        . = ALIGN (0x4)

.preinit_array  0x08006398        0x0
                0x08006398                        . = ALIGN (0x4)
                0x08006398                        PROVIDE (__preinit_array_start = .)
 *(.preinit_array*)
                0x08006398                        PROVIDE (__preinit_array_end = .)
                0x08006398                        . = ALIGN (0x4)

.init_array     0x08006398        0x4
                0x08006398                        . = ALIGN (0x4)
                0x08006398                        PROVIDE (__init_array_start = .)
 *(SORT_BY_NAME(.init_array.*))
 *(.init_array*)
 .init_array    0x08006398        0x4 C:/ST/STM32CubeIDE_1.17.0/STM32CubeIDE/plugins/com.st.stm32cube.ide.mcu.externaltools.gnu-tools-for-stm32.12.3.rel1.win32_1.1.0.202410251130/tools/bin/../lib/gcc/arm-none-eabi/12.3.1/thumb/v7-m/nofp/crtbegin.o
                0x0800639c                        PROVIDE (__init_array_end = .)
                0x0800639c                        . = ALIGN (0x4)

.fini_array     0x0800639c        0x4
                0x0800639c                        . = ALIGN (0x4)
                [!provide]                        PROVIDE (__fini_array_start = .)
 *(SORT_BY_NAME(.fini_array.*))
 *(.fini_array*)
 .fini_array    0x0800639c        0x4 C:/ST/STM32CubeIDE_1.17.0/STM32CubeIDE/plugins/com.st.stm32cube.ide.mcu.externaltools.gnu-tools-for-stm32.12.3.rel1.win32_1.1.0.202410251130/tools/bin/../lib/gcc/arm-none-eabi/12.3.1/thumb/v7-m/nofp/crtbegin.o
                [!provide]                        PROVIDE (__fini_array_end = .)
                0x080063a0                        . = ALIGN (0x4)
                0x080063a0                        _sidata = LOADADDR (.data)

.rel.dyn        0x080063a0        0x0
 .rel.iplt      0x080063a0        0x0 C:/ST/STM32CubeIDE_1.17.0/STM32CubeIDE/plugins/com.st.stm32cube.ide.mcu.externaltools.gnu-tools-for-stm32.12.3.rel1.win32_1.1.0.202410251130/tools/bin/../lib/gcc/arm-none-eabi/12.3.1/thumb/v7-m/nofp/crtbegin.o

.data           0x20000000       0x64 load address 0x080063a0
                0x20000000                        . = ALIGN (0x4)
                0x20000000                        _sdata = .
 *(.data)
 *(.data*)
 .data.muteFlag
                0x20000000        0x1 ./Core/Src/GeneralRemoote.o
                0x20000000                muteFlag
 .data.work_Mode
                0x20000001        0x1 ./Core/Src/main.o
                0x20000001                work_Mode
 .data.time_Mode
                0x20000002        0x1 ./Core/Src/main.o
                0x20000002                time_Mode
 .data.date_Mode
                0x20000003        0x1 ./Core/Src/main.o
                0x20000003                date_Mode
 .data.date_Week
                0x20000004        0x1 ./Core/Src/main.o
                0x20000004                date_Week
 .data.tmpShow  0x20000005        0x1 ./Core/Src/main.o
                0x20000005                tmpShow
 *fill*         0x20000006        0x2 
 .data.SystemCoreClock
                0x20000008        0x4 ./Core/Src/system_stm32f1xx.o
                0x20000008                SystemCoreClock
 .data.uwTickPrio
                0x2000000c        0x4 ./Drivers/STM32F1xx_HAL_Driver/Src/stm32f1xx_hal.o
                0x2000000c                uwTickPrio
 .data.uwTickFreq
                0x20000010        0x1 ./Drivers/STM32F1xx_HAL_Driver/Src/stm32f1xx_hal.o
                0x20000010                uwTickFreq
 *fill*         0x20000011        0x3 
 .data._impure_ptr
                0x20000014        0x4 C:/ST/STM32CubeIDE_1.17.0/STM32CubeIDE/plugins/com.st.stm32cube.ide.mcu.externaltools.gnu-tools-for-stm32.12.3.rel1.win32_1.1.0.202410251130/tools/bin/../lib/gcc/arm-none-eabi/12.3.1/../../../../arm-none-eabi/lib/thumb/v7-m/nofp\libc_nano.a(libc_a-impure.o)
                0x20000014                _impure_ptr
 .data._impure_data
                0x20000018       0x4c C:/ST/STM32CubeIDE_1.17.0/STM32CubeIDE/plugins/com.st.stm32cube.ide.mcu.externaltools.gnu-tools-for-stm32.12.3.rel1.win32_1.1.0.202410251130/tools/bin/../lib/gcc/arm-none-eabi/12.3.1/../../../../arm-none-eabi/lib/thumb/v7-m/nofp\libc_nano.a(libc_a-impure.o)
                0x20000018                _impure_data
 *(.RamFunc)
 *(.RamFunc*)
                0x20000064                        . = ALIGN (0x4)
                0x20000064                        _edata = .

.igot.plt       0x20000064        0x0 load address 0x08006404
 .igot.plt      0x20000064        0x0 C:/ST/STM32CubeIDE_1.17.0/STM32CubeIDE/plugins/com.st.stm32cube.ide.mcu.externaltools.gnu-tools-for-stm32.12.3.rel1.win32_1.1.0.202410251130/tools/bin/../lib/gcc/arm-none-eabi/12.3.1/thumb/v7-m/nofp/crtbegin.o
                0x20000064                        . = ALIGN (0x4)

.bss            0x20000064      0x338 load address 0x08006404
                0x20000064                        _sbss = .
                0x20000064                        __bss_start__ = _sbss
 *(.bss)
 .bss           0x20000064       0x1c C:/ST/STM32CubeIDE_1.17.0/STM32CubeIDE/plugins/com.st.stm32cube.ide.mcu.externaltools.gnu-tools-for-stm32.12.3.rel1.win32_1.1.0.202410251130/tools/bin/../lib/gcc/arm-none-eabi/12.3.1/thumb/v7-m/nofp/crtbegin.o
 *(.bss*)
 .bss.valuSetting_tmp
                0x20000080        0x1 ./Core/Src/GeneralRemoote.o
                0x20000080                valuSetting_tmp
 .bss.valueNumber
                0x20000081        0x1 ./Core/Src/GeneralRemoote.o
                0x20000081                valueNumber
 .bss.valueFeedback
                0x20000082        0x1 ./Core/Src/GeneralRemoote.o
                0x20000082                valueFeedback
 *fill*         0x20000083        0x1 
 .bss.ir_TimeValue
                0x20000084       0x42 ./Core/Src/IRRemote.o
                0x20000084                ir_TimeValue
 .bss.ir_ArrayIndex
                0x200000c6        0x1 ./Core/Src/IRRemote.o
                0x200000c6                ir_ArrayIndex
 .bss.ir_DataReady
                0x200000c7        0x1 ./Core/Src/IRRemote.o
                0x200000c7                ir_DataReady
 .bss.ir_Data   0x200000c8        0x2 ./Core/Src/IRRemote.o
                0x200000c8                ir_Data
 .bss.ir_running
                0x200000ca        0x1 ./Core/Src/IRRemote.o
                0x200000ca                ir_running
 .bss.segment_position
                0x200000cb        0x1 ./Core/Src/SegmentsDriver.o
                0x200000cb                segment_position
 .bss.segment_value
                0x200000cc        0xe ./Core/Src/SegmentsDriver.o
                0x200000cc                segment_value
 *fill*         0x200000da        0x2 
 .bss.hi2c2     0x200000dc       0x54 ./Core/Src/i2c.o
                0x200000dc                hi2c2
 .bss.time_Hour
                0x20000130        0x1 ./Core/Src/main.o
                0x20000130                time_Hour
 .bss.time_Minute
                0x20000131        0x1 ./Core/Src/main.o
                0x20000131                time_Minute
 .bss.time_Second
                0x20000132        0x1 ./Core/Src/main.o
                0x20000132                time_Second
 *fill*         0x20000133        0x1 
 .bss.gdate_Year
                0x20000134        0x2 ./Core/Src/main.o
                0x20000134                gdate_Year
 .bss.gdate_Mounth
                0x20000136        0x2 ./Core/Src/main.o
                0x20000136                gdate_Mounth
 .bss.gdate_Day
                0x20000138        0x2 ./Core/Src/main.o
                0x20000138                gdate_Day
 .bss.gdate_Date
                0x2000013a        0x2 ./Core/Src/main.o
                0x2000013a                gdate_Date
 .bss.pdate_Year
                0x2000013c        0x2 ./Core/Src/main.o
                0x2000013c                pdate_Year
 .bss.pdate_Mounth
                0x2000013e        0x2 ./Core/Src/main.o
                0x2000013e                pdate_Mounth
 .bss.pdate_Day
                0x20000140        0x2 ./Core/Src/main.o
                0x20000140                pdate_Day
 .bss.dateYear_t
                0x20000142        0x1 ./Core/Src/main.o
                0x20000142                dateYear_t
 .bss.dateMounth_t
                0x20000143        0x1 ./Core/Src/main.o
                0x20000143                dateMounth_t
 .bss.dateDay_t
                0x20000144        0x1 ./Core/Src/main.o
                0x20000144                dateDay_t
 .bss.dateWeek_t
                0x20000145        0x1 ./Core/Src/main.o
                0x20000145                dateWeek_t
 .bss.time_Hour_t
                0x20000146        0x1 ./Core/Src/main.o
                0x20000146                time_Hour_t
 .bss.time_Minute_t
                0x20000147        0x1 ./Core/Src/main.o
                0x20000147                time_Minute_t
 .bss.timeValue
                0x20000148        0x1 ./Core/Src/main.o
                0x20000148                timeValue
 *fill*         0x20000149        0x1 
 .bss.irRemote  0x2000014a        0x2 ./Core/Src/main.o
                0x2000014a                irRemote
 .bss.send_Flag
                0x2000014c        0x1 ./Core/Src/main.o
                0x2000014c                send_Flag
 .bss.time_TmpShow
                0x2000014d        0x1 ./Core/Src/main.o
                0x2000014d                time_TmpShow
 .bss.time_DateShow
                0x2000014e        0x1 ./Core/Src/main.o
                0x2000014e                time_DateShow
 .bss.dateValue
                0x2000014f        0x1 ./Core/Src/main.o
                0x2000014f                dateValue
 .bss.jalali_Calender
                0x20000150        0xc ./Core/Src/main.o
                0x20000150                jalali_Calender
 .bss.miladi_Calender
                0x2000015c        0xc ./Core/Src/main.o
                0x2000015c                miladi_Calender
 .bss.numarray  0x20000168        0xa ./Core/Src/main.o
                0x20000168                numarray
 *fill*         0x20000172        0x2 
 .bss.__sbrk_heap_end
                0x20000174        0x4 ./Core/Src/sysmem.o
 .bss.htim2     0x20000178       0x48 ./Core/Src/tim.o
                0x20000178                htim2
 .bss.htim3     0x200001c0       0x48 ./Core/Src/tim.o
                0x200001c0                htim3
 .bss.huart2    0x20000208       0x48 ./Core/Src/usart.o
                0x20000208                huart2
 .bss.uwTick    0x20000250        0x4 ./Drivers/STM32F1xx_HAL_Driver/Src/stm32f1xx_hal.o
                0x20000250                uwTick
 .bss.__sf      0x20000254      0x138 C:/ST/STM32CubeIDE_1.17.0/STM32CubeIDE/plugins/com.st.stm32cube.ide.mcu.externaltools.gnu-tools-for-stm32.12.3.rel1.win32_1.1.0.202410251130/tools/bin/../lib/gcc/arm-none-eabi/12.3.1/../../../../arm-none-eabi/lib/thumb/v7-m/nofp\libc_nano.a(libc_a-findfp.o)
                0x20000254                __sf
 .bss.errno     0x2000038c        0x4 C:/ST/STM32CubeIDE_1.17.0/STM32CubeIDE/plugins/com.st.stm32cube.ide.mcu.externaltools.gnu-tools-for-stm32.12.3.rel1.win32_1.1.0.202410251130/tools/bin/../lib/gcc/arm-none-eabi/12.3.1/../../../../arm-none-eabi/lib/thumb/v7-m/nofp\libc_nano.a(libc_a-reent.o)
                0x2000038c                errno
 .bss.__lock___malloc_recursive_mutex
                0x20000390        0x1 C:/ST/STM32CubeIDE_1.17.0/STM32CubeIDE/plugins/com.st.stm32cube.ide.mcu.externaltools.gnu-tools-for-stm32.12.3.rel1.win32_1.1.0.202410251130/tools/bin/../lib/gcc/arm-none-eabi/12.3.1/../../../../arm-none-eabi/lib/thumb/v7-m/nofp\libc_nano.a(libc_a-lock.o)
                0x20000390                __lock___malloc_recursive_mutex
 *fill*         0x20000391        0x3 
 .bss.__malloc_sbrk_start
                0x20000394        0x4 C:/ST/STM32CubeIDE_1.17.0/STM32CubeIDE/plugins/com.st.stm32cube.ide.mcu.externaltools.gnu-tools-for-stm32.12.3.rel1.win32_1.1.0.202410251130/tools/bin/../lib/gcc/arm-none-eabi/12.3.1/../../../../arm-none-eabi/lib/thumb/v7-m/nofp\libc_nano.a(libc_a-mallocr.o)
                0x20000394                __malloc_sbrk_start
 .bss.__malloc_free_list
                0x20000398        0x4 C:/ST/STM32CubeIDE_1.17.0/STM32CubeIDE/plugins/com.st.stm32cube.ide.mcu.externaltools.gnu-tools-for-stm32.12.3.rel1.win32_1.1.0.202410251130/tools/bin/../lib/gcc/arm-none-eabi/12.3.1/../../../../arm-none-eabi/lib/thumb/v7-m/nofp\libc_nano.a(libc_a-mallocr.o)
                0x20000398                __malloc_free_list
 *(COMMON)
                0x2000039c                        . = ALIGN (0x4)
                0x2000039c                        _ebss = .
                0x2000039c                        __bss_end__ = _ebss

._user_heap_stack
                0x2000039c      0x604 load address 0x08006404
                0x200003a0                        . = ALIGN (0x8)
 *fill*         0x2000039c        0x4 
                [!provide]                        PROVIDE (end = .)
                0x200003a0                        PROVIDE (_end = .)
                0x200005a0                        . = (. + _Min_Heap_Size)
 *fill*         0x200003a0      0x200 
                0x200009a0                        . = (. + _Min_Stack_Size)
 *fill*         0x200005a0      0x400 
                0x200009a0                        . = ALIGN (0x8)

/DISCARD/
 libc.a(*)
 libm.a(*)
 libgcc.a(*)

.ARM.attributes
                0x00000000       0x29
 *(.ARM.attributes)
 .ARM.attributes
                0x00000000       0x1d C:/ST/STM32CubeIDE_1.17.0/STM32CubeIDE/plugins/com.st.stm32cube.ide.mcu.externaltools.gnu-tools-for-stm32.12.3.rel1.win32_1.1.0.202410251130/tools/bin/../lib/gcc/arm-none-eabi/12.3.1/thumb/v7-m/nofp/crti.o
 .ARM.attributes
                0x0000001d       0x2d C:/ST/STM32CubeIDE_1.17.0/STM32CubeIDE/plugins/com.st.stm32cube.ide.mcu.externaltools.gnu-tools-for-stm32.12.3.rel1.win32_1.1.0.202410251130/tools/bin/../lib/gcc/arm-none-eabi/12.3.1/thumb/v7-m/nofp/crtbegin.o
 .ARM.attributes
                0x0000004a       0x2d ./Core/Src/GeneralRemoote.o
 .ARM.attributes
                0x00000077       0x2d ./Core/Src/IRRemote.o
 .ARM.attributes
                0x000000a4       0x2d ./Core/Src/SegmentsDriver.o
 .ARM.attributes
                0x000000d1       0x2d ./Core/Src/gpio.o
 .ARM.attributes
                0x000000fe       0x2d ./Core/Src/i2c.o
 .ARM.attributes
                0x0000012b       0x2d ./Core/Src/main.o
 .ARM.attributes
                0x00000158       0x2d ./Core/Src/stm32f1xx_hal_msp.o
 .ARM.attributes
                0x00000185       0x2d ./Core/Src/stm32f1xx_it.o
 .ARM.attributes
                0x000001b2       0x2d ./Core/Src/sysmem.o
 .ARM.attributes
                0x000001df       0x2d ./Core/Src/system_stm32f1xx.o
 .ARM.attributes
                0x0000020c       0x2d ./Core/Src/tim.o
 .ARM.attributes
                0x00000239       0x2d ./Core/Src/usart.o
 .ARM.attributes
                0x00000266       0x21 ./Core/Startup/startup_stm32f103c8tx.o
 .ARM.attributes
                0x00000287       0x2d ./Drivers/STM32F1xx_HAL_Driver/Src/stm32f1xx_hal.o
 .ARM.attributes
                0x000002b4       0x2d ./Drivers/STM32F1xx_HAL_Driver/Src/stm32f1xx_hal_cortex.o
 .ARM.attributes
                0x000002e1       0x2d ./Drivers/STM32F1xx_HAL_Driver/Src/stm32f1xx_hal_gpio.o
 .ARM.attributes
                0x0000030e       0x2d ./Drivers/STM32F1xx_HAL_Driver/Src/stm32f1xx_hal_i2c.o
 .ARM.attributes
                0x0000033b       0x2d ./Drivers/STM32F1xx_HAL_Driver/Src/stm32f1xx_hal_rcc.o
 .ARM.attributes
                0x00000368       0x2d ./Drivers/STM32F1xx_HAL_Driver/Src/stm32f1xx_hal_tim.o
 .ARM.attributes
                0x00000395       0x2d ./Drivers/STM32F1xx_HAL_Driver/Src/stm32f1xx_hal_tim_ex.o
 .ARM.attributes
                0x000003c2       0x2d ./Drivers/STM32F1xx_HAL_Driver/Src/stm32f1xx_hal_uart.o
 .ARM.attributes
                0x000003ef       0x2d C:/ST/STM32CubeIDE_1.17.0/STM32CubeIDE/plugins/com.st.stm32cube.ide.mcu.externaltools.gnu-tools-for-stm32.12.3.rel1.win32_1.1.0.202410251130/tools/bin/../lib/gcc/arm-none-eabi/12.3.1/../../../../arm-none-eabi/lib/thumb/v7-m/nofp\libc_nano.a(libc_a-findfp.o)
 .ARM.attributes
                0x0000041c       0x2d C:/ST/STM32CubeIDE_1.17.0/STM32CubeIDE/plugins/com.st.stm32cube.ide.mcu.externaltools.gnu-tools-for-stm32.12.3.rel1.win32_1.1.0.202410251130/tools/bin/../lib/gcc/arm-none-eabi/12.3.1/../../../../arm-none-eabi/lib/thumb/v7-m/nofp\libc_nano.a(libc_a-sprintf.o)
 .ARM.attributes
                0x00000449       0x2d C:/ST/STM32CubeIDE_1.17.0/STM32CubeIDE/plugins/com.st.stm32cube.ide.mcu.externaltools.gnu-tools-for-stm32.12.3.rel1.win32_1.1.0.202410251130/tools/bin/../lib/gcc/arm-none-eabi/12.3.1/../../../../arm-none-eabi/lib/thumb/v7-m/nofp\libc_nano.a(libc_a-memset.o)
 .ARM.attributes
                0x00000476       0x2d C:/ST/STM32CubeIDE_1.17.0/STM32CubeIDE/plugins/com.st.stm32cube.ide.mcu.externaltools.gnu-tools-for-stm32.12.3.rel1.win32_1.1.0.202410251130/tools/bin/../lib/gcc/arm-none-eabi/12.3.1/../../../../arm-none-eabi/lib/thumb/v7-m/nofp\libc_nano.a(libc_a-reent.o)
 .ARM.attributes
                0x000004a3       0x2d C:/ST/STM32CubeIDE_1.17.0/STM32CubeIDE/plugins/com.st.stm32cube.ide.mcu.externaltools.gnu-tools-for-stm32.12.3.rel1.win32_1.1.0.202410251130/tools/bin/../lib/gcc/arm-none-eabi/12.3.1/../../../../arm-none-eabi/lib/thumb/v7-m/nofp\libc_nano.a(libc_a-impure.o)
 .ARM.attributes
                0x000004d0       0x2d C:/ST/STM32CubeIDE_1.17.0/STM32CubeIDE/plugins/com.st.stm32cube.ide.mcu.externaltools.gnu-tools-for-stm32.12.3.rel1.win32_1.1.0.202410251130/tools/bin/../lib/gcc/arm-none-eabi/12.3.1/../../../../arm-none-eabi/lib/thumb/v7-m/nofp\libc_nano.a(libc_a-errno.o)
 .ARM.attributes
                0x000004fd       0x2d C:/ST/STM32CubeIDE_1.17.0/STM32CubeIDE/plugins/com.st.stm32cube.ide.mcu.externaltools.gnu-tools-for-stm32.12.3.rel1.win32_1.1.0.202410251130/tools/bin/../lib/gcc/arm-none-eabi/12.3.1/../../../../arm-none-eabi/lib/thumb/v7-m/nofp\libc_nano.a(libc_a-init.o)
 .ARM.attributes
                0x0000052a       0x2d C:/ST/STM32CubeIDE_1.17.0/STM32CubeIDE/plugins/com.st.stm32cube.ide.mcu.externaltools.gnu-tools-for-stm32.12.3.rel1.win32_1.1.0.202410251130/tools/bin/../lib/gcc/arm-none-eabi/12.3.1/../../../../arm-none-eabi/lib/thumb/v7-m/nofp\libc_nano.a(libc_a-lock.o)
 .ARM.attributes
                0x00000557       0x2d C:/ST/STM32CubeIDE_1.17.0/STM32CubeIDE/plugins/com.st.stm32cube.ide.mcu.externaltools.gnu-tools-for-stm32.12.3.rel1.win32_1.1.0.202410251130/tools/bin/../lib/gcc/arm-none-eabi/12.3.1/../../../../arm-none-eabi/lib/thumb/v7-m/nofp\libc_nano.a(libc_a-freer.o)
 .ARM.attributes
                0x00000584       0x2d C:/ST/STM32CubeIDE_1.17.0/STM32CubeIDE/plugins/com.st.stm32cube.ide.mcu.externaltools.gnu-tools-for-stm32.12.3.rel1.win32_1.1.0.202410251130/tools/bin/../lib/gcc/arm-none-eabi/12.3.1/../../../../arm-none-eabi/lib/thumb/v7-m/nofp\libc_nano.a(libc_a-mallocr.o)
 .ARM.attributes
                0x000005b1       0x2d C:/ST/STM32CubeIDE_1.17.0/STM32CubeIDE/plugins/com.st.stm32cube.ide.mcu.externaltools.gnu-tools-for-stm32.12.3.rel1.win32_1.1.0.202410251130/tools/bin/../lib/gcc/arm-none-eabi/12.3.1/../../../../arm-none-eabi/lib/thumb/v7-m/nofp\libc_nano.a(libc_a-mlock.o)
 .ARM.attributes
                0x000005de       0x2d C:/ST/STM32CubeIDE_1.17.0/STM32CubeIDE/plugins/com.st.stm32cube.ide.mcu.externaltools.gnu-tools-for-stm32.12.3.rel1.win32_1.1.0.202410251130/tools/bin/../lib/gcc/arm-none-eabi/12.3.1/../../../../arm-none-eabi/lib/thumb/v7-m/nofp\libc_nano.a(libc_a-nano-svfprintf.o)
 .ARM.attributes
                0x0000060b       0x2d C:/ST/STM32CubeIDE_1.17.0/STM32CubeIDE/plugins/com.st.stm32cube.ide.mcu.externaltools.gnu-tools-for-stm32.12.3.rel1.win32_1.1.0.202410251130/tools/bin/../lib/gcc/arm-none-eabi/12.3.1/../../../../arm-none-eabi/lib/thumb/v7-m/nofp\libc_nano.a(libc_a-nano-vfprintf_i.o)
 .ARM.attributes
                0x00000638       0x2d C:/ST/STM32CubeIDE_1.17.0/STM32CubeIDE/plugins/com.st.stm32cube.ide.mcu.externaltools.gnu-tools-for-stm32.12.3.rel1.win32_1.1.0.202410251130/tools/bin/../lib/gcc/arm-none-eabi/12.3.1/../../../../arm-none-eabi/lib/thumb/v7-m/nofp\libc_nano.a(libc_a-memmove.o)
 .ARM.attributes
                0x00000665       0x2d C:/ST/STM32CubeIDE_1.17.0/STM32CubeIDE/plugins/com.st.stm32cube.ide.mcu.externaltools.gnu-tools-for-stm32.12.3.rel1.win32_1.1.0.202410251130/tools/bin/../lib/gcc/arm-none-eabi/12.3.1/../../../../arm-none-eabi/lib/thumb/v7-m/nofp\libc_nano.a(libc_a-sbrkr.o)
 .ARM.attributes
                0x00000692       0x2d C:/ST/STM32CubeIDE_1.17.0/STM32CubeIDE/plugins/com.st.stm32cube.ide.mcu.externaltools.gnu-tools-for-stm32.12.3.rel1.win32_1.1.0.202410251130/tools/bin/../lib/gcc/arm-none-eabi/12.3.1/../../../../arm-none-eabi/lib/thumb/v7-m/nofp\libc_nano.a(libc_a-memchr-stub.o)
 .ARM.attributes
                0x000006bf       0x2d C:/ST/STM32CubeIDE_1.17.0/STM32CubeIDE/plugins/com.st.stm32cube.ide.mcu.externaltools.gnu-tools-for-stm32.12.3.rel1.win32_1.1.0.202410251130/tools/bin/../lib/gcc/arm-none-eabi/12.3.1/../../../../arm-none-eabi/lib/thumb/v7-m/nofp\libc_nano.a(libc_a-memcpy-stub.o)
 .ARM.attributes
                0x000006ec       0x2d C:/ST/STM32CubeIDE_1.17.0/STM32CubeIDE/plugins/com.st.stm32cube.ide.mcu.externaltools.gnu-tools-for-stm32.12.3.rel1.win32_1.1.0.202410251130/tools/bin/../lib/gcc/arm-none-eabi/12.3.1/../../../../arm-none-eabi/lib/thumb/v7-m/nofp\libc_nano.a(libc_a-reallocr.o)
 .ARM.attributes
                0x00000719       0x2d C:/ST/STM32CubeIDE_1.17.0/STM32CubeIDE/plugins/com.st.stm32cube.ide.mcu.externaltools.gnu-tools-for-stm32.12.3.rel1.win32_1.1.0.202410251130/tools/bin/../lib/gcc/arm-none-eabi/12.3.1/../../../../arm-none-eabi/lib/thumb/v7-m/nofp\libc_nano.a(libc_a-msizer.o)
 .ARM.attributes
                0x00000746       0x1d C:/ST/STM32CubeIDE_1.17.0/STM32CubeIDE/plugins/com.st.stm32cube.ide.mcu.externaltools.gnu-tools-for-stm32.12.3.rel1.win32_1.1.0.202410251130/tools/bin/../lib/gcc/arm-none-eabi/12.3.1/thumb/v7-m/nofp/crtn.o
OUTPUT(3512_PostBank_CLK.elf elf32-littlearm)
LOAD linker stubs
LOAD C:/ST/STM32CubeIDE_1.17.0/STM32CubeIDE/plugins/com.st.stm32cube.ide.mcu.externaltools.gnu-tools-for-stm32.12.3.rel1.win32_1.1.0.202410251130/tools/bin/../lib/gcc/arm-none-eabi/12.3.1/../../../../arm-none-eabi/lib/thumb/v7-m/nofp\libc.a
LOAD C:/ST/STM32CubeIDE_1.17.0/STM32CubeIDE/plugins/com.st.stm32cube.ide.mcu.externaltools.gnu-tools-for-stm32.12.3.rel1.win32_1.1.0.202410251130/tools/bin/../lib/gcc/arm-none-eabi/12.3.1/../../../../arm-none-eabi/lib/thumb/v7-m/nofp\libm.a
LOAD C:/ST/STM32CubeIDE_1.17.0/STM32CubeIDE/plugins/com.st.stm32cube.ide.mcu.externaltools.gnu-tools-for-stm32.12.3.rel1.win32_1.1.0.202410251130/tools/bin/../lib/gcc/arm-none-eabi/12.3.1/thumb/v7-m/nofp\libgcc.a

.debug_info     0x00000000     0xff86
 .debug_info    0x00000000      0x8b6 ./Core/Src/GeneralRemoote.o
 .debug_info    0x000008b6      0x1d4 ./Core/Src/IRRemote.o
 .debug_info    0x00000a8a      0x21a ./Core/Src/SegmentsDriver.o
 .debug_info    0x00000ca4      0x44e ./Core/Src/gpio.o
 .debug_info    0x000010f2      0x7e3 ./Core/Src/i2c.o
 .debug_info    0x000018d5     0x16bb ./Core/Src/main.o
 .debug_info    0x00002f90      0x1f1 ./Core/Src/stm32f1xx_hal_msp.o
 .debug_info    0x00003181      0x789 ./Core/Src/stm32f1xx_it.o
 .debug_info    0x0000390a      0x168 ./Core/Src/sysmem.o
 .debug_info    0x00003a72      0x222 ./Core/Src/system_stm32f1xx.o
 .debug_info    0x00003c94      0xa1a ./Core/Src/tim.o
 .debug_info    0x000046ae      0x798 ./Core/Src/usart.o
 .debug_info    0x00004e46       0x30 ./Core/Startup/startup_stm32f103c8tx.o
 .debug_info    0x00004e76      0x704 ./Drivers/STM32F1xx_HAL_Driver/Src/stm32f1xx_hal.o
 .debug_info    0x0000557a      0xa87 ./Drivers/STM32F1xx_HAL_Driver/Src/stm32f1xx_hal_cortex.o
 .debug_info    0x00006001      0x5ab ./Drivers/STM32F1xx_HAL_Driver/Src/stm32f1xx_hal_gpio.o
 .debug_info    0x000065ac     0x2524 ./Drivers/STM32F1xx_HAL_Driver/Src/stm32f1xx_hal_i2c.o
 .debug_info    0x00008ad0      0x7d5 ./Drivers/STM32F1xx_HAL_Driver/Src/stm32f1xx_hal_rcc.o
 .debug_info    0x000092a5     0x2959 ./Drivers/STM32F1xx_HAL_Driver/Src/stm32f1xx_hal_tim.o
 .debug_info    0x0000bbfe     0x149b ./Drivers/STM32F1xx_HAL_Driver/Src/stm32f1xx_hal_tim_ex.o
 .debug_info    0x0000d099     0x2eed ./Drivers/STM32F1xx_HAL_Driver/Src/stm32f1xx_hal_uart.o

.debug_abbrev   0x00000000     0x2864
 .debug_abbrev  0x00000000      0x250 ./Core/Src/GeneralRemoote.o
 .debug_abbrev  0x00000250      0x10a ./Core/Src/IRRemote.o
 .debug_abbrev  0x0000035a      0x170 ./Core/Src/SegmentsDriver.o
 .debug_abbrev  0x000004ca      0x161 ./Core/Src/gpio.o
 .debug_abbrev  0x0000062b      0x1de ./Core/Src/i2c.o
 .debug_abbrev  0x00000809      0x360 ./Core/Src/main.o
 .debug_abbrev  0x00000b69       0xdb ./Core/Src/stm32f1xx_hal_msp.o
 .debug_abbrev  0x00000c44      0x1f4 ./Core/Src/stm32f1xx_it.o
 .debug_abbrev  0x00000e38       0xbc ./Core/Src/sysmem.o
 .debug_abbrev  0x00000ef4      0x13f ./Core/Src/system_stm32f1xx.o
 .debug_abbrev  0x00001033      0x21d ./Core/Src/tim.o
 .debug_abbrev  0x00001250      0x1e6 ./Core/Src/usart.o
 .debug_abbrev  0x00001436       0x24 ./Core/Startup/startup_stm32f103c8tx.o
 .debug_abbrev  0x0000145a      0x201 ./Drivers/STM32F1xx_HAL_Driver/Src/stm32f1xx_hal.o
 .debug_abbrev  0x0000165b      0x2f8 ./Drivers/STM32F1xx_HAL_Driver/Src/stm32f1xx_hal_cortex.o
 .debug_abbrev  0x00001953      0x1ca ./Drivers/STM32F1xx_HAL_Driver/Src/stm32f1xx_hal_gpio.o
 .debug_abbrev  0x00001b1d      0x2a3 ./Drivers/STM32F1xx_HAL_Driver/Src/stm32f1xx_hal_i2c.o
 .debug_abbrev  0x00001dc0      0x2b3 ./Drivers/STM32F1xx_HAL_Driver/Src/stm32f1xx_hal_rcc.o
 .debug_abbrev  0x00002073      0x277 ./Drivers/STM32F1xx_HAL_Driver/Src/stm32f1xx_hal_tim.o
 .debug_abbrev  0x000022ea      0x282 ./Drivers/STM32F1xx_HAL_Driver/Src/stm32f1xx_hal_tim_ex.o
 .debug_abbrev  0x0000256c      0x2f8 ./Drivers/STM32F1xx_HAL_Driver/Src/stm32f1xx_hal_uart.o

.debug_aranges  0x00000000      0xf98
 .debug_aranges
                0x00000000       0x30 ./Core/Src/GeneralRemoote.o
 .debug_aranges
                0x00000030       0x38 ./Core/Src/IRRemote.o
 .debug_aranges
                0x00000068       0x30 ./Core/Src/SegmentsDriver.o
 .debug_aranges
                0x00000098       0x20 ./Core/Src/gpio.o
 .debug_aranges
                0x000000b8       0x30 ./Core/Src/i2c.o
 .debug_aranges
                0x000000e8       0x88 ./Core/Src/main.o
 .debug_aranges
                0x00000170       0x20 ./Core/Src/stm32f1xx_hal_msp.o
 .debug_aranges
                0x00000190       0x80 ./Core/Src/stm32f1xx_it.o
 .debug_aranges
                0x00000210       0x20 ./Core/Src/sysmem.o
 .debug_aranges
                0x00000230       0x28 ./Core/Src/system_stm32f1xx.o
 .debug_aranges
                0x00000258       0x38 ./Core/Src/tim.o
 .debug_aranges
                0x00000290       0x30 ./Core/Src/usart.o
 .debug_aranges
                0x000002c0       0x28 ./Core/Startup/startup_stm32f103c8tx.o
 .debug_aranges
                0x000002e8       0xe0 ./Drivers/STM32F1xx_HAL_Driver/Src/stm32f1xx_hal.o
 .debug_aranges
                0x000003c8      0x100 ./Drivers/STM32F1xx_HAL_Driver/Src/stm32f1xx_hal_cortex.o
 .debug_aranges
                0x000004c8       0x58 ./Drivers/STM32F1xx_HAL_Driver/Src/stm32f1xx_hal_gpio.o
 .debug_aranges
                0x00000520      0x2a8 ./Drivers/STM32F1xx_HAL_Driver/Src/stm32f1xx_hal_i2c.o
 .debug_aranges
                0x000007c8       0x90 ./Drivers/STM32F1xx_HAL_Driver/Src/stm32f1xx_hal_rcc.o
 .debug_aranges
                0x00000858      0x3d0 ./Drivers/STM32F1xx_HAL_Driver/Src/stm32f1xx_hal_tim.o
 .debug_aranges
                0x00000c28      0x168 ./Drivers/STM32F1xx_HAL_Driver/Src/stm32f1xx_hal_tim_ex.o
 .debug_aranges
                0x00000d90      0x208 ./Drivers/STM32F1xx_HAL_Driver/Src/stm32f1xx_hal_uart.o

.debug_rnglists
                0x00000000      0xc3f
 .debug_rnglists
                0x00000000       0x21 ./Core/Src/GeneralRemoote.o
 .debug_rnglists
                0x00000021       0x26 ./Core/Src/IRRemote.o
 .debug_rnglists
                0x00000047       0x21 ./Core/Src/SegmentsDriver.o
 .debug_rnglists
                0x00000068       0x14 ./Core/Src/gpio.o
 .debug_rnglists
                0x0000007c       0x20 ./Core/Src/i2c.o
 .debug_rnglists
                0x0000009c       0x67 ./Core/Src/main.o
 .debug_rnglists
                0x00000103       0x13 ./Core/Src/stm32f1xx_hal_msp.o
 .debug_rnglists
                0x00000116       0x5b ./Core/Src/stm32f1xx_it.o
 .debug_rnglists
                0x00000171       0x13 ./Core/Src/sysmem.o
 .debug_rnglists
                0x00000184       0x1a ./Core/Src/system_stm32f1xx.o
 .debug_rnglists
                0x0000019e       0x28 ./Core/Src/tim.o
 .debug_rnglists
                0x000001c6       0x20 ./Core/Src/usart.o
 .debug_rnglists
                0x000001e6       0x19 ./Core/Startup/startup_stm32f103c8tx.o
 .debug_rnglists
                0x000001ff       0xa3 ./Drivers/STM32F1xx_HAL_Driver/Src/stm32f1xx_hal.o
 .debug_rnglists
                0x000002a2       0xbb ./Drivers/STM32F1xx_HAL_Driver/Src/stm32f1xx_hal_cortex.o
 .debug_rnglists
                0x0000035d       0x3f ./Drivers/STM32F1xx_HAL_Driver/Src/stm32f1xx_hal_gpio.o
 .debug_rnglists
                0x0000039c      0x23c ./Drivers/STM32F1xx_HAL_Driver/Src/stm32f1xx_hal_i2c.o
 .debug_rnglists
                0x000005d8       0x6c ./Drivers/STM32F1xx_HAL_Driver/Src/stm32f1xx_hal_rcc.o
 .debug_rnglists
                0x00000644      0x31a ./Drivers/STM32F1xx_HAL_Driver/Src/stm32f1xx_hal_tim.o
 .debug_rnglists
                0x0000095e      0x125 ./Drivers/STM32F1xx_HAL_Driver/Src/stm32f1xx_hal_tim_ex.o
 .debug_rnglists
                0x00000a83      0x1bc ./Drivers/STM32F1xx_HAL_Driver/Src/stm32f1xx_hal_uart.o

.debug_macro    0x00000000    0x18e32
 .debug_macro   0x00000000      0x1f6 ./Core/Src/GeneralRemoote.o
 .debug_macro   0x000001f6      0xaa8 ./Core/Src/GeneralRemoote.o
 .debug_macro   0x00000c9e      0x221 ./Core/Src/GeneralRemoote.o
 .debug_macro   0x00000ebf       0x2e ./Core/Src/GeneralRemoote.o
 .debug_macro   0x00000eed       0x22 ./Core/Src/GeneralRemoote.o
 .debug_macro   0x00000f0f       0x22 ./Core/Src/GeneralRemoote.o
 .debug_macro   0x00000f31       0x8e ./Core/Src/GeneralRemoote.o
 .debug_macro   0x00000fbf       0x51 ./Core/Src/GeneralRemoote.o
 .debug_macro   0x00001010      0x103 ./Core/Src/GeneralRemoote.o
 .debug_macro   0x00001113       0x6a ./Core/Src/GeneralRemoote.o
 .debug_macro   0x0000117d      0x1df ./Core/Src/GeneralRemoote.o
 .debug_macro   0x0000135c       0x1c ./Core/Src/GeneralRemoote.o
 .debug_macro   0x00001378       0x22 ./Core/Src/GeneralRemoote.o
 .debug_macro   0x0000139a       0xbd ./Core/Src/GeneralRemoote.o
 .debug_macro   0x00001457      0xd23 ./Core/Src/GeneralRemoote.o
 .debug_macro   0x0000217a     0xe09e ./Core/Src/GeneralRemoote.o
 .debug_macro   0x00010218       0x6d ./Core/Src/GeneralRemoote.o
 .debug_macro   0x00010285     0x34a2 ./Core/Src/GeneralRemoote.o
 .debug_macro   0x00013727      0x189 ./Core/Src/GeneralRemoote.o
 .debug_macro   0x000138b0       0x5c ./Core/Src/GeneralRemoote.o
 .debug_macro   0x0001390c      0x5bc ./Core/Src/GeneralRemoote.o
 .debug_macro   0x00013ec8      0x289 ./Core/Src/GeneralRemoote.o
 .debug_macro   0x00014151      0x1cb ./Core/Src/GeneralRemoote.o
 .debug_macro   0x0001431c      0x114 ./Core/Src/GeneralRemoote.o
 .debug_macro   0x00014430      0x1b2 ./Core/Src/GeneralRemoote.o
 .debug_macro   0x000145e2       0x27 ./Core/Src/GeneralRemoote.o
 .debug_macro   0x00014609      0x136 ./Core/Src/GeneralRemoote.o
 .debug_macro   0x0001473f      0x1bc ./Core/Src/GeneralRemoote.o
 .debug_macro   0x000148fb       0x34 ./Core/Src/GeneralRemoote.o
 .debug_macro   0x0001492f       0x3c ./Core/Src/GeneralRemoote.o
 .debug_macro   0x0001496b       0x57 ./Core/Src/GeneralRemoote.o
 .debug_macro   0x000149c2       0x87 ./Core/Src/GeneralRemoote.o
 .debug_macro   0x00014a49      0x240 ./Core/Src/GeneralRemoote.o
 .debug_macro   0x00014c89      0x287 ./Core/Src/GeneralRemoote.o
 .debug_macro   0x00014f10      0x140 ./Core/Src/GeneralRemoote.o
 .debug_macro   0x00015050      0x8ed ./Core/Src/GeneralRemoote.o
 .debug_macro   0x0001593d      0x28e ./Core/Src/GeneralRemoote.o
 .debug_macro   0x00015bcb       0x83 ./Core/Src/GeneralRemoote.o
 .debug_macro   0x00015c4e       0xfa ./Core/Src/GeneralRemoote.o
 .debug_macro   0x00015d48       0xfa ./Core/Src/GeneralRemoote.o
 .debug_macro   0x00015e42       0x58 ./Core/Src/GeneralRemoote.o
 .debug_macro   0x00015e9a      0x1cf ./Core/Src/IRRemote.o
 .debug_macro   0x00016069      0x1cb ./Core/Src/SegmentsDriver.o
 .debug_macro   0x00016234       0xf4 ./Core/Src/SegmentsDriver.o
 .debug_macro   0x00016328       0x64 ./Core/Src/SegmentsDriver.o
 .debug_macro   0x0001638c      0x1c6 ./Core/Src/gpio.o
 .debug_macro   0x00016552      0x1c6 ./Core/Src/i2c.o
 .debug_macro   0x00016718      0x319 ./Core/Src/main.o
 .debug_macro   0x00016a31       0x6a ./Core/Src/main.o
 .debug_macro   0x00016a9b       0x61 ./Core/Src/main.o
 .debug_macro   0x00016afc       0x24 ./Core/Src/main.o
 .debug_macro   0x00016b20       0x43 ./Core/Src/main.o
 .debug_macro   0x00016b63       0x34 ./Core/Src/main.o
 .debug_macro   0x00016b97       0x16 ./Core/Src/main.o
 .debug_macro   0x00016bad       0x35 ./Core/Src/main.o
 .debug_macro   0x00016be2      0x369 ./Core/Src/main.o
 .debug_macro   0x00016f4b       0x10 ./Core/Src/main.o
 .debug_macro   0x00016f5b       0x16 ./Core/Src/main.o
 .debug_macro   0x00016f71       0x43 ./Core/Src/main.o
 .debug_macro   0x00016fb4       0x34 ./Core/Src/main.o
 .debug_macro   0x00016fe8       0x10 ./Core/Src/main.o
 .debug_macro   0x00016ff8       0x58 ./Core/Src/main.o
 .debug_macro   0x00017050       0x8e ./Core/Src/main.o
 .debug_macro   0x000170de       0x1c ./Core/Src/main.o
 .debug_macro   0x000170fa      0x177 ./Core/Src/main.o
 .debug_macro   0x00017271       0x16 ./Core/Src/main.o
 .debug_macro   0x00017287       0x16 ./Core/Src/main.o
 .debug_macro   0x0001729d      0x146 ./Core/Src/main.o
 .debug_macro   0x000173e3      0x1bc ./Core/Src/stm32f1xx_hal_msp.o
 .debug_macro   0x0001759f      0x1c6 ./Core/Src/stm32f1xx_it.o
 .debug_macro   0x00017765       0xff ./Core/Src/sysmem.o
 .debug_macro   0x00017864      0x23c ./Core/Src/sysmem.o
 .debug_macro   0x00017aa0      0x1ad ./Core/Src/system_stm32f1xx.o
 .debug_macro   0x00017c4d      0x1c6 ./Core/Src/tim.o
 .debug_macro   0x00017e13      0x1c6 ./Core/Src/usart.o
 .debug_macro   0x00017fd9      0x1d1 ./Drivers/STM32F1xx_HAL_Driver/Src/stm32f1xx_hal.o
 .debug_macro   0x000181aa      0x1ad ./Drivers/STM32F1xx_HAL_Driver/Src/stm32f1xx_hal_cortex.o
 .debug_macro   0x00018357      0x218 ./Drivers/STM32F1xx_HAL_Driver/Src/stm32f1xx_hal_gpio.o
 .debug_macro   0x0001856f      0x1fb ./Drivers/STM32F1xx_HAL_Driver/Src/stm32f1xx_hal_i2c.o
 .debug_macro   0x0001876a      0x1bf ./Drivers/STM32F1xx_HAL_Driver/Src/stm32f1xx_hal_rcc.o
 .debug_macro   0x00018929      0x1ae ./Drivers/STM32F1xx_HAL_Driver/Src/stm32f1xx_hal_tim.o
 .debug_macro   0x00018ad7      0x1ad ./Drivers/STM32F1xx_HAL_Driver/Src/stm32f1xx_hal_tim_ex.o
 .debug_macro   0x00018c84      0x1ae ./Drivers/STM32F1xx_HAL_Driver/Src/stm32f1xx_hal_uart.o

.debug_line     0x00000000    0x14637
 .debug_line    0x00000000      0xaff ./Core/Src/GeneralRemoote.o
 .debug_line    0x00000aff      0x83e ./Core/Src/IRRemote.o
 .debug_line    0x0000133d      0x853 ./Core/Src/SegmentsDriver.o
 .debug_line    0x00001b90      0x756 ./Core/Src/gpio.o
 .debug_line    0x000022e6      0x779 ./Core/Src/i2c.o
 .debug_line    0x00002a5f      0xf15 ./Core/Src/main.o
 .debug_line    0x00003974      0x714 ./Core/Src/stm32f1xx_hal_msp.o
 .debug_line    0x00004088      0x83e ./Core/Src/stm32f1xx_it.o
 .debug_line    0x000048c6      0x579 ./Core/Src/sysmem.o
 .debug_line    0x00004e3f      0x792 ./Core/Src/system_stm32f1xx.o
 .debug_line    0x000055d1      0x7f5 ./Core/Src/tim.o
 .debug_line    0x00005dc6      0x783 ./Core/Src/usart.o
 .debug_line    0x00006549       0x78 ./Core/Startup/startup_stm32f103c8tx.o
 .debug_line    0x000065c1      0x9bf ./Drivers/STM32F1xx_HAL_Driver/Src/stm32f1xx_hal.o
 .debug_line    0x00006f80      0xbab ./Drivers/STM32F1xx_HAL_Driver/Src/stm32f1xx_hal_cortex.o
 .debug_line    0x00007b2b      0xa58 ./Drivers/STM32F1xx_HAL_Driver/Src/stm32f1xx_hal_gpio.o
 .debug_line    0x00008583     0x3c5c ./Drivers/STM32F1xx_HAL_Driver/Src/stm32f1xx_hal_i2c.o
 .debug_line    0x0000c1df      0xdc8 ./Drivers/STM32F1xx_HAL_Driver/Src/stm32f1xx_hal_rcc.o
 .debug_line    0x0000cfa7     0x34e4 ./Drivers/STM32F1xx_HAL_Driver/Src/stm32f1xx_hal_tim.o
 .debug_line    0x0001048b     0x190e ./Drivers/STM32F1xx_HAL_Driver/Src/stm32f1xx_hal_tim_ex.o
 .debug_line    0x00011d99     0x289e ./Drivers/STM32F1xx_HAL_Driver/Src/stm32f1xx_hal_uart.o

.debug_str      0x00000000    0x8d64e
 .debug_str     0x00000000    0x85891 ./Core/Src/GeneralRemoote.o
                              0x85c84 (size before relaxing)
 .debug_str     0x00085891       0xc7 ./Core/Src/IRRemote.o
                              0x85563 (size before relaxing)
 .debug_str     0x00085958      0x24a ./Core/Src/SegmentsDriver.o
                              0x85575 (size before relaxing)
 .debug_str     0x00085ba2      0x326 ./Core/Src/gpio.o
                              0x856cb (size before relaxing)
 .debug_str     0x00085ec8       0xae ./Core/Src/i2c.o
                              0x8587e (size before relaxing)
 .debug_str     0x00085f76     0x3ede ./Core/Src/main.o
                              0x89de2 (size before relaxing)
 .debug_str     0x00089e54       0x5a ./Core/Src/stm32f1xx_hal_msp.o
                              0x8534c (size before relaxing)
 .debug_str     0x00089eae      0x137 ./Core/Src/stm32f1xx_it.o
                              0x858f7 (size before relaxing)
 .debug_str     0x00089fe5      0x4dc ./Core/Src/sysmem.o
                               0x606c (size before relaxing)
 .debug_str     0x0008a4c1       0x7e ./Core/Src/system_stm32f1xx.o
                              0x84ffa (size before relaxing)
 .debug_str     0x0008a53f      0x150 ./Core/Src/tim.o
                              0x85c80 (size before relaxing)
 .debug_str     0x0008a68f       0x51 ./Core/Src/usart.o
                              0x8580c (size before relaxing)
 .debug_str     0x0008a6e0       0x44 ./Core/Startup/startup_stm32f103c8tx.o
                                 0x77 (size before relaxing)
 .debug_str     0x0008a724      0x384 ./Drivers/STM32F1xx_HAL_Driver/Src/stm32f1xx_hal.o
                              0x8572d (size before relaxing)
 .debug_str     0x0008aaa8      0x294 ./Drivers/STM32F1xx_HAL_Driver/Src/stm32f1xx_hal_cortex.o
                              0x85679 (size before relaxing)
 .debug_str     0x0008ad3c      0x2cd ./Drivers/STM32F1xx_HAL_Driver/Src/stm32f1xx_hal_gpio.o
                              0x85380 (size before relaxing)
 .debug_str     0x0008b009      0xbb3 ./Drivers/STM32F1xx_HAL_Driver/Src/stm32f1xx_hal_i2c.o
                              0x860c1 (size before relaxing)
 .debug_str     0x0008bbbc      0x209 ./Drivers/STM32F1xx_HAL_Driver/Src/stm32f1xx_hal_rcc.o
                              0x85429 (size before relaxing)
 .debug_str     0x0008bdc5      0xddb ./Drivers/STM32F1xx_HAL_Driver/Src/stm32f1xx_hal_tim.o
                              0x8642b (size before relaxing)
 .debug_str     0x0008cba0      0x493 ./Drivers/STM32F1xx_HAL_Driver/Src/stm32f1xx_hal_tim_ex.o
                              0x85c37 (size before relaxing)
 .debug_str     0x0008d033      0x61b ./Drivers/STM32F1xx_HAL_Driver/Src/stm32f1xx_hal_uart.o
                              0x85a9a (size before relaxing)

.comment        0x00000000       0x43
 .comment       0x00000000       0x43 ./Core/Src/GeneralRemoote.o
                                 0x44 (size before relaxing)
 .comment       0x00000043       0x44 ./Core/Src/IRRemote.o
 .comment       0x00000043       0x44 ./Core/Src/SegmentsDriver.o
 .comment       0x00000043       0x44 ./Core/Src/gpio.o
 .comment       0x00000043       0x44 ./Core/Src/i2c.o
 .comment       0x00000043       0x44 ./Core/Src/main.o
 .comment       0x00000043       0x44 ./Core/Src/stm32f1xx_hal_msp.o
 .comment       0x00000043       0x44 ./Core/Src/stm32f1xx_it.o
 .comment       0x00000043       0x44 ./Core/Src/sysmem.o
 .comment       0x00000043       0x44 ./Core/Src/system_stm32f1xx.o
 .comment       0x00000043       0x44 ./Core/Src/tim.o
 .comment       0x00000043       0x44 ./Core/Src/usart.o
 .comment       0x00000043       0x44 ./Drivers/STM32F1xx_HAL_Driver/Src/stm32f1xx_hal.o
 .comment       0x00000043       0x44 ./Drivers/STM32F1xx_HAL_Driver/Src/stm32f1xx_hal_cortex.o
 .comment       0x00000043       0x44 ./Drivers/STM32F1xx_HAL_Driver/Src/stm32f1xx_hal_gpio.o
 .comment       0x00000043       0x44 ./Drivers/STM32F1xx_HAL_Driver/Src/stm32f1xx_hal_i2c.o
 .comment       0x00000043       0x44 ./Drivers/STM32F1xx_HAL_Driver/Src/stm32f1xx_hal_rcc.o
 .comment       0x00000043       0x44 ./Drivers/STM32F1xx_HAL_Driver/Src/stm32f1xx_hal_tim.o
 .comment       0x00000043       0x44 ./Drivers/STM32F1xx_HAL_Driver/Src/stm32f1xx_hal_tim_ex.o
 .comment       0x00000043       0x44 ./Drivers/STM32F1xx_HAL_Driver/Src/stm32f1xx_hal_uart.o

.debug_frame    0x00000000     0x45bc
 .debug_frame   0x00000000       0x84 ./Core/Src/GeneralRemoote.o
 .debug_frame   0x00000084       0x9c ./Core/Src/IRRemote.o
 .debug_frame   0x00000120       0x7c ./Core/Src/SegmentsDriver.o
 .debug_frame   0x0000019c       0x34 ./Core/Src/gpio.o
 .debug_frame   0x000001d0       0x74 ./Core/Src/i2c.o
 .debug_frame   0x00000244      0x208 ./Core/Src/main.o
 .debug_frame   0x0000044c       0x38 ./Core/Src/stm32f1xx_hal_msp.o
 .debug_frame   0x00000484      0x174 ./Core/Src/stm32f1xx_it.o
 .debug_frame   0x000005f8       0x34 ./Core/Src/sysmem.o
 .debug_frame   0x0000062c       0x58 ./Core/Src/system_stm32f1xx.o
 .debug_frame   0x00000684       0xa0 ./Core/Src/tim.o
 .debug_frame   0x00000724       0x74 ./Core/Src/usart.o
 .debug_frame   0x00000798      0x334 ./Drivers/STM32F1xx_HAL_Driver/Src/stm32f1xx_hal.o
 .debug_frame   0x00000acc      0x428 ./Drivers/STM32F1xx_HAL_Driver/Src/stm32f1xx_hal_cortex.o
 .debug_frame   0x00000ef4      0x14c ./Drivers/STM32F1xx_HAL_Driver/Src/stm32f1xx_hal_gpio.o
 .debug_frame   0x00001040      0xc84 ./Drivers/STM32F1xx_HAL_Driver/Src/stm32f1xx_hal_i2c.o
 .debug_frame   0x00001cc4      0x218 ./Drivers/STM32F1xx_HAL_Driver/Src/stm32f1xx_hal_rcc.o
 .debug_frame   0x00001edc     0x11b8 ./Drivers/STM32F1xx_HAL_Driver/Src/stm32f1xx_hal_tim.o
 .debug_frame   0x00003094      0x638 ./Drivers/STM32F1xx_HAL_Driver/Src/stm32f1xx_hal_tim_ex.o
 .debug_frame   0x000036cc      0x944 ./Drivers/STM32F1xx_HAL_Driver/Src/stm32f1xx_hal_uart.o
 .debug_frame   0x00004010      0x144 C:/ST/STM32CubeIDE_1.17.0/STM32CubeIDE/plugins/com.st.stm32cube.ide.mcu.externaltools.gnu-tools-for-stm32.12.3.rel1.win32_1.1.0.202410251130/tools/bin/../lib/gcc/arm-none-eabi/12.3.1/../../../../arm-none-eabi/lib/thumb/v7-m/nofp\libc_nano.a(libc_a-findfp.o)
 .debug_frame   0x00004154       0x6c C:/ST/STM32CubeIDE_1.17.0/STM32CubeIDE/plugins/com.st.stm32cube.ide.mcu.externaltools.gnu-tools-for-stm32.12.3.rel1.win32_1.1.0.202410251130/tools/bin/../lib/gcc/arm-none-eabi/12.3.1/../../../../arm-none-eabi/lib/thumb/v7-m/nofp\libc_nano.a(libc_a-sprintf.o)
 .debug_frame   0x000041c0       0x20 C:/ST/STM32CubeIDE_1.17.0/STM32CubeIDE/plugins/com.st.stm32cube.ide.mcu.externaltools.gnu-tools-for-stm32.12.3.rel1.win32_1.1.0.202410251130/tools/bin/../lib/gcc/arm-none-eabi/12.3.1/../../../../arm-none-eabi/lib/thumb/v7-m/nofp\libc_nano.a(libc_a-memset.o)
 .debug_frame   0x000041e0       0x38 C:/ST/STM32CubeIDE_1.17.0/STM32CubeIDE/plugins/com.st.stm32cube.ide.mcu.externaltools.gnu-tools-for-stm32.12.3.rel1.win32_1.1.0.202410251130/tools/bin/../lib/gcc/arm-none-eabi/12.3.1/../../../../arm-none-eabi/lib/thumb/v7-m/nofp\libc_nano.a(libc_a-reent.o)
 .debug_frame   0x00004218       0x20 C:/ST/STM32CubeIDE_1.17.0/STM32CubeIDE/plugins/com.st.stm32cube.ide.mcu.externaltools.gnu-tools-for-stm32.12.3.rel1.win32_1.1.0.202410251130/tools/bin/../lib/gcc/arm-none-eabi/12.3.1/../../../../arm-none-eabi/lib/thumb/v7-m/nofp\libc_nano.a(libc_a-errno.o)
 .debug_frame   0x00004238       0x2c C:/ST/STM32CubeIDE_1.17.0/STM32CubeIDE/plugins/com.st.stm32cube.ide.mcu.externaltools.gnu-tools-for-stm32.12.3.rel1.win32_1.1.0.202410251130/tools/bin/../lib/gcc/arm-none-eabi/12.3.1/../../../../arm-none-eabi/lib/thumb/v7-m/nofp\libc_nano.a(libc_a-init.o)
 .debug_frame   0x00004264       0xb0 C:/ST/STM32CubeIDE_1.17.0/STM32CubeIDE/plugins/com.st.stm32cube.ide.mcu.externaltools.gnu-tools-for-stm32.12.3.rel1.win32_1.1.0.202410251130/tools/bin/../lib/gcc/arm-none-eabi/12.3.1/../../../../arm-none-eabi/lib/thumb/v7-m/nofp\libc_nano.a(libc_a-lock.o)
 .debug_frame   0x00004314       0x38 C:/ST/STM32CubeIDE_1.17.0/STM32CubeIDE/plugins/com.st.stm32cube.ide.mcu.externaltools.gnu-tools-for-stm32.12.3.rel1.win32_1.1.0.202410251130/tools/bin/../lib/gcc/arm-none-eabi/12.3.1/../../../../arm-none-eabi/lib/thumb/v7-m/nofp\libc_nano.a(libc_a-freer.o)
 .debug_frame   0x0000434c       0x50 C:/ST/STM32CubeIDE_1.17.0/STM32CubeIDE/plugins/com.st.stm32cube.ide.mcu.externaltools.gnu-tools-for-stm32.12.3.rel1.win32_1.1.0.202410251130/tools/bin/../lib/gcc/arm-none-eabi/12.3.1/../../../../arm-none-eabi/lib/thumb/v7-m/nofp\libc_nano.a(libc_a-mallocr.o)
 .debug_frame   0x0000439c       0x30 C:/ST/STM32CubeIDE_1.17.0/STM32CubeIDE/plugins/com.st.stm32cube.ide.mcu.externaltools.gnu-tools-for-stm32.12.3.rel1.win32_1.1.0.202410251130/tools/bin/../lib/gcc/arm-none-eabi/12.3.1/../../../../arm-none-eabi/lib/thumb/v7-m/nofp\libc_nano.a(libc_a-mlock.o)
 .debug_frame   0x000043cc       0x90 C:/ST/STM32CubeIDE_1.17.0/STM32CubeIDE/plugins/com.st.stm32cube.ide.mcu.externaltools.gnu-tools-for-stm32.12.3.rel1.win32_1.1.0.202410251130/tools/bin/../lib/gcc/arm-none-eabi/12.3.1/../../../../arm-none-eabi/lib/thumb/v7-m/nofp\libc_nano.a(libc_a-nano-svfprintf.o)
 .debug_frame   0x0000445c       0x60 C:/ST/STM32CubeIDE_1.17.0/STM32CubeIDE/plugins/com.st.stm32cube.ide.mcu.externaltools.gnu-tools-for-stm32.12.3.rel1.win32_1.1.0.202410251130/tools/bin/../lib/gcc/arm-none-eabi/12.3.1/../../../../arm-none-eabi/lib/thumb/v7-m/nofp\libc_nano.a(libc_a-nano-vfprintf_i.o)
 .debug_frame   0x000044bc       0x28 C:/ST/STM32CubeIDE_1.17.0/STM32CubeIDE/plugins/com.st.stm32cube.ide.mcu.externaltools.gnu-tools-for-stm32.12.3.rel1.win32_1.1.0.202410251130/tools/bin/../lib/gcc/arm-none-eabi/12.3.1/../../../../arm-none-eabi/lib/thumb/v7-m/nofp\libc_nano.a(libc_a-memmove.o)
 .debug_frame   0x000044e4       0x2c C:/ST/STM32CubeIDE_1.17.0/STM32CubeIDE/plugins/com.st.stm32cube.ide.mcu.externaltools.gnu-tools-for-stm32.12.3.rel1.win32_1.1.0.202410251130/tools/bin/../lib/gcc/arm-none-eabi/12.3.1/../../../../arm-none-eabi/lib/thumb/v7-m/nofp\libc_nano.a(libc_a-sbrkr.o)
 .debug_frame   0x00004510       0x28 C:/ST/STM32CubeIDE_1.17.0/STM32CubeIDE/plugins/com.st.stm32cube.ide.mcu.externaltools.gnu-tools-for-stm32.12.3.rel1.win32_1.1.0.202410251130/tools/bin/../lib/gcc/arm-none-eabi/12.3.1/../../../../arm-none-eabi/lib/thumb/v7-m/nofp\libc_nano.a(libc_a-memchr-stub.o)
 .debug_frame   0x00004538       0x28 C:/ST/STM32CubeIDE_1.17.0/STM32CubeIDE/plugins/com.st.stm32cube.ide.mcu.externaltools.gnu-tools-for-stm32.12.3.rel1.win32_1.1.0.202410251130/tools/bin/../lib/gcc/arm-none-eabi/12.3.1/../../../../arm-none-eabi/lib/thumb/v7-m/nofp\libc_nano.a(libc_a-memcpy-stub.o)
 .debug_frame   0x00004560       0x3c C:/ST/STM32CubeIDE_1.17.0/STM32CubeIDE/plugins/com.st.stm32cube.ide.mcu.externaltools.gnu-tools-for-stm32.12.3.rel1.win32_1.1.0.202410251130/tools/bin/../lib/gcc/arm-none-eabi/12.3.1/../../../../arm-none-eabi/lib/thumb/v7-m/nofp\libc_nano.a(libc_a-reallocr.o)
 .debug_frame   0x0000459c       0x20 C:/ST/STM32CubeIDE_1.17.0/STM32CubeIDE/plugins/com.st.stm32cube.ide.mcu.externaltools.gnu-tools-for-stm32.12.3.rel1.win32_1.1.0.202410251130/tools/bin/../lib/gcc/arm-none-eabi/12.3.1/../../../../arm-none-eabi/lib/thumb/v7-m/nofp\libc_nano.a(libc_a-msizer.o)

.debug_line_str
                0x00000000       0x5b
 .debug_line_str
                0x00000000       0x5b ./Core/Startup/startup_stm32f103c8tx.o
